12-12 17:08:29.652 I/NetworkSpeedView( 1400): /update(), speed=141
12-12 17:08:29.652 I/NetworkSpeedView( 1400): B/s parent class:class com.android.systemui.statusbar.HwSystemIcons
12-12 17:08:30.229 I/aptouch_daemon(  529): filter_touch_detect, down, in: 1, out: 1
12-12 17:08:30.234 D/libfingersense_wrapper( 1110): Calling fingersense_classify_touch()
12-12 17:08:30.238 D/libfingersense_wrapper( 1110): fingersense_classify_touch() finished
12-12 17:08:30.257 E/WifiHAL (  521): enter wifi_get_link_stats
12-12 17:08:30.270 E/WificondControl( 1110): Noise: -94, Snr: 0, Chload: -1
12-12 17:08:30.270 D/HwWifiCHRStateManager( 1110): handleMessage : 1001
12-12 17:08:30.270 D/HwWifiCHRStateManager( 1110): handleUpdateChannel:2412
12-12 17:08:30.271 V/HwWifiServiceFactory( 1110): get AllImpl object = com.android.server.wifi.HwWifiServiceFactoryImpl@eb658ba
12-12 17:08:30.271 D/HwCustWifiStateMachineReferenceImpl( 1110): checkRssiOverThreshold newRssi = -41
12-12 17:08:30.271 D/WifiScoreReport( 1110): Score = 100, wifiConnectivityManagerEnabled = false, lowScoreCount = 0
12-12 17:08:30.285 I/aptouch_daemon(  529): filter_touch_detect, all_touch_up
12-12 17:08:30.285 D/libfingersense_wrapper( 1110): Calling fingersense_touch_up()
12-12 17:08:30.285 D/libfingersense_wrapper( 1110): fingersense_touch_up() finished
12-12 17:08:30.286 V/AudioManager( 1866): playSoundEffect   effectType: 0
12-12 17:08:30.290 I/ActivityManager( 1110): START u0 {act=android.intent.action.MAIN cat=[android.intent.category.LAUNCHER] flg=0x10200000 cmp=com.fy.customview/.MainActivity bnds=[12,654][276,939]} from uid 10049
12-12 17:08:30.290 I/ActivityManager( 1110): ActivityRecord info: ActivityInfo{e37add0 com.fy.customview.activity.MainActivity}
12-12 17:08:30.293 V/WindowManager( 1110): addAppToken: AppWindowToken{110b9a1 token=Token{5d0ae08 ActivityRecord{b55a7ab u0 com.fy.customview/.MainActivity t8052}}} controller={TaskWindowContainerController taskId=8052} at 2147483647
12-12 17:08:30.295 I/ash     ( 1830): front pkg : com.fy.customview launcher: false
12-12 17:08:30.295 I/ash     ( 1830): above launcher front pkgs: [com.fy.customview]
12-12 17:08:30.299 D/HwCust  ( 1110): Create obj success use class android.app.HwCustHwWallpaperManagerImpl
12-12 17:08:30.300 D/MotionDetectionManager( 1866): stopMotionAppsReco motionApps: 403
12-12 17:08:30.300 D/MotionDetectionManager( 1866): stopMotionAppsReco not recognition motionApps 403
12-12 17:08:30.300 W/HwLauncher( 1866): Launcher.MotionManager stopMotionAppsReco service flg 403 is unavailable
12-12 17:08:30.302 W/AwareLog( 1110): mtm.AwareAppDefaultFreeze: read uid 0 of 26481 is not match
12-12 17:08:30.303 I/PGServer( 1830): android calls fast hibernateApps
12-12 17:08:30.303 I/AppFastHibernation( 1830): fast hibernate duration: 1500 reason: start activity
12-12 17:08:30.303 I/Pged-IPgedBinderService(  742): ****action is 1, pid num is 5***
12-12 17:08:30.303 I/Pged-Freezer(  742): freezePids
12-12 17:08:30.303 I/Pged-Freezer(  742): Freeze process: 6068
12-12 17:08:30.304 I/Pged-Freezer(  742): Freeze process: 25784
12-12 17:08:30.304 W/VRSystemServiceManager( 1110): vr service is not alive
12-12 17:08:30.304 I/Pged-Freezer(  742): Freeze process: 25727
12-12 17:08:30.304 I/Pged-Freezer(  742): Freeze process: 26157
12-12 17:08:30.305 D/PgedBinderAdapter( 1830): frz ok, pid: [6068, 25784, 25727, 26157]
12-12 17:08:30.305 V/WindowManager( 1110): Adding Window{392ec7f u0 Splash Screen com.fy.customview} to AppWindowToken{110b9a1 token=Token{5d0ae08 ActivityRecord{b55a7ab u0 com.fy.customview/.MainActivity t8052}}}
12-12 17:08:30.305 V/WindowManager( 1110): addWindow: New client android.view.ViewRootImpl$W@e4e899e: window=Window{392ec7f u0 Splash Screen com.fy.customview} Callers=com.android.server.wm.HwWindowManagerService.addWindow:585 com.android.server.wm.Session.addToDisplay:199 android.view.ViewRootImpl.setView:845 android.view.WindowManagerGlobal.addView:372 android.view.WindowManagerImpl.addView:128 
12-12 17:08:30.314 I/PressGestureDetector( 1110): onAttached begin
12-12 17:08:30.316 I/PressGestureDetector( 1110): onAttached end
12-12 17:08:30.316 E/View    ( 1110): focusableViewAvailable: current thread is android.anim, return!
12-12 17:08:30.316 E/View    ( 1110): focusableViewAvailable: current thread is android.anim, return!
12-12 17:08:30.317 I/PressGestureDetector( 1110): enabledInPad = false,isPcCastMode = false
12-12 17:08:30.321 E/SELinux (  434): avc:  denied  { find } for interface=vendor.huawei.hardware.hwsched::ISched pid=525 scontext=u:r:surfaceflinger:s0 tcontext=u:object_r:default_android_hwservice:s0 tclass=hwservice_manager
12-12 17:08:30.321 E/BufferQueueProducer(  525): [] Can not get hwsched service
12-12 17:08:30.322 W/WindowManager( 1110): EGLdebug Created surface WindowStateAnimator{2d7944c Splash Screen com.fy.customview}
12-12 17:08:30.326 V/ActivityManager( 1110): startProcess: name=com.fy.customview app=null knownToBeDead=true thread=null pid=-1
12-12 17:08:30.331 I/GRALLOC (  493): 	 shrFd=10,fmt=0x1,intFmt=0x1,btStrd=4352,size=8355840,pid=493 
12-12 17:08:30.331 I/GRALLOC (  493): 	 yuv=2,w=1080,h=1920,Stride u=0 v=0,offset u=0 v=0 
12-12 17:08:30.331 I/GRALLOC (  493): 	 iova_size=8355840,conUsg=0x906,proUsg=0x966,	 strd=1088,[afbc]HdrStrd=0 PyldStrd=0 Scrmbl=0,ionhnd = 1 
12-12 17:08:30.337 I/        ( 6478): power log dlsym ok
12-12 17:08:30.338 I/ActivityManager( 1110): Start proc 6478:com.fy.customview/u0a103 for activity com.fy.customview/.MainActivity
12-12 17:08:30.339 W/        (  742): iawared check failed: pid = 26481  uid=99018
12-12 17:08:30.339 V/WindowManager( 1110): No longer Stopped: AppWindowToken{110b9a1 token=Token{5d0ae08 ActivityRecord{b55a7ab u0 com.fy.customview/.MainActivity t8052}}}
12-12 17:08:30.339 V/ActivityManager( 1110): startProcess: name=com.fy.customview app=ProcessRecord{3c17c95 6478:com.fy.customview/u0a103} knownToBeDead=true thread=null pid=6478
12-12 17:08:30.341 I/zygote64( 6478): Late-enabling -Xcheck:jni
12-12 17:08:30.342 D/WindowManager( 1110): finishDrawingWindow: Window{392ec7f u0 Splash Screen com.fy.customview} mDrawState=DRAW_PENDING
12-12 17:08:30.361 I/zygote64( 6478): Reinit property: dalvik.vm.checkjni= false
12-12 17:08:30.372 D/ActivityThread( 6478): ActivityThread,attachApplication
12-12 17:08:30.373 D/ActivityManager( 1110): ActivityManagerService,attachApplication,callingPid = 6478
12-12 17:08:30.375 V/WindowManager( 1110): No longer Stopped: AppWindowToken{110b9a1 token=Token{5d0ae08 ActivityRecord{b55a7ab u0 com.fy.customview/.MainActivity t8052}}}
12-12 17:08:30.375 I/WindowManager( 1110): rotationForOrientationLw(orient=-1, last=0); user=0 USER_ROTATION_LOCKED
12-12 17:08:30.375 D/HwPhoneWindowManager( 1110): face_rotation: not enabled,use sensor real
12-12 17:08:30.375 D/HwPhoneWindowManager( 1110): face_rotation:real sensor rotation = -1
12-12 17:08:30.375 D/HwPhoneWindowManager( 1110): face_rotation: rotation = 0
12-12 17:08:30.375 I/WindowManager( 1110): Selected orientation -1, got rotation 0 which has compatible metrics
12-12 17:08:30.380 W/HwActivityManagerServiceEx( 1110): appSwitch from: com.huawei.android.launcher to: com.fy.customview
12-12 17:08:30.380 W/HwActivityManagerServiceEx( 1110): HwActivityNotifier end call android.app.IHwActivityNotifier$Stub$Proxy@b3a05cb for appSwitch under user 0 cost 0
12-12 17:08:30.381 D/ScenarioService( 1830): front pkg : com.fy.customview launcher: false
12-12 17:08:30.381 D/ScenarioService( 1830): new above launcher front pkgs: [com.fy.customview]
12-12 17:08:30.382 I/AppsUsage( 1830): scnOff:false FgAPP:com.fy.customview BgAPP:com.huawei.android.launcher
12-12 17:08:30.384 V/WindowManager( 1110): Checking 1 opening apps (frozen=false timeout=false)...
12-12 17:08:30.384 V/WindowManager( 1110): Check opening app=AppWindowToken{110b9a1 token=Token{5d0ae08 ActivityRecord{b55a7ab u0 com.fy.customview/.MainActivity t8052}}}: allDrawn=false startingDisplayed=true startingMoved=false isRelaunching()=false
12-12 17:08:30.387 D/EmcomManagerService( 1110): forePackage name is com.fy.customview
12-12 17:08:30.387 D/HicomPolicyManager( 1110): foreAppInfo = nullpkgName = com.fy.customview uid= 10103
12-12 17:08:30.387 E/HicomPolicyManager( 1110): udp acc is not start yet!
12-12 17:08:30.387 D/HicomPolicyManager( 1110): speed control is not start
12-12 17:08:30.387 E/HicomPolicyManager( 1110): Network Evaluation is not start yet!
12-12 17:08:30.387 E/HicomPolicyManager( 1110): foreground app info is null
12-12 17:08:30.387 D/[HwRecSys]HwRecSysService( 2322): onEvent actionID: 10000 msg:com.fy.customview		
12-12 17:08:30.387 E/[HwRecSys]HwRecSysService( 2322): getIsRportDirectService is false!
12-12 17:08:30.387 D/HwQoEUtils( 1110): mForegroundAppPackageName: com.fy.customview ,score: 0
12-12 17:08:30.387 D/HwQoEUtils( 1110): APP type: -1 appName= com.fy.customview
12-12 17:08:30.387 D/HwQoEUtils( 1110): no game, APP_TYPE_GAME, appName =com.fy.customview
12-12 17:08:30.388 I/PGServer( 1830): report state:10010 event type:2 pid:0 uid:0 pkg:com.huawei.android.launcher to pid: 1830
12-12 17:08:30.388 I/SceneReceiver( 1830): state type: 10010 eventType:2 pid:0 uid:0 pkg:com.huawei.android.launcher
12-12 17:08:30.388 I/PGServer( 1830): report state:10010 event type:2 pid:0 uid:0 pkg:com.huawei.android.launcher to pid: 1110
12-12 17:08:30.388 I/PGServer( 1830): report state:10000 event type:1 pid:0 uid:0 pkg:com.fy.customview to pid: 1830
12-12 17:08:30.388 I/SceneReceiver( 1830): state type: 10000 eventType:1 pid:0 uid:0 pkg:com.fy.customview
12-12 17:08:30.388 I/PGServer( 1830): report state:10000 event type:1 pid:0 uid:0 pkg:com.fy.customview to pid: 1110
12-12 17:08:30.388 D/HwThermalStateManager( 1830): current foreapp pkg : com.fy.customview
12-12 17:08:30.388 D/HwGameAssistantController( 1110): pid=6478, uid=10103, foreground=true
12-12 17:08:30.388 I/PGServer( 1830): checkPkgType. calling pkg: android
12-12 17:08:30.390 I/HwNetworkPolicy( 1110): onTransact, code = 203
12-12 17:08:30.390 I/HwNetworkPolicyManager( 1763): getHwUidPolicy uid = 10103 policy = 0
12-12 17:08:30.389 I/PGServer( 1830): checkPkgType. calling pkg: android
12-12 17:08:30.391 W/AwareLog( 1110): SchedLevelBoost: onFgActivitiesChanged config not set!
12-12 17:08:30.391 D/BarTransitions.HwNavigationBarView( 1400): MODE_TRANSLUCENT -> MODE_TRANSPARENT animate=false
12-12 17:08:30.391 D/BarTransitions.HwNavigationBarView( 1400): applyModeBackground oldMode=MODE_TRANSLUCENT newMode=MODE_TRANSPARENT animate=false
12-12 17:08:30.394 W//system/bin/hwservicemanager(  434): Cannot open /odm/manifest.xml
12-12 17:08:30.394 I/HwAudioService( 1110): now type = -1,reportForegroundAppType = -1,systemload = -1
12-12 17:08:30.395 W/libc    ( 1830): Set property "sys.aps.gameProcessName" to ""
12-12 17:08:30.395 W/libc    ( 1830): Set property "sys.aps.browserProcessName" to ""
12-12 17:08:30.397 W/libEGL  ( 1866): EGLNativeWindowType 0x7a356ff010 disconnect failed
12-12 17:08:30.404 W//system/bin/hwservicemanager(  434): Cannot open /odm/manifest.xml
12-12 17:08:30.404 I/TrafficMonitor( 1110): update:rxPkts:0,txPkts:0,rxBytes:0,txBytes:0
12-12 17:08:30.404 I/TrafficMonitor( 1110): start expired. level:-1
12-12 17:08:30.404 I/TrafficMonitor( 1110): gettimer:interval=2000
12-12 17:08:30.405 I/GRALLOC (  493): 	 shrFd=10,fmt=0x1,intFmt=0x1,btStrd=256,size=4096,pid=493 
12-12 17:08:30.405 I/GRALLOC (  493): 	 yuv=2,w=16,h=16,Stride u=0 v=0,offset u=0 v=0 
12-12 17:08:30.405 I/GRALLOC (  493): 	 iova_size=4096,conUsg=0x100,proUsg=0x100,	 strd=64,[afbc]HdrStrd=0 PyldStrd=0 Scrmbl=0,ionhnd = 1 
12-12 17:08:30.427 I/HwApiCacheMangerEx( 6478): apicache mCurPackageName=com.fy.customview uptimes=126026946
12-12 17:08:30.428 D/HwFLClassLoader( 6478): get used feature list :/feature/used-list failed!
12-12 17:08:30.428 D/HwFLClassLoader( 6478): USE_FEATURE_LIST had not init! 
12-12 17:08:30.428 I/HwApiCacheMangerEx( 6478): apicache oUid null
12-12 17:08:30.429 I/HwApiCacheMangerEx( 6478): apicache volumes null
12-12 17:08:30.431 I/HwApiCacheMangerEx( 6478): apicache path=/storage/emulated/0 state=mounted key=com.fy.customview#10103#256
12-12 17:08:30.432 I/HwApiCacheMangerEx( 6478): apicache oUid 10103
12-12 17:08:30.432 I/HwApiCacheMangerEx( 6478): apicache volumes null
12-12 17:08:30.432 I/HwApiCacheMangerEx( 6478): apicache path=/storage/emulated/0 state=mounted key=com.fy.customview#10103#0
12-12 17:08:30.432 I/HwApiCacheMangerEx( 6478): apicache async read begin packageName=com.fy.customview userid=0
12-12 17:08:30.433 I/HwApiCacheMangerEx( 6478): apicache pi null
12-12 17:08:30.433 I/chatty  ( 6478): uid=10103(u0_a103) queued-work-loo identical 1 line
12-12 17:08:30.434 I/HwApiCacheMangerEx( 6478): apicache pi null
12-12 17:08:30.434 I/HwApiCacheMangerEx( 6478): apicache oUid null
12-12 17:08:30.435 I/HwApiCacheMangerEx( 6478): apicache async read finished packageName=com.fy.customview userid=0 totalus=2282
12-12 17:08:30.440 D/HwRecentsLockUtils( 1400): Search
12-12 17:08:30.440 E/HsmCoreServiceImpl( 1822): onTransact in code is: 103
12-12 17:08:30.440 I/MediaProcessHandler( 1822): playingUids: 
12-12 17:08:30.440 D/ActivityManager( 1110): Skipping, home or recents stack task: TaskRecord{87ab713 #1 A=com.huawei.android.launcher U=0 StackId=0 sz=1}
12-12 17:08:30.440 D/ActivityManager( 1110): Skipping intent:flg=0x10800000 cmp=com.android.systemui/.usb.HwUsbDebuggingActivity
12-12 17:08:30.440 D/ActivityManager( 1110): Skipping intent:flg=0x10840000 hwFlg=0x100 cmp=com.android.deskclock/.alarmclock.LockAlarmFullActivity
12-12 17:08:30.440 D/ActivityManager( 1110): Skipping intent:flg=0x10804000 cmp=com.android.systemui/.recents.RecentsActivity bnds=[48,1193][1032,2433]
12-12 17:08:30.440 D/ActivityManager( 1110): Skipping intent:act=com.huawei.action.VOICE_ASSISTANT flg=0x10800000 cmp=com.huawei.vassistant/.ui.main.VAssistantActivity
12-12 17:08:30.489 W/Watchdog( 1110): hungtask: writing kick
12-12 17:08:30.490 I/EventHub( 1110): EventHub monitor: no key events in the past 369s, 
12-12 17:08:30.504 I/HwApiCacheMangerEx( 6478): apicache pi null
12-12 17:08:30.508 I/InstantRun( 6478): starting instant run server: is main process
12-12 17:08:30.511 E/MemoryLeakMonitorManager( 6478): MemoryLeakMonitor.jar is not exist!
12-12 17:08:30.512 E/Minikin ( 6478): Could not get cmap table size!
12-12 17:08:30.524 I/zygote64( 6478): Do partial code cache collection, code=30KB, data=20KB
12-12 17:08:30.525 I/zygote64( 6478): After code cache collection, code=30KB, data=20KB
12-12 17:08:30.525 I/zygote64( 6478): Increasing code cache capacity to 128KB
12-12 17:08:30.541 I/HwCust  ( 6478): Constructor found for class android.app.HwCustActivityImpl
12-12 17:08:30.541 D/HwCust  ( 6478): Create obj success use class android.app.HwCustActivityImpl
12-12 17:08:30.567 V/HwPolicyFactory( 6478): : success to get AllImpl object and return....
12-12 17:08:30.569 I/HwCust  ( 6478): Constructor found for class android.app.HwCustHwWallpaperManagerImpl
12-12 17:08:30.569 D/HwCust  ( 6478): Create obj success use class android.app.HwCustHwWallpaperManagerImpl
12-12 17:08:30.573 V/HwWidgetFactory( 6478): : successes to get AllImpl object and return....
12-12 17:08:30.575 V/ActivityThread( 6478): ActivityThread,callActivityOnCreate
12-12 17:08:30.593 D/HwNetworkManagementService( 1110): code == CODE_GET_AD_KEY_LIST
12-12 17:08:30.593 D/HwNetworkManagementService( 1110): appName = com.fy.customview  is not in the mAdViewMap! reply none
12-12 17:08:30.593 D/HwNetworkManagementService( 1110): appName = com.fy.customview  is not in the mAdIdMap! reply none
12-12 17:08:30.608 D/CubicBezierInterpolator( 6478): CubicBezierInterpolator  mControlPoint1x = 0.23, mControlPoint1y = 0.06, mControlPoint2x = 0.09, mControlPoint2y = 0.97
12-12 17:08:30.608 D/CubicBezierInterpolator( 6478): CubicBezierInterpolator  mControlPoint1x = 0.6, mControlPoint1y = 0.9, mControlPoint2x = 0.8, mControlPoint2y = 1.0
12-12 17:08:30.609 D/CubicBezierInterpolator( 6478): CubicBezierInterpolator  mControlPoint1x = 0.23, mControlPoint1y = 0.06, mControlPoint2x = 0.09, mControlPoint2y = 0.97
12-12 17:08:30.609 D/CubicBezierInterpolator( 6478): CubicBezierInterpolator  mControlPoint1x = 0.6, mControlPoint1y = 0.9, mControlPoint2x = 0.8, mControlPoint2y = 1.0
12-12 17:08:30.614 I/zygote64( 6478): Rejecting re-init on previously-failed class java.lang.Class<androidx.core.view.ViewCompat$2>: java.lang.NoClassDefFoundError: Failed resolution of: Landroid/view/View$OnUnhandledKeyEventListener;
12-12 17:08:30.614 I/zygote64( 6478):   at void androidx.core.view.ViewCompat.setBackground(android.view.View, android.graphics.drawable.Drawable) (ViewCompat.java:2559)
12-12 17:08:30.614 I/zygote64( 6478):   at void androidx.appcompat.widget.ActionBarContainer.<init>(android.content.Context, android.util.AttributeSet) (ActionBarContainer.java:63)
12-12 17:08:30.614 I/zygote64( 6478):   at java.lang.Object java.lang.reflect.Constructor.newInstance0(java.lang.Object[]) (Constructor.java:-2)
12-12 17:08:30.614 I/zygote64( 6478):   at java.lang.Object java.lang.reflect.Constructor.newInstance(java.lang.Object[]) (Constructor.java:334)
12-12 17:08:30.614 I/zygote64( 6478):   at android.view.View android.view.LayoutInflater.createView(java.lang.String, java.lang.String, android.util.AttributeSet) (LayoutInflater.java:658)
12-12 17:08:30.614 I/zygote64( 6478):   at android.view.View android.view.LayoutInflater.createViewFromTag(android.view.View, java.lang.String, android.content.Context, android.util.AttributeSet, boolean) (LayoutInflater.java:801)
12-12 17:08:30.614 I/zygote64( 6478):   at android.view.View android.view.LayoutInflater.createViewFromTag(android.view.View, java.lang.String, android.content.Context, android.util.AttributeSet) (LayoutInflater.java:741)
12-12 17:08:30.614 I/zygote64( 6478):   at void android.view.LayoutInflater.rInflate(org.xmlpull.v1.XmlPullParser, android.view.View, android.content.Context, android.util.AttributeSet, boolean) (LayoutInflater.java:874)
12-12 17:08:30.614 I/zygote64( 6478):   at void android.view.LayoutInflater.rInflateChildren(org.xmlpull.v1.XmlPullParser, android.view.View, android.util.AttributeSet, boolean) (LayoutInflater.java:835)
12-12 17:08:30.615 I/zygote64( 6478):   at android.view.View android.view.LayoutInflater.inflate(org.xmlpull.v1.XmlPullParser, android.view.ViewGroup, boolean) (LayoutInflater.java:515)
12-12 17:08:30.615 I/zygote64( 6478):   at android.view.View android.view.LayoutInflater.inflate(int, android.view.ViewGroup, boolean) (LayoutInflater.java:423)
12-12 17:08:30.615 I/zygote64( 6478):   at android.view.View android.view.LayoutInflater.inflate(int, android.view.ViewGroup) (LayoutInflater.java:374)
12-12 17:08:30.615 I/zygote64( 6478):   at android.view.ViewGroup androidx.appcompat.app.AppCompatDelegateImpl.createSubDecor() (AppCompatDelegateImpl.java:749)
12-12 17:08:30.615 I/zygote64( 6478):   at void androidx.appcompat.app.AppCompatDelegateImpl.ensureSubDecor() (AppCompatDelegateImpl.java:659)
12-12 17:08:30.615 I/zygote64( 6478):   at void androidx.appcompat.app.AppCompatDelegateImpl.setContentView(int) (AppCompatDelegateImpl.java:552)
12-12 17:08:30.615 I/zygote64( 6478):   at void androidx.appcompat.app.AppCompatActivity.setContentView(int) (AppCompatActivity.java:161)
12-12 17:08:30.615 I/zygote64( 6478):   at void com.fy.customview.activity.MainActivity.onCreate(android.os.Bundle) (MainActivity.java:28)
12-12 17:08:30.615 I/zygote64( 6478):   at void android.app.Activity.performCreate(android.os.Bundle) (Activity.java:7383)
12-12 17:08:30.615 I/zygote64( 6478):   at void android.app.Instrumentation.callActivityOnCreate(android.app.Activity, android.os.Bundle) (Instrumentation.java:1218)
12-12 17:08:30.615 I/zygote64( 6478):   at android.app.Activity android.app.ActivityThread.performLaunchActivity(android.app.ActivityThread$ActivityClientRecord, android.content.Intent) (ActivityThread.java:3256)
12-12 17:08:30.615 I/zygote64( 6478):   at void android.app.ActivityThread.handleLaunchActivity(android.app.ActivityThread$ActivityClientRecord, android.content.Intent, java.lang.String) (ActivityThread.java:3411)
12-12 17:08:30.615 I/zygote64( 6478):   at void android.app.ActivityThread.-wrap12(android.app.ActivityThread, android.app.ActivityThread$ActivityClientRecord, android.content.Intent, java.lang.String) (ActivityThread.java:-1)
12-12 17:08:30.615 I/zygote64( 6478):   at void android.app.ActivityThread$H.handleMessage(android.os.Message) (ActivityThread.java:1994)
12-12 17:08:30.615 I/zygote64( 6478):   at void android.os.Handler.dispatchMessage(android.os.Message) (Handler.java:108)
12-12 17:08:30.615 I/zygote64( 6478):   at void android.os.Looper.loop() (Looper.java:166)
12-12 17:08:30.615 I/zygote64( 6478):   at void android.app.ActivityThread.main(java.lang.String[]) (ActivityThread.java:7529)
12-12 17:08:30.615 I/zygote64( 6478):   at java.lang.Object java.lang.reflect.Method.invoke(java.lang.Object, java.lang.Object[]) (Method.java:-2)
12-12 17:08:30.615 I/zygote64( 6478):   at void com.android.internal.os.Zygote$MethodAndArgsCaller.run() (Zygote.java:245)
12-12 17:08:30.615 I/zygote64( 6478):   at void com.android.internal.os.ZygoteInit.main(java.lang.String[]) (ZygoteInit.java:921)
12-12 17:08:30.615 I/zygote64( 6478): Caused by: java.lang.ClassNotFoundException: Didn't find class "android.view.View$OnUnhandledKeyEventListener" on path: DexPathList[[zip file "/data/app/com.fy.customview-xK7wS85L7OdpEGQUGA12NQ==/base.apk", zip file "/data/app/com.fy.customview-xK7wS85L7OdpEGQUGA12NQ==/split_lib_dependencies_apk.apk", zip file "/data/app/com.fy.customview-xK7wS85L7OdpEGQUGA12NQ==/split_lib_resources_apk.apk", zip file "/data/app/com.fy.customview-xK7wS85L7OdpEGQUGA12NQ==/split_lib_slice_0_apk.apk", zip file "/data/app/com.fy.customview-xK7wS85L7OdpEGQUGA12NQ==/split_lib_slice_1_apk.apk", zip file "/data/app/com.fy.customview-xK7wS85L7OdpEGQUGA12NQ==/split_lib_slice_2_apk.apk", zip file "/data/app/com.fy.customview-xK7wS85L7OdpEGQUGA12NQ==/split_lib_slice_3_apk.apk", zip file "/data/app/com.fy.customview-xK7wS85L7OdpEGQUGA12NQ==/split_lib_slice_4_apk.apk", zip file "/data/app/com.fy.customview-xK7wS85L7OdpEGQUGA12NQ==/split_lib_slice_5_apk.apk", zip file "/data/app/com.fy.customview-xK7wS85L7OdpEGQUGA12NQ==/split_lib_slice_6_
12-12 17:08:30.615 I/zygote64( 6478):   at java.lang.Class dalvik.system.BaseDexClassLoader.findClass(java.lang.String) (BaseDexClassLoader.java:93)
12-12 17:08:30.615 I/zygote64( 6478):   at java.lang.Class java.lang.ClassLoader.loadClass(java.lang.String, boolean) (ClassLoader.java:379)
12-12 17:08:30.615 I/zygote64( 6478):   at java.lang.Class java.lang.ClassLoader.loadClass(java.lang.String) (ClassLoader.java:312)
12-12 17:08:30.615 I/zygote64( 6478):   at void androidx.core.view.ViewCompat.setBackground(android.view.View, android.graphics.drawable.Drawable) (ViewCompat.java:2559)
12-12 17:08:30.615 I/zygote64( 6478):   at void androidx.appcompat.widget.ActionBarContainer.<init>(android.content.Context, android.util.AttributeSet) (ActionBarContainer.java:63)
12-12 17:08:30.615 I/zygote64( 6478):   at java.lang.Object java.lang.reflect.Constructor.newInstance0(java.lang.Object[]) (Constructor.java:-2)
12-12 17:08:30.615 I/zygote64( 6478):   at java.lang.Object java.lang.reflect.Constructor.newInstance(java.lang.Object[]) (Constructor.java:334)
12-12 17:08:30.615 I/zygote64( 6478):   at android.view.View android.view.LayoutInflater.createView(java.lang.String, java.lang.String, android.util.AttributeSet) (LayoutInflater.java:658)
12-12 17:08:30.615 I/zygote64( 6478):   at android.view.View android.view.LayoutInflater.createViewFromTag(android.view.View, java.lang.String, android.content.Context, android.util.AttributeSet, boolean) (LayoutInflater.java:801)
12-12 17:08:30.615 I/zygote64( 6478):   at android.view.View android.view.LayoutInflater.createViewFromTag(android.view.View, java.lang.String, android.content.Context, android.util.AttributeSet) (LayoutInflater.java:741)
12-12 17:08:30.615 I/zygote64( 6478):   at void android.view.LayoutInflater.rInflate(org.xmlpull.v1.XmlPullParser, android.view.View, android.content.Context, android.util.AttributeSet, boolean) (LayoutInflater.java:874)
12-12 17:08:30.615 I/zygote64( 6478):   at void android.view.LayoutInflater.rInflateChildren(org.xmlpull.v1.XmlPullParser, android.view.View, android.util.AttributeSet, boolean) (LayoutInflater.java:835)
12-12 17:08:30.615 I/zygote64( 6478):   at android.view.View android.view.LayoutInflater.inflate(org.xmlpull.v1.XmlPullParser, android.view.ViewGroup, boolean) (LayoutInflater.java:515)
12-12 17:08:30.615 I/zygote64( 6478):   at android.view.View android.view.LayoutInflater.inflate(int, android.view.ViewGroup, boolean) (LayoutInflater.java:423)
12-12 17:08:30.615 I/zygote64( 6478):   at android.view.View android.view.LayoutInflater.inflate(int, android.view.ViewGroup) (LayoutInflater.java:374)
12-12 17:08:30.615 I/zygote64( 6478):   at android.view.ViewGroup androidx.appcompat.app.AppCompatDelegateImpl.createSubDecor() (AppCompatDelegateImpl.java:749)
12-12 17:08:30.615 I/zygote64( 6478):   at void androidx.appcompat.app.AppCompatDelegateImpl.ensureSubDecor() (AppCompatDelegateImpl.java:659)
12-12 17:08:30.615 I/zygote64( 6478):   at void androidx.appcompat.app.AppCompatDelegateImpl.setContentView(int) (AppCompatDelegateImpl.java:552)
12-12 17:08:30.615 I/zygote64( 6478):   at void androidx.appcompat.app.AppCompatActivity.setContentView(int) (AppCompatActivity.java:161)
12-12 17:08:30.615 I/zygote64( 6478):   at void com.fy.customview.activity.MainActivity.onCreate(android.os.Bundle) (MainActivity.java:28)
12-12 17:08:30.615 I/zygote64( 6478):   at void android.app.Activity.performCreate(android.os.Bundle) (Activity.java:7383)
12-12 17:08:30.615 I/zygote64( 6478):   at void android.app.Instrumentation.callActivityOnCreate(android.app.Activity, android.os.Bundle) (Instrumentation.java:1218)
12-12 17:08:30.615 I/zygote64( 6478):   at android.app.Activity android.app.ActivityThread.performLaunchActivity(android.app.ActivityThread$ActivityClientRecord, android.content.Intent) (ActivityThread.java:3256)
12-12 17:08:30.615 I/zygote64( 6478):   at void android.app.ActivityThread.handleLaunchActivity(android.app.ActivityThread$ActivityClientRecord, android.content.Intent, java.lang.String) (ActivityThread.java:3411)
12-12 17:08:30.615 I/zygote64( 6478):   at void android.app.ActivityThread.-wrap12(android.app.ActivityThread, android.app.ActivityThread$ActivityClientRecord, android.content.Intent, java.lang.String) (ActivityThread.java:-1)
12-12 17:08:30.615 I/zygote64( 6478):   at void android.app.ActivityThread$H.handleMessage(android.os.Message) (ActivityThread.java:1994)
12-12 17:08:30.615 I/zygote64( 6478):   at void android.os.Handler.dispatchMessage(android.os.Message) (Handler.java:108)
12-12 17:08:30.615 I/zygote64( 6478):   at void android.os.Looper.loop() (Looper.java:166)
12-12 17:08:30.615 I/zygote64( 6478):   at void android.app.ActivityThread.main(java.lang.String[]) (ActivityThread.java:7529)
12-12 17:08:30.615 I/zygote64( 6478):   at java.lang.Object java.lang.reflect.Method.invoke(java.lang.Object, java.lang.Object[]) (Method.java:-2)
12-12 17:08:30.615 I/zygote64( 6478):   at void com.android.internal.os.Zygote$MethodAndArgsCaller.run() (Zygote.java:245)
12-12 17:08:30.615 I/zygote64( 6478):   at void com.android.internal.os.ZygoteInit.main(java.lang.String[]) (ZygoteInit.java:921)
12-12 17:08:30.615 I/zygote64( 6478): 
12-12 17:08:30.615 I/zygote64( 6478): Rejecting re-init on previously-failed class java.lang.Class<androidx.core.view.ViewCompat$2>: java.lang.NoClassDefFoundError: Failed resolution of: Landroid/view/View$OnUnhandledKeyEventListener;
12-12 17:08:30.615 I/zygote64( 6478):   at void androidx.core.view.ViewCompat.setBackground(android.view.View, android.graphics.drawable.Drawable) (ViewCompat.java:2559)
12-12 17:08:30.615 I/zygote64( 6478):   at void androidx.appcompat.widget.ActionBarContainer.<init>(android.content.Context, android.util.AttributeSet) (ActionBarContainer.java:63)
12-12 17:08:30.615 I/zygote64( 6478):   at java.lang.Object java.lang.reflect.Constructor.newInstance0(java.lang.Object[]) (Constructor.java:-2)
12-12 17:08:30.615 I/zygote64( 6478):   at java.lang.Object java.lang.reflect.Constructor.newInstance(java.lang.Object[]) (Constructor.java:334)
12-12 17:08:30.615 I/zygote64( 6478):   at android.view.View android.view.LayoutInflater.createView(java.lang.String, java.lang.String, android.util.AttributeSet) (LayoutInflater.java:658)
12-12 17:08:30.615 I/zygote64( 6478):   at android.view.View android.view.LayoutInflater.createViewFromTag(android.view.View, java.lang.String, android.content.Context, android.util.AttributeSet, boolean) (LayoutInflater.java:801)
12-12 17:08:30.615 I/zygote64( 6478):   at android.view.View android.view.LayoutInflater.createViewFromTag(android.view.View, java.lang.String, android.content.Context, android.util.AttributeSet) (LayoutInflater.java:741)
12-12 17:08:30.615 I/zygote64( 6478):   at void android.view.LayoutInflater.rInflate(org.xmlpull.v1.XmlPullParser, android.view.View, android.content.Context, android.util.AttributeSet, boolean) (LayoutInflater.java:874)
12-12 17:08:30.615 I/zygote64( 6478):   at void android.view.LayoutInflater.rInflateChildren(org.xmlpull.v1.XmlPullParser, android.view.View, android.util.AttributeSet, boolean) (LayoutInflater.java:835)
12-12 17:08:30.615 I/zygote64( 6478):   at android.view.View android.view.LayoutInflater.inflate(org.xmlpull.v1.XmlPullParser, android.view.ViewGroup, boolean) (LayoutInflater.java:515)
12-12 17:08:30.615 I/zygote64( 6478):   at android.view.View android.view.LayoutInflater.inflate(int, android.view.ViewGroup, boolean) (LayoutInflater.java:423)
12-12 17:08:30.615 I/zygote64( 6478):   at android.view.View android.view.LayoutInflater.inflate(int, android.view.ViewGroup) (LayoutInflater.java:374)
12-12 17:08:30.615 I/zygote64( 6478):   at android.view.ViewGroup androidx.appcompat.app.AppCompatDelegateImpl.createSubDecor() (AppCompatDelegateImpl.java:749)
12-12 17:08:30.615 I/zygote64( 6478):   at void androidx.appcompat.app.AppCompatDelegateImpl.ensureSubDecor() (AppCompatDelegateImpl.java:659)
12-12 17:08:30.615 I/zygote64( 6478):   at void androidx.appcompat.app.AppCompatDelegateImpl.setContentView(int) (AppCompatDelegateImpl.java:552)
12-12 17:08:30.615 I/zygote64( 6478):   at void androidx.appcompat.app.AppCompatActivity.setContentView(int) (AppCompatActivity.java:161)
12-12 17:08:30.615 I/zygote64( 6478):   at void com.fy.customview.activity.MainActivity.onCreate(android.os.Bundle) (MainActivity.java:28)
12-12 17:08:30.615 I/zygote64( 6478):   at void android.app.Activity.performCreate(android.os.Bundle) (Activity.java:7383)
12-12 17:08:30.615 I/zygote64( 6478):   at void android.app.Instrumentation.callActivityOnCreate(android.app.Activity, android.os.Bundle) (Instrumentation.java:1218)
12-12 17:08:30.615 I/zygote64( 6478):   at android.app.Activity android.app.ActivityThread.performLaunchActivity(android.app.ActivityThread$ActivityClientRecord, android.content.Intent) (ActivityThread.java:3256)
12-12 17:08:30.615 I/zygote64( 6478):   at void android.app.ActivityThread.handleLaunchActivity(android.app.ActivityThread$ActivityClientRecord, android.content.Intent, java.lang.String) (ActivityThread.java:3411)
12-12 17:08:30.615 I/zygote64( 6478):   at void android.app.ActivityThread.-wrap12(android.app.ActivityThread, android.app.ActivityThread$ActivityClientRecord, android.content.Intent, java.lang.String) (ActivityThread.java:-1)
12-12 17:08:30.615 I/zygote64( 6478):   at void android.app.ActivityThread$H.handleMessage(android.os.Message) (ActivityThread.java:1994)
12-12 17:08:30.615 I/zygote64( 6478):   at void android.os.Handler.dispatchMessage(android.os.Message) (Handler.java:108)
12-12 17:08:30.615 I/zygote64( 6478):   at void android.os.Looper.loop() (Looper.java:166)
12-12 17:08:30.615 I/zygote64( 6478):   at void android.app.ActivityThread.main(java.lang.String[]) (ActivityThread.java:7529)
12-12 17:08:30.615 I/zygote64( 6478):   at java.lang.Object java.lang.reflect.Method.invoke(java.lang.Object, java.lang.Object[]) (Method.java:-2)
12-12 17:08:30.615 I/zygote64( 6478):   at void com.android.internal.os.Zygote$MethodAndArgsCaller.run() (Zygote.java:245)
12-12 17:08:30.615 I/zygote64( 6478):   at void com.android.internal.os.ZygoteInit.main(java.lang.String[]) (ZygoteInit.java:921)
12-12 17:08:30.615 I/zygote64( 6478): Caused by: java.lang.ClassNotFoundException: Didn't find class "android.view.View$OnUnhandledKeyEventListener" on path: DexPathList[[zip file "/data/app/com.fy.customview-xK7wS85L7OdpEGQUGA12NQ==/base.apk", zip file "/data/app/com.fy.customview-xK7wS85L7OdpEGQUGA12NQ==/split_lib_dependencies_apk.apk", zip file "/data/app/com.fy.customview-xK7wS85L7OdpEGQUGA12NQ==/split_lib_resources_apk.apk", zip file "/data/app/com.fy.customview-xK7wS85L7OdpEGQUGA12NQ==/split_lib_slice_0_apk.apk", zip file "/data/app/com.fy.customview-xK7wS85L7OdpEGQUGA12NQ==/split_lib_slice_1_apk.apk", zip file "/data/app/com.fy.customview-xK7wS85L7OdpEGQUGA12NQ==/split_lib_slice_2_apk.apk", zip file "/data/app/com.fy.customview-xK7wS85L7OdpEGQUGA12NQ==/split_lib_slice_3_apk.apk", zip file "/data/app/com.fy.customview-xK7wS85L7OdpEGQUGA12NQ==/split_lib_slice_4_apk.apk", zip file "/data/app/com.fy.customview-xK7wS85L7OdpEGQUGA12NQ==/split_lib_slice_5_apk.apk", zip file "/data/app/com.fy.customview-xK7wS85L7OdpEGQUGA12NQ==/split_lib_slice_6_
12-12 17:08:30.615 I/zygote64( 6478):   at java.lang.Class dalvik.system.BaseDexClassLoader.findClass(java.lang.String) (BaseDexClassLoader.java:93)
12-12 17:08:30.615 I/zygote64( 6478):   at java.lang.Class java.lang.ClassLoader.loadClass(java.lang.String, boolean) (ClassLoader.java:379)
12-12 17:08:30.615 I/zygote64( 6478):   at java.lang.Class java.lang.ClassLoader.loadClass(java.lang.String) (ClassLoader.java:312)
12-12 17:08:30.615 I/zygote64( 6478):   at void androidx.core.view.ViewCompat.setBackground(android.view.View, android.graphics.drawable.Drawable) (ViewCompat.java:2559)
12-12 17:08:30.615 I/zygote64( 6478):   at void androidx.appcompat.widget.ActionBarContainer.<init>(android.content.Context, android.util.AttributeSet) (ActionBarContainer.java:63)
12-12 17:08:30.615 I/zygote64( 6478):   at java.lang.Object java.lang.reflect.Constructor.newInstance0(java.lang.Object[]) (Constructor.java:-2)
12-12 17:08:30.615 I/zygote64( 6478):   at java.lang.Object java.lang.reflect.Constructor.newInstance(java.lang.Object[]) (Constructor.java:334)
12-12 17:08:30.615 I/zygote64( 6478):   at android.view.View android.view.LayoutInflater.createView(java.lang.String, java.lang.String, android.util.AttributeSet) (LayoutInflater.java:658)
12-12 17:08:30.615 I/zygote64( 6478):   at android.view.View android.view.LayoutInflater.createViewFromTag(android.view.View, java.lang.String, android.content.Context, android.util.AttributeSet, boolean) (LayoutInflater.java:801)
12-12 17:08:30.615 I/zygote64( 6478):   at android.view.View android.view.LayoutInflater.createViewFromTag(android.view.View, java.lang.String, android.content.Context, android.util.AttributeSet) (LayoutInflater.java:741)
12-12 17:08:30.615 I/zygote64( 6478):   at void android.view.LayoutInflater.rInflate(org.xmlpull.v1.XmlPullParser, android.view.View, android.content.Context, android.util.AttributeSet, boolean) (LayoutInflater.java:874)
12-12 17:08:30.615 I/zygote64( 6478):   at void android.view.LayoutInflater.rInflateChildren(org.xmlpull.v1.XmlPullParser, android.view.View, android.util.AttributeSet, boolean) (LayoutInflater.java:835)
12-12 17:08:30.615 I/zygote64( 6478):   at android.view.View android.view.LayoutInflater.inflate(org.xmlpull.v1.XmlPullParser, android.view.ViewGroup, boolean) (LayoutInflater.java:515)
12-12 17:08:30.615 I/zygote64( 6478):   at android.view.View android.view.LayoutInflater.inflate(int, android.view.ViewGroup, boolean) (LayoutInflater.java:423)
12-12 17:08:30.615 I/zygote64( 6478):   at android.view.View android.view.LayoutInflater.inflate(int, android.view.ViewGroup) (LayoutInflater.java:374)
12-12 17:08:30.615 I/zygote64( 6478):   at android.view.ViewGroup androidx.appcompat.app.AppCompatDelegateImpl.createSubDecor() (AppCompatDelegateImpl.java:749)
12-12 17:08:30.615 I/zygote64( 6478):   at void androidx.appcompat.app.AppCompatDelegateImpl.ensureSubDecor() (AppCompatDelegateImpl.java:659)
12-12 17:08:30.615 I/zygote64( 6478):   at void androidx.appcompat.app.AppCompatDelegateImpl.setContentView(int) (AppCompatDelegateImpl.java:552)
12-12 17:08:30.615 I/zygote64( 6478):   at void androidx.appcompat.app.AppCompatActivity.setContentView(int) (AppCompatActivity.java:161)
12-12 17:08:30.615 I/zygote64( 6478):   at void com.fy.customview.activity.MainActivity.onCreate(android.os.Bundle) (MainActivity.java:28)
12-12 17:08:30.615 I/zygote64( 6478):   at void android.app.Activity.performCreate(android.os.Bundle) (Activity.java:7383)
12-12 17:08:30.615 I/zygote64( 6478):   at void android.app.Instrumentation.callActivityOnCreate(android.app.Activity, android.os.Bundle) (Instrumentation.java:1218)
12-12 17:08:30.615 I/zygote64( 6478):   at android.app.Activity android.app.ActivityThread.performLaunchActivity(android.app.ActivityThread$ActivityClientRecord, android.content.Intent) (ActivityThread.java:3256)
12-12 17:08:30.615 I/zygote64( 6478):   at void android.app.ActivityThread.handleLaunchActivity(android.app.ActivityThread$ActivityClientRecord, android.content.Intent, java.lang.String) (ActivityThread.java:3411)
12-12 17:08:30.615 I/zygote64( 6478):   at void android.app.ActivityThread.-wrap12(android.app.ActivityThread, android.app.ActivityThread$ActivityClientRecord, android.content.Intent, java.lang.String) (ActivityThread.java:-1)
12-12 17:08:30.615 I/zygote64( 6478):   at void android.app.ActivityThread$H.handleMessage(android.os.Message) (ActivityThread.java:1994)
12-12 17:08:30.615 I/zygote64( 6478):   at void android.os.Handler.dispatchMessage(android.os.Message) (Handler.java:108)
12-12 17:08:30.615 I/zygote64( 6478):   at void android.os.Looper.loop() (Looper.java:166)
12-12 17:08:30.615 I/zygote64( 6478):   at void android.app.ActivityThread.main(java.lang.String[]) (ActivityThread.java:7529)
12-12 17:08:30.615 I/zygote64( 6478):   at java.lang.Object java.lang.reflect.Method.invoke(java.lang.Object, java.lang.Object[]) (Method.java:-2)
12-12 17:08:30.615 I/zygote64( 6478):   at void com.android.internal.os.Zygote$MethodAndArgsCaller.run() (Zygote.java:245)
12-12 17:08:30.615 I/zygote64( 6478):   at void com.android.internal.os.ZygoteInit.main(java.lang.String[]) (ZygoteInit.java:921)
12-12 17:08:30.615 I/zygote64( 6478): 
12-12 17:08:30.615 I/zygote64( 6478): Rejecting re-init on previously-failed class java.lang.Class<androidx.core.view.ViewCompat$2>: java.lang.NoClassDefFoundError: Failed resolution of: Landroid/view/View$OnUnhandledKeyEventListener;
12-12 17:08:30.615 I/zygote64( 6478):   at void androidx.core.view.ViewCompat.setBackground(android.view.View, android.graphics.drawable.Drawable) (ViewCompat.java:2559)
12-12 17:08:30.615 I/zygote64( 6478):   at void androidx.appcompat.widget.ActionBarContainer.<init>(android.content.Context, android.util.AttributeSet) (ActionBarContainer.java:63)
12-12 17:08:30.615 I/zygote64( 6478):   at java.lang.Object java.lang.reflect.Constructor.newInstance0(java.lang.Object[]) (Constructor.java:-2)
12-12 17:08:30.615 I/zygote64( 6478):   at java.lang.Object java.lang.reflect.Constructor.newInstance(java.lang.Object[]) (Constructor.java:334)
12-12 17:08:30.615 I/zygote64( 6478):   at android.view.View android.view.LayoutInflater.createView(java.lang.String, java.lang.String, android.util.AttributeSet) (LayoutInflater.java:658)
12-12 17:08:30.616 I/zygote64( 6478):   at android.view.View android.view.LayoutInflater.createViewFromTag(android.view.View, java.lang.String, android.content.Context, android.util.AttributeSet, boolean) (LayoutInflater.java:801)
12-12 17:08:30.616 I/zygote64( 6478):   at android.view.View android.view.LayoutInflater.createViewFromTag(android.view.View, java.lang.String, android.content.Context, android.util.AttributeSet) (LayoutInflater.java:741)
12-12 17:08:30.616 I/zygote64( 6478):   at void android.view.LayoutInflater.rInflate(org.xmlpull.v1.XmlPullParser, android.view.View, android.content.Context, android.util.AttributeSet, boolean) (LayoutInflater.java:874)
12-12 17:08:30.616 I/zygote64( 6478):   at void android.view.LayoutInflater.rInflateChildren(org.xmlpull.v1.XmlPullParser, android.view.View, android.util.AttributeSet, boolean) (LayoutInflater.java:835)
12-12 17:08:30.616 I/zygote64( 6478):   at android.view.View android.view.LayoutInflater.inflate(org.xmlpull.v1.XmlPullParser, android.view.ViewGroup, boolean) (LayoutInflater.java:515)
12-12 17:08:30.616 I/zygote64( 6478):   at android.view.View android.view.LayoutInflater.inflate(int, android.view.ViewGroup, boolean) (LayoutInflater.java:423)
12-12 17:08:30.616 I/zygote64( 6478):   at android.view.View android.view.LayoutInflater.inflate(int, android.view.ViewGroup) (LayoutInflater.java:374)
12-12 17:08:30.616 I/zygote64( 6478):   at android.view.ViewGroup androidx.appcompat.app.AppCompatDelegateImpl.createSubDecor() (AppCompatDelegateImpl.java:749)
12-12 17:08:30.616 I/zygote64( 6478):   at void androidx.appcompat.app.AppCompatDelegateImpl.ensureSubDecor() (AppCompatDelegateImpl.java:659)
12-12 17:08:30.616 I/zygote64( 6478):   at void androidx.appcompat.app.AppCompatDelegateImpl.setContentView(int) (AppCompatDelegateImpl.java:552)
12-12 17:08:30.616 I/zygote64( 6478):   at void androidx.appcompat.app.AppCompatActivity.setContentView(int) (AppCompatActivity.java:161)
12-12 17:08:30.616 I/zygote64( 6478):   at void com.fy.customview.activity.MainActivity.onCreate(android.os.Bundle) (MainActivity.java:28)
12-12 17:08:30.616 I/zygote64( 6478):   at void android.app.Activity.performCreate(android.os.Bundle) (Activity.java:7383)
12-12 17:08:30.616 I/zygote64( 6478):   at void android.app.Instrumentation.callActivityOnCreate(android.app.Activity, android.os.Bundle) (Instrumentation.java:1218)
12-12 17:08:30.616 I/zygote64( 6478):   at android.app.Activity android.app.ActivityThread.performLaunchActivity(android.app.ActivityThread$ActivityClientRecord, android.content.Intent) (ActivityThread.java:3256)
12-12 17:08:30.616 I/zygote64( 6478):   at void android.app.ActivityThread.handleLaunchActivity(android.app.ActivityThread$ActivityClientRecord, android.content.Intent, java.lang.String) (ActivityThread.java:3411)
12-12 17:08:30.616 I/zygote64( 6478):   at void android.app.ActivityThread.-wrap12(android.app.ActivityThread, android.app.ActivityThread$ActivityClientRecord, android.content.Intent, java.lang.String) (ActivityThread.java:-1)
12-12 17:08:30.616 I/zygote64( 6478):   at void android.app.ActivityThread$H.handleMessage(android.os.Message) (ActivityThread.java:1994)
12-12 17:08:30.616 I/zygote64( 6478):   at void android.os.Handler.dispatchMessage(android.os.Message) (Handler.java:108)
12-12 17:08:30.616 I/zygote64( 6478):   at void android.os.Looper.loop() (Looper.java:166)
12-12 17:08:30.616 I/zygote64( 6478):   at void android.app.ActivityThread.main(java.lang.String[]) (ActivityThread.java:7529)
12-12 17:08:30.616 I/zygote64( 6478):   at java.lang.Object java.lang.reflect.Method.invoke(java.lang.Object, java.lang.Object[]) (Method.java:-2)
12-12 17:08:30.616 I/zygote64( 6478):   at void com.android.internal.os.Zygote$MethodAndArgsCaller.run() (Zygote.java:245)
12-12 17:08:30.616 I/zygote64( 6478):   at void com.android.internal.os.ZygoteInit.main(java.lang.String[]) (ZygoteInit.java:921)
12-12 17:08:30.616 I/zygote64( 6478): Caused by: java.lang.ClassNotFoundException: Didn't find class "android.view.View$OnUnhandledKeyEventListener" on path: DexPathList[[zip file "/data/app/com.fy.customview-xK7wS85L7OdpEGQUGA12NQ==/base.apk", zip file "/data/app/com.fy.customview-xK7wS85L7OdpEGQUGA12NQ==/split_lib_dependencies_apk.apk", zip file "/data/app/com.fy.customview-xK7wS85L7OdpEGQUGA12NQ==/split_lib_resources_apk.apk", zip file "/data/app/com.fy.customview-xK7wS85L7OdpEGQUGA12NQ==/split_lib_slice_0_apk.apk", zip file "/data/app/com.fy.customview-xK7wS85L7OdpEGQUGA12NQ==/split_lib_slice_1_apk.apk", zip file "/data/app/com.fy.customview-xK7wS85L7OdpEGQUGA12NQ==/split_lib_slice_2_apk.apk", zip file "/data/app/com.fy.customview-xK7wS85L7OdpEGQUGA12NQ==/split_lib_slice_3_apk.apk", zip file "/data/app/com.fy.customview-xK7wS85L7OdpEGQUGA12NQ==/split_lib_slice_4_apk.apk", zip file "/data/app/com.fy.customview-xK7wS85L7OdpEGQUGA12NQ==/split_lib_slice_5_apk.apk", zip file "/data/app/com.fy.customview-xK7wS85L7OdpEGQUGA12NQ==/split_lib_slice_6_
12-12 17:08:30.616 I/zygote64( 6478):   at java.lang.Class dalvik.system.BaseDexClassLoader.findClass(java.lang.String) (BaseDexClassLoader.java:93)
12-12 17:08:30.616 I/zygote64( 6478):   at java.lang.Class java.lang.ClassLoader.loadClass(java.lang.String, boolean) (ClassLoader.java:379)
12-12 17:08:30.616 I/zygote64( 6478):   at java.lang.Class java.lang.ClassLoader.loadClass(java.lang.String) (ClassLoader.java:312)
12-12 17:08:30.616 I/zygote64( 6478):   at void androidx.core.view.ViewCompat.setBackground(android.view.View, android.graphics.drawable.Drawable) (ViewCompat.java:2559)
12-12 17:08:30.616 I/zygote64( 6478):   at void androidx.appcompat.widget.ActionBarContainer.<init>(android.content.Context, android.util.AttributeSet) (ActionBarContainer.java:63)
12-12 17:08:30.616 I/zygote64( 6478):   at java.lang.Object java.lang.reflect.Constructor.newInstance0(java.lang.Object[]) (Constructor.java:-2)
12-12 17:08:30.616 I/zygote64( 6478):   at java.lang.Object java.lang.reflect.Constructor.newInstance(java.lang.Object[]) (Constructor.java:334)
12-12 17:08:30.616 I/zygote64( 6478):   at android.view.View android.view.LayoutInflater.createView(java.lang.String, java.lang.String, android.util.AttributeSet) (LayoutInflater.java:658)
12-12 17:08:30.616 I/zygote64( 6478):   at android.view.View android.view.LayoutInflater.createViewFromTag(android.view.View, java.lang.String, android.content.Context, android.util.AttributeSet, boolean) (LayoutInflater.java:801)
12-12 17:08:30.616 I/zygote64( 6478):   at android.view.View android.view.LayoutInflater.createViewFromTag(android.view.View, java.lang.String, android.content.Context, android.util.AttributeSet) (LayoutInflater.java:741)
12-12 17:08:30.616 I/zygote64( 6478):   at void android.view.LayoutInflater.rInflate(org.xmlpull.v1.XmlPullParser, android.view.View, android.content.Context, android.util.AttributeSet, boolean) (LayoutInflater.java:874)
12-12 17:08:30.616 I/zygote64( 6478):   at void android.view.LayoutInflater.rInflateChildren(org.xmlpull.v1.XmlPullParser, android.view.View, android.util.AttributeSet, boolean) (LayoutInflater.java:835)
12-12 17:08:30.616 I/zygote64( 6478):   at android.view.View android.view.LayoutInflater.inflate(org.xmlpull.v1.XmlPullParser, android.view.ViewGroup, boolean) (LayoutInflater.java:515)
12-12 17:08:30.616 I/zygote64( 6478):   at android.view.View android.view.LayoutInflater.inflate(int, android.view.ViewGroup, boolean) (LayoutInflater.java:423)
12-12 17:08:30.616 I/zygote64( 6478):   at android.view.View android.view.LayoutInflater.inflate(int, android.view.ViewGroup) (LayoutInflater.java:374)
12-12 17:08:30.616 I/zygote64( 6478):   at android.view.ViewGroup androidx.appcompat.app.AppCompatDelegateImpl.createSubDecor() (AppCompatDelegateImpl.java:749)
12-12 17:08:30.616 I/zygote64( 6478):   at void androidx.appcompat.app.AppCompatDelegateImpl.ensureSubDecor() (AppCompatDelegateImpl.java:659)
12-12 17:08:30.616 I/zygote64( 6478):   at void androidx.appcompat.app.AppCompatDelegateImpl.setContentView(int) (AppCompatDelegateImpl.java:552)
12-12 17:08:30.616 I/zygote64( 6478):   at void androidx.appcompat.app.AppCompatActivity.setContentView(int) (AppCompatActivity.java:161)
12-12 17:08:30.616 I/zygote64( 6478):   at void com.fy.customview.activity.MainActivity.onCreate(android.os.Bundle) (MainActivity.java:28)
12-12 17:08:30.616 I/zygote64( 6478):   at void android.app.Activity.performCreate(android.os.Bundle) (Activity.java:7383)
12-12 17:08:30.616 I/zygote64( 6478):   at void android.app.Instrumentation.callActivityOnCreate(android.app.Activity, android.os.Bundle) (Instrumentation.java:1218)
12-12 17:08:30.616 I/zygote64( 6478):   at android.app.Activity android.app.ActivityThread.performLaunchActivity(android.app.ActivityThread$ActivityClientRecord, android.content.Intent) (ActivityThread.java:3256)
12-12 17:08:30.616 I/zygote64( 6478):   at void android.app.ActivityThread.handleLaunchActivity(android.app.ActivityThread$ActivityClientRecord, android.content.Intent, java.lang.String) (ActivityThread.java:3411)
12-12 17:08:30.616 I/zygote64( 6478):   at void android.app.ActivityThread.-wrap12(android.app.ActivityThread, android.app.ActivityThread$ActivityClientRecord, android.content.Intent, java.lang.String) (ActivityThread.java:-1)
12-12 17:08:30.616 I/zygote64( 6478):   at void android.app.ActivityThread$H.handleMessage(android.os.Message) (ActivityThread.java:1994)
12-12 17:08:30.616 I/zygote64( 6478):   at void android.os.Handler.dispatchMessage(android.os.Message) (Handler.java:108)
12-12 17:08:30.616 I/zygote64( 6478):   at void android.os.Looper.loop() (Looper.java:166)
12-12 17:08:30.616 I/zygote64( 6478):   at void android.app.ActivityThread.main(java.lang.String[]) (ActivityThread.java:7529)
12-12 17:08:30.616 I/zygote64( 6478):   at java.lang.Object java.lang.reflect.Method.invoke(java.lang.Object, java.lang.Object[]) (Method.java:-2)
12-12 17:08:30.616 I/zygote64( 6478):   at void com.android.internal.os.Zygote$MethodAndArgsCaller.run() (Zygote.java:245)
