12-12 17:08:51.401 D/HwWifiCHRStateManager( 1110): handleMessage : 1001
12-12 17:08:51.401 D/HwWifiCHRStateManager( 1110): handleUpdateChannel:2412
12-12 17:08:51.401 V/HwWifiServiceFactory( 1110): get AllImpl object = com.android.server.wifi.HwWifiServiceFactoryImpl@eb658ba
12-12 17:08:51.402 D/HwCustWifiStateMachineReferenceImpl( 1110): checkRssiOverThreshold newRssi = -39
12-12 17:08:51.403 D/WifiScoreReport( 1110): Score = 100, wifiConnectivityManagerEnabled = false, lowScoreCount = 0
12-12 17:08:51.421 I/TrafficMonitor( 1110): expired arrive. level:-1
12-12 17:08:51.422 I/TrafficMonitor( 1110): during_ms:2002,period_ms:2000
12-12 17:08:51.422 I/TrafficMonitor( 1110): count:502,rx_sum:0,tx_sum:0,rxBytes:0,during_ms:2002,rx_speed:0.0,tx_speed:0.0,rto:0.0
12-12 17:08:51.422 D/HuaweiWifiWatchdogStateMachine( 1110): speed: rxpkt:0, rxSpd:0B/s, txpkt:0, txSpd:0
12-12 17:08:51.875 D/HwArpVerifier( 1110): performPollAndLog:
12-12 17:08:51.882 D/hw_netstat( 1110): total/0/0
12-12 17:08:52.077 D/HwWifiStatStore( 1110): handleMessage : 200
12-12 17:08:52.155 W/AwareLog( 1110): AwareMem_Reclaim: generateCompressList procsGroups error!
12-12 17:08:52.425 I/TrafficMonitor( 1110): update:rxPkts:0,txPkts:0,rxBytes:0,txBytes:0
12-12 17:08:52.425 I/TrafficMonitor( 1110): start expired. level:-1
12-12 17:08:52.425 I/TrafficMonitor( 1110): gettimer:interval=2000
12-12 17:08:53.016 E/memtrack( 8464): Couldn't load memtrack module
12-12 17:08:53.017 W/android.os.Debug( 8464): failed to get memory consumption info: -1
12-12 17:08:53.661 I/NetworkSpeedManagerEx( 1400): mIsStop = false
12-12 17:08:53.661 I/NetworkSpeedManagerEx( 1400):  runInThread getTetherStats
12-12 17:08:53.664 I/NetworkSpeedManagerEx( 1400):  runInUI refreshSpeed
12-12 17:08:53.665 I/NetworkSpeedManagerEx( 1400): value=50.333332speed = 50
12-12 17:08:53.665 I/NetworkSpeedManagerEx( 1400): B/smIsShowLastSpeedValuefalse
12-12 17:08:53.666 I/NetworkSpeedView( 1400): /update(), speed=50
12-12 17:08:53.666 I/NetworkSpeedView( 1400): B/s parent class:class com.android.systemui.statusbar.HwSystemIcons
12-12 17:08:53.690 I/NetworkSpeedManagerEx( 1400): mIsStop = false
12-12 17:08:53.691 I/NetworkSpeedManagerEx( 1400):  runInThread getTetherStats
12-12 17:08:53.692 I/NetworkSpeedManagerEx( 1400):  runInUI refreshSpeed
12-12 17:08:53.693 I/NetworkSpeedManagerEx( 1400): value=50.333332speed = 50
12-12 17:08:53.693 I/NetworkSpeedManagerEx( 1400): B/smIsShowLastSpeedValuefalse
12-12 17:08:53.693 I/NetworkSpeedView( 1400): /update(), speed=50
12-12 17:08:53.693 I/NetworkSpeedView( 1400): B/s parent class:class com.android.systemui.statusbar.HwSystemIcons
12-12 17:08:54.407 E/WifiHAL (  521): enter wifi_get_link_stats
12-12 17:08:54.418 E/WificondControl( 1110): Noise: -94, Snr: 0, Chload: -1
12-12 17:08:54.419 D/HwWifiCHRStateManager( 1110): handleMessage : 1001
12-12 17:08:54.419 D/HwWifiCHRStateManager( 1110): handleUpdateChannel:2412
12-12 17:08:54.419 V/HwWifiServiceFactory( 1110): get AllImpl object = com.android.server.wifi.HwWifiServiceFactoryImpl@eb658ba
12-12 17:08:54.420 D/HwCustWifiStateMachineReferenceImpl( 1110): checkRssiOverThreshold newRssi = -40
12-12 17:08:54.420 D/WifiScoreReport( 1110): Score = 100, wifiConnectivityManagerEnabled = false, lowScoreCount = 0
12-12 17:08:54.426 I/TrafficMonitor( 1110): update:rxPkts:1,txPkts:2,rxBytes:40,txBytes:111
12-12 17:08:54.426 I/TrafficMonitor( 1110): start expired. level:-1
12-12 17:08:54.426 I/TrafficMonitor( 1110): gettimer:interval=2000
12-12 17:08:54.647 W/ResourceType( 1400): No package identifier when getting value for resource number 0x00000000
12-12 17:08:54.647 E/HwNotchUtils( 1400): setIconForView iconId is not found
12-12 17:08:54.651 W/ResourceType( 1400): No package identifier when getting value for resource number 0x00000000
12-12 17:08:54.652 E/HwNotchUtils( 1400): setIconForView iconId is not found
12-12 17:08:55.082 D/HwWifiStatStore( 1110): handleMessage : 200
12-12 17:08:55.447 D/SmartcareProc( 1110): onSignalStrengthsChanged: signalStrength is: SignalStrength: 0 -2104660144 0 255 -1 -1 -1 -1 -1 -1 -68 -6 17 -1 0 -1 false gw|lte , on sub: 0
12-12 17:08:55.447 D/SmartcareProc( 1110): SignalStrength update result, ss: SignalStrengthInfo:232139666 mGsmSignalStrength: -1 mWcdmaRscp: -1 mWcdmaEcio: 255 mLteRsrp: -68 mLteRsrq: -6 mCdmaDbm: -1 mCdmaEcio: -1 mEvdoDbm: -1mEvdoEcio: -1mLteRssnr: 17
12-12 17:08:55.451 I/MQoS    ( 1110): onSignal: mSubId=0,currDataSubID=0
12-12 17:08:55.451 I/MQoS    ( 1110): received cell-signal:5
12-12 17:08:55.458 I/HwMobileSignalController(0)( 1400): subId:0 phoneType:1 networktype:13 targetClass:3 masterLevel:5 slaveLevel:-1
12-12 17:08:56.428 I/TrafficMonitor( 1110): update:rxPkts:0,txPkts:0,rxBytes:0,txBytes:0
12-12 17:08:56.428 I/TrafficMonitor( 1110): start expired. level:-1
12-12 17:08:56.428 I/TrafficMonitor( 1110): gettimer:interval=2000
12-12 17:08:56.668 I/NetworkSpeedManagerEx( 1400): mIsStop = false
12-12 17:08:56.669 I/NetworkSpeedManagerEx( 1400):  runInThread getTetherStats
12-12 17:08:56.670 I/NetworkSpeedManagerEx( 1400):  runInUI refreshSpeed
12-12 17:08:56.672 I/NetworkSpeedManagerEx( 1400): value=0.0speed = 0
12-12 17:08:56.672 I/NetworkSpeedManagerEx( 1400): K/smIsShowLastSpeedValuefalse
12-12 17:08:56.672 I/NetworkSpeedView( 1400): /update(), speed=0
12-12 17:08:56.672 I/NetworkSpeedView( 1400): K/s parent class:class com.android.systemui.statusbar.HwSystemIcons
12-12 17:08:56.694 I/NetworkSpeedManagerEx( 1400): mIsStop = false
12-12 17:08:56.695 I/NetworkSpeedManagerEx( 1400):  runInThread getTetherStats
12-12 17:08:56.697 I/NetworkSpeedManagerEx( 1400):  runInUI refreshSpeed
12-12 17:08:56.699 I/NetworkSpeedManagerEx( 1400): value=0.0speed = 0
12-12 17:08:56.699 I/NetworkSpeedManagerEx( 1400): K/smIsShowLastSpeedValuefalse
12-12 17:08:56.699 I/NetworkSpeedView( 1400): /update(), speed=0
12-12 17:08:56.699 I/NetworkSpeedView( 1400): K/s parent class:class com.android.systemui.statusbar.HwSystemIcons
12-12 17:08:56.888 D/HwArpVerifier( 1110): performPollAndLog:
12-12 17:08:56.895 D/hw_netstat( 1110): total/40/111,android.uid.system:1000/40/40,unknown:0/0/71
12-12 17:08:57.424 E/WifiHAL (  521): enter wifi_get_link_stats
12-12 17:08:57.425 I/TrafficMonitor( 1110): expired arrive. level:-1
12-12 17:08:57.426 I/TrafficMonitor( 1110): during_ms:2002,period_ms:2000
12-12 17:08:57.426 I/TrafficMonitor( 1110): count:505,rx_sum:0,tx_sum:0,rxBytes:0,during_ms:2002,rx_speed:0.0,tx_speed:0.0,rto:0.0
12-12 17:08:57.426 D/HuaweiWifiWatchdogStateMachine( 1110): speed: rxpkt:0, rxSpd:0B/s, txpkt:0, txSpd:0
12-12 17:08:57.442 E/WificondControl( 1110): Noise: -94, Snr: 0, Chload: -1
12-12 17:08:57.443 D/HwWifiCHRStateManager( 1110): handleMessage : 1001
12-12 17:08:57.443 D/HwWifiCHRStateManager( 1110): handleUpdateChannel:2412
12-12 17:08:57.443 V/HwWifiServiceFactory( 1110): get AllImpl object = com.android.server.wifi.HwWifiServiceFactoryImpl@eb658ba
12-12 17:08:57.444 D/HwCustWifiStateMachineReferenceImpl( 1110): checkRssiOverThreshold newRssi = -40
12-12 17:08:57.445 D/WifiScoreReport( 1110): Score = 100, wifiConnectivityManagerEnabled = false, lowScoreCount = 0
12-12 17:08:58.088 D/HwWifiStatStore( 1110): handleMessage : 200
12-12 17:08:58.093 E/memtrack( 8451): Couldn't load memtrack module
12-12 17:08:58.093 W/android.os.Debug( 8451): failed to get memory consumption info: -1
12-12 17:08:58.430 I/TrafficMonitor( 1110): update:rxPkts:1,txPkts:0,rxBytes:78,txBytes:0
12-12 17:08:58.430 I/TrafficMonitor( 1110): start expired. level:-1
12-12 17:08:58.430 I/TrafficMonitor( 1110): gettimer:interval=2000
12-12 17:08:58.706 E/WificondControl( 1110): Noise: -94, Snr: 0, Chload: -1
12-12 17:08:58.707 D/HwWifiCHRStateManager( 1110): handleMessage : 1001
12-12 17:08:58.707 D/HwWifiCHRStateManager( 1110): handleUpdateChannel:2412
12-12 17:08:58.707 V/HwWifiServiceFactory( 1110): get AllImpl object = com.android.server.wifi.HwWifiServiceFactoryImpl@eb658ba
12-12 17:08:58.713 D/HuaweiWifiWatchdogStateMachine( 1110): LM mrssi=-41
12-12 17:08:58.713 D/HuaweiWifiWatchdogStateMachine( 1110): 90:94:**:**:68:dc current loss[-45]=0%, volume=13
12-12 17:08:58.713 D/HuaweiWifiWatchdogStateMachine( 1110): 90:94:**:**:68:dc history loss[-45]=0.47%, volume=2433973
12-12 17:08:58.713 I/HuaweiWifiWatchdogStateMachine( 1110): spd good count:0, add sc:0.0, rate:1.0
12-12 17:08:58.713 I/HuaweiWifiWatchdogStateMachine( 1110): current mHighDataFlowRate = 1.0
12-12 17:08:58.713 I/HuaweiWifiWatchdogStateMachine( 1110): POta txb txg rxg:0, 25, 0. Lr =0% Totpkt=25
12-12 17:08:58.716 D/WiFi_PRO( 1110): MSG_RETURN_AP_CURRY_RSSI rssi = -41
12-12 17:08:58.716 I/QosMonitor( 1110): queryRtt: rtt_type = 3
12-12 17:08:58.716 E/HwDualBandManager( 1110): MonitorState m24GRssi = -41
12-12 17:08:58.717 I/HwQoEJNI( 1110): send_cmd_kernel. begin
12-12 17:08:58.717 I/HwQoEJNI( 1110): send_cmd_kernel. end
12-12 17:08:58.717 I/QosMonitor( 1110): postEventFromNative: msg=100,arg1=4,arg2=10
12-12 17:08:58.717 I/HwQoEJNI( 1110): send_cmd_kernel. begin
12-12 17:08:58.717 I/HwQoEJNI( 1110): send_cmd_kernel. end
12-12 17:08:58.718 I/QosMonitor( 1110): postEventFromNative: msg=100,arg1=0,arg2=10
12-12 17:08:58.718 D/HuaweiWifiWatchdogStateMachine( 1110): setSampleRtt: unvalid rtt
12-12 17:08:58.718 D/HuaweiWifiWatchdogStateMachine( 1110): dumpTcpResult: len=10,rtt=560,rttPkt=1,rttWn=53,cgt=16,cgtWn=5827784
12-12 17:08:58.718 I/HuaweiWifiWatchdogStateMachine( 1110): PTcp RTT:0, rtt pkt=0, tcp_rx=1, tcp_tx=2, tcp_reTran=0, rtRate=0
12-12 17:08:58.719 D/HuaweiWifiWatchdogStateMachine( 1110): mRssiBadCount =0, RSSI not bad.
12-12 17:08:58.719 D/HuaweiWifiWatchdogStateMachine( 1110): detectNetworkAvailable:hw.wifipro.dns_fail_count = 80
12-12 17:08:58.719 D/HuaweiWifiWatchdogStateMachine( 1110): detectNetworkAvailable: tcpRxPkts != 0, reset
12-12 17:08:58.719 D/HuaweiWifiWatchdogStateMachine( 1110): bqeLevel = 2 rtt=0,rtt_pkts=0 speed=303 rssi=-41
12-12 17:08:58.719 D/HuaweiWifiWatchdogStateMachine( 1110): Enter updateQoeLevel level = 2
12-12 17:08:58.719 D/HuaweiWifiWatchdogStateMachine( 1110): updateQoeLevel current level equal to mLastDetectLevel, return
12-12 17:08:58.719 D/HuaweiWifiWatchdogStateMachine( 1110): did not have any network action
12-12 17:08:58.721 I/MQoS    ( 1110): rtt=560,tcp_tx_pkts=164640,tcp_rx_pkts=161692
12-12 17:08:58.722 I/MQoS    ( 1110): QOS_level:5(5),wifi-link;use signalLvl:5;RAT:4G
12-12 17:08:59.259 E/Thermal-daemon(  737): [pa_0] temp_new :33  temp_old :32
12-12 17:08:59.260 I/ThermalService( 1830): Receive temperature change, type: 1, temp: 33 from thermald
12-12 17:08:59.261 E/Thermal-daemon(  737): Report temperature: [pa_0] temp :33  report_threshold:1
12-12 17:08:59.674 I/NetworkSpeedManagerEx( 1400): mIsStop = false
12-12 17:08:59.674 I/NetworkSpeedManagerEx( 1400):  runInThread getTetherStats
12-12 17:08:59.675 I/NetworkSpeedManagerEx( 1400):  runInUI refreshSpeed
12-12 17:08:59.676 I/NetworkSpeedManagerEx( 1400): value=52.0speed = 52
12-12 17:08:59.676 I/NetworkSpeedManagerEx( 1400): B/smIsShowLastSpeedValuefalse
12-12 17:08:59.676 I/NetworkSpeedView( 1400): /update(), speed=52
12-12 17:08:59.676 I/NetworkSpeedView( 1400): B/s parent class:class com.android.systemui.statusbar.HwSystemIcons
12-12 17:08:59.699 I/NetworkSpeedManagerEx( 1400): mIsStop = false
12-12 17:08:59.700 I/NetworkSpeedManagerEx( 1400):  runInThread getTetherStats
12-12 17:08:59.701 I/NetworkSpeedManagerEx( 1400):  runInUI refreshSpeed
12-12 17:08:59.703 I/NetworkSpeedManagerEx( 1400): value=52.0speed = 52
12-12 17:08:59.703 I/NetworkSpeedManagerEx( 1400): B/smIsShowLastSpeedValuefalse
12-12 17:08:59.703 I/NetworkSpeedView( 1400): /update(), speed=52
12-12 17:08:59.703 I/NetworkSpeedView( 1400): B/s parent class:class com.android.systemui.statusbar.HwSystemIcons
12-12 17:09:00.003 V/AlarmManager( 1110): Received TIME_TICK alarm; rescheduling
12-12 17:09:00.004 I/HwAlarmManagerService( 1110): hwSetAlarm listenerTag: time_tick
12-12 17:09:00.012 E/DateView( 1400): DateView,mCurrentTime: 1576141740011
12-12 17:09:00.029 W/HwKeyguardDragHelper( 1400): AnimationBlocked
12-12 17:09:00.033 I/EventCenter( 1400): EventCenter Get :android.intent.action.TIME_TICK
12-12 17:09:00.045 W/ResourceType( 1400): No known package when getting value for resource number 0xffffffff
12-12 17:09:00.046 E/DateLunarView( 1400): mDateString is: 1212
12-12 17:09:00.047 W/ResourceType( 1400): No known package when getting value for resource number 0xffffffff
12-12 17:09:00.047 E/DateLunarView( 1400): mDateString is: 1212
12-12 17:09:00.048 D/KeyguardUpdateMonitor( 1400): received broadcast android.intent.action.TIME_TICK
12-12 17:09:00.050 D/KeyguardUpdateMonitor( 1400): handleTimeUpdate
12-12 17:09:00.050 I/KeyguardStatusView( 1400): Runnable for refresh
12-12 17:09:00.051 I/HwLauncher( 1866): Model  onReceive intent=Intent { act=android.intent.action.TIME_TICK flg=0x50200014 hwFlg=0x900 (has extras) }
12-12 17:09:00.051 I/HwLauncher( 1866): Model  onReceive user=UserHandle{0}
12-12 17:09:00.068 E/HwLauncher( 1866): SettingsEx , no such field.
12-12 17:09:00.068 W/HwLauncher( 1866): Clock getDataFormat the getSystemString failed.
12-12 17:09:00.135 D/DateTimeView( 1400): Change to single clock mode!
12-12 17:09:00.139 D/DateTimeView( 1400): Change to single clock mode!
12-12 17:09:00.268 I/[HwRecSys]TimerController( 2322): onMinuteChange requestWeather
12-12 17:09:00.269 V/BroadcastQueue( 1110): Finished with ordered broadcast BroadcastRecord{2c08d49 u-1 android.intent.action.TIME_TICK}
12-12 17:09:00.432 I/TrafficMonitor( 1110): update:rxPkts:2,txPkts:0,rxBytes:156,txBytes:0
12-12 17:09:00.432 I/TrafficMonitor( 1110): start expired. level:-1
12-12 17:09:00.432 I/TrafficMonitor( 1110): gettimer:interval=2000
12-12 17:09:00.448 E/WifiHAL (  521): enter wifi_get_link_stats
12-12 17:09:00.459 E/wificond(  738): Failed to get NL80211_STA_INFO_CNAHLOAD
12-12 17:09:00.459 E/WificondControl( 1110): Noise: -94, Snr: 0, Chload: -1
12-12 17:09:00.460 D/HwWifiCHRStateManager( 1110): handleMessage : 1001
12-12 17:09:00.460 D/HwWifiCHRStateManager( 1110): handleUpdateChannel:2412
12-12 17:09:00.460 V/HwWifiServiceFactory( 1110): get AllImpl object = com.android.server.wifi.HwWifiServiceFactoryImpl@eb658ba
12-12 17:09:00.461 D/HwCustWifiStateMachineReferenceImpl( 1110): checkRssiOverThreshold newRssi = -39
12-12 17:09:00.462 D/WifiScoreReport( 1110): Score = 100, wifiConnectivityManagerEnabled = false, lowScoreCount = 0
12-12 17:09:00.491 W/Watchdog( 1110): hungtask: writing kick
12-12 17:09:00.494 I/EventHub( 1110): EventHub monitor: no key events in the past 399s, no motion events in the past 30s
12-12 17:09:01.092 D/HwWifiStatStore( 1110): handleMessage : 200
12-12 17:09:01.456 D/SmartcareProc( 1110): onSignalStrengthsChanged: signalStrength is: SignalStrength: 0 -2104660144 0 255 -1 -1 -1 -1 -1 -1 -70 -6 17 -1 0 -1 false gw|lte , on sub: 0
12-12 17:09:01.456 D/SmartcareProc( 1110): SignalStrength update result, ss: SignalStrengthInfo:232139666 mGsmSignalStrength: -1 mWcdmaRscp: -1 mWcdmaEcio: 255 mLteRsrp: -70 mLteRsrq: -6 mCdmaDbm: -1 mCdmaEcio: -1 mEvdoDbm: -1mEvdoEcio: -1mLteRssnr: 17
12-12 17:09:01.458 I/MQoS    ( 1110): onSignal: mSubId=0,currDataSubID=0
12-12 17:09:01.458 I/MQoS    ( 1110): received cell-signal:5
12-12 17:09:01.468 I/HwMobileSignalController(0)( 1400): subId:0 phoneType:1 networktype:13 targetClass:3 masterLevel:5 slaveLevel:-1
12-12 17:09:01.660 W/ResourceType( 1400): No package identifier when getting value for resource number 0x00000000
12-12 17:09:01.660 E/HwNotchUtils( 1400): setIconForView iconId is not found
12-12 17:09:01.661 W/ResourceType( 1400): No package identifier when getting value for resource number 0x00000000
12-12 17:09:01.661 E/HwNotchUtils( 1400): setIconForView iconId is not found
12-12 17:09:01.897 D/HwArpVerifier( 1110): performPollAndLog:
12-12 17:09:01.904 D/hw_netstat( 1110): total/234/0,unknown:0/234/0
12-12 17:09:02.434 I/TrafficMonitor( 1110): update:rxPkts:1,txPkts:1,rxBytes:40,txBytes:40
12-12 17:09:02.434 I/TrafficMonitor( 1110): start expired. level:-1
12-12 17:09:02.435 I/TrafficMonitor( 1110): gettimer:interval=2000
12-12 17:09:02.679 I/NetworkSpeedManagerEx( 1400): mIsStop = false
12-12 17:09:02.680 I/NetworkSpeedManagerEx( 1400):  runInThread getTetherStats
12-12 17:09:02.682 I/NetworkSpeedManagerEx( 1400):  runInUI refreshSpeed
12-12 17:09:02.684 I/NetworkSpeedManagerEx( 1400): value=52.666668speed = 53
12-12 17:09:02.684 I/NetworkSpeedManagerEx( 1400): B/smIsShowLastSpeedValuefalse
12-12 17:09:02.684 I/NetworkSpeedView( 1400): /update(), speed=53
12-12 17:09:02.684 I/NetworkSpeedView( 1400): B/s parent class:class com.android.systemui.statusbar.HwSystemIcons
12-12 17:09:02.704 I/NetworkSpeedManagerEx( 1400): mIsStop = false
12-12 17:09:02.704 I/NetworkSpeedManagerEx( 1400):  runInThread getTetherStats
12-12 17:09:02.705 I/NetworkSpeedManagerEx( 1400):  runInUI refreshSpeed
12-12 17:09:02.706 I/NetworkSpeedManagerEx( 1400): value=52.666668speed = 53
12-12 17:09:02.706 I/NetworkSpeedManagerEx( 1400): B/smIsShowLastSpeedValuefalse
12-12 17:09:02.706 I/NetworkSpeedView( 1400): /update(), speed=53
12-12 17:09:02.706 I/NetworkSpeedView( 1400): B/s parent class:class com.android.systemui.statusbar.HwSystemIcons
12-12 17:09:03.048 V/BroadcastQueue( 1110): Finished with ordered broadcast BroadcastRecord{67e964e u10 com.tencent.mm.plugin.report.service.KVCommCrossProcessReceiver}
12-12 17:09:03.430 I/TrafficMonitor( 1110): expired arrive. level:-1
12-12 17:09:03.431 I/TrafficMonitor( 1110): during_ms:2002,period_ms:2000
12-12 17:09:03.431 I/TrafficMonitor( 1110): count:508,rx_sum:1,tx_sum:1,rxBytes:40,during_ms:2002,rx_speed:19.980019980019982,tx_speed:19.980019980019982,rto:1.0
12-12 17:09:03.431 D/HuaweiWifiWatchdogStateMachine( 1110): speed: rxpkt:1, rxSpd:19B/s, txpkt:1, txSpd:19
12-12 17:09:03.466 E/WifiHAL (  521): enter wifi_get_link_stats
12-12 17:09:03.481 E/wificond(  738): Failed to get NL80211_STA_INFO_CNAHLOAD
12-12 17:09:03.482 E/WificondControl( 1110): Noise: -94, Snr: 0, Chload: -1
12-12 17:09:03.482 D/HwWifiCHRStateManager( 1110): handleMessage : 1001
12-12 17:09:03.482 D/HwWifiCHRStateManager( 1110): handleUpdateChannel:2412
12-12 17:09:03.482 V/HwWifiServiceFactory( 1110): get AllImpl object = com.android.server.wifi.HwWifiServiceFactoryImpl@eb658ba
12-12 17:09:03.483 D/HwCustWifiStateMachineReferenceImpl( 1110): checkRssiOverThreshold newRssi = -41
12-12 17:09:03.484 D/WifiScoreReport( 1110): Score = 100, wifiConnectivityManagerEnabled = false, lowScoreCount = 0
12-12 17:09:03.669 W/ResourceType( 1400): No package identifier when getting value for resource number 0x00000000
12-12 17:09:03.670 E/HwNotchUtils( 1400): setIconForView iconId is not found
12-12 17:09:03.671 W/ResourceType( 1400): No package identifier when getting value for resource number 0x00000000
12-12 17:09:03.672 E/HwNotchUtils( 1400): setIconForView iconId is not found
12-12 17:09:04.097 D/HwWifiStatStore( 1110): handleMessage : 200
12-12 17:09:04.437 I/TrafficMonitor( 1110): update:rxPkts:0,txPkts:0,rxBytes:0,txBytes:0
12-12 17:09:04.437 I/TrafficMonitor( 1110): start expired. level:-1
12-12 17:09:04.437 I/TrafficMonitor( 1110): gettimer:interval=2000
12-12 17:09:05.688 I/NetworkSpeedManagerEx( 1400): mIsStop = false
12-12 17:09:05.689 I/NetworkSpeedManagerEx( 1400):  runInThread getTetherStats
12-12 17:09:05.691 I/NetworkSpeedManagerEx( 1400):  runInUI refreshSpeed
12-12 17:09:05.693 I/NetworkSpeedManagerEx( 1400): value=46.666668speed = 47
12-12 17:09:05.693 I/NetworkSpeedManagerEx( 1400): B/smIsShowLastSpeedValuefalse
12-12 17:09:05.694 I/NetworkSpeedView( 1400): /update(), speed=47
12-12 17:09:05.694 I/NetworkSpeedView( 1400): B/s parent class:class com.android.systemui.statusbar.HwSystemIcons
12-12 17:09:05.709 I/NetworkSpeedManagerEx( 1400): mIsStop = false
12-12 17:09:05.710 I/NetworkSpeedManagerEx( 1400):  runInThread getTetherStats
12-12 17:09:05.713 I/NetworkSpeedManagerEx( 1400):  runInUI refreshSpeed
12-12 17:09:05.714 I/NetworkSpeedManagerEx( 1400): value=46.666668speed = 47
12-12 17:09:05.714 I/NetworkSpeedManagerEx( 1400): B/smIsShowLastSpeedValuefalse
12-12 17:09:05.714 I/NetworkSpeedView( 1400): /update(), speed=47
12-12 17:09:05.714 I/NetworkSpeedView( 1400): B/s parent class:class com.android.systemui.statusbar.HwSystemIcons
12-12 17:09:06.438 I/TrafficMonitor( 1110): update:rxPkts:3,txPkts:0,rxBytes:140,txBytes:0
12-12 17:09:06.438 I/TrafficMonitor( 1110): start expired. level:-1
12-12 17:09:06.439 I/TrafficMonitor( 1110): gettimer:interval=2000
12-12 17:09:06.488 E/WifiHAL (  521): enter wifi_get_link_stats
12-12 17:09:06.502 E/WificondControl( 1110): Noise: -94, Snr: 0, Chload: -1
12-12 17:09:06.503 D/HwWifiCHRStateManager( 1110): handleMessage : 1001
12-12 17:09:06.503 D/HwWifiCHRStateManager( 1110): handleUpdateChannel:2412
12-12 17:09:06.503 V/HwWifiServiceFactory( 1110): get AllImpl object = com.android.server.wifi.HwWifiServiceFactoryImpl@eb658ba
12-12 17:09:06.504 D/HwCustWifiStateMachineReferenceImpl( 1110): checkRssiOverThreshold newRssi = -42
12-12 17:09:06.504 D/WifiScoreReport( 1110): Score = 100, wifiConnectivityManagerEnabled = false, lowScoreCount = 0
12-12 17:09:06.711 E/WificondControl( 1110): Noise: -94, Snr: 0, Chload: -1
12-12 17:09:06.712 D/HwWifiCHRStateManager( 1110): handleMessage : 1001
12-12 17:09:06.712 D/HwWifiCHRStateManager( 1110): handleUpdateChannel:2412
12-12 17:09:06.712 V/HwWifiServiceFactory( 1110): get AllImpl object = com.android.server.wifi.HwWifiServiceFactoryImpl@eb658ba
12-12 17:09:06.717 D/HuaweiWifiWatchdogStateMachine( 1110): LM mrssi=-42
12-12 17:09:06.717 D/HuaweiWifiWatchdogStateMachine( 1110): 90:94:**:**:68:dc current loss[-45]=0%, volume=9
12-12 17:09:06.718 D/HuaweiWifiWatchdogStateMachine( 1110): 90:94:**:**:68:dc history loss[-45]=0.47%, volume=2433982
12-12 17:09:06.718 I/HuaweiWifiWatchdogStateMachine( 1110): spd good count:0, add sc:0.0, rate:1.0
12-12 17:09:06.718 I/HuaweiWifiWatchdogStateMachine( 1110): current mHighDataFlowRate = 1.0
12-12 17:09:06.718 I/HuaweiWifiWatchdogStateMachine( 1110): POta txb txg rxg:0, 34, 0. Lr =0% Totpkt=34
12-12 17:09:06.720 D/WiFi_PRO( 1110): MSG_RETURN_AP_CURRY_RSSI rssi = -42
12-12 17:09:06.720 I/QosMonitor( 1110): queryRtt: rtt_type = 3
12-12 17:09:06.720 E/HwDualBandManager( 1110): MonitorState m24GRssi = -42
12-12 17:09:06.720 I/HwQoEJNI( 1110): send_cmd_kernel. begin
12-12 17:09:06.720 I/HwQoEJNI( 1110): send_cmd_kernel. end
12-12 17:09:06.720 I/QosMonitor( 1110): postEventFromNative: msg=100,arg1=4,arg2=10
12-12 17:09:06.721 I/HwQoEJNI( 1110): send_cmd_kernel. begin
12-12 17:09:06.721 I/HwQoEJNI( 1110): send_cmd_kernel. end
12-12 17:09:06.721 I/QosMonitor( 1110): postEventFromNative: msg=100,arg1=0,arg2=10
12-12 17:09:06.721 D/HuaweiWifiWatchdogStateMachine( 1110): setSampleRtt: unvalid rtt
12-12 17:09:06.721 I/MQoS    ( 1110): rtt=560,tcp_tx_pkts=164641,tcp_rx_pkts=161693
12-12 17:09:06.723 D/HuaweiWifiWatchdogStateMachine( 1110): dumpTcpResult: len=10,rtt=560,rttPkt=1,rttWn=61,cgt=0,cgtWn=0
12-12 17:09:06.723 I/HuaweiWifiWatchdogStateMachine( 1110): PTcp RTT:0, rtt pkt=0, tcp_rx=1, tcp_tx=1, tcp_reTran=0, rtRate=0
12-12 17:09:06.723 D/HuaweiWifiWatchdogStateMachine( 1110): mRssiBadCount =0, RSSI not bad.
12-12 17:09:06.724 D/HuaweiWifiWatchdogStateMachine( 1110): detectNetworkAvailable:hw.wifipro.dns_fail_count = 80
12-12 17:09:06.724 D/HuaweiWifiWatchdogStateMachine( 1110): detectNetworkAvailable: tcpRxPkts != 0, reset
12-12 17:09:06.724 D/HuaweiWifiWatchdogStateMachine( 1110): bqeLevel = 2 rtt=0,rtt_pkts=0 speed=303 rssi=-42
12-12 17:09:06.724 D/HuaweiWifiWatchdogStateMachine( 1110): Enter updateQoeLevel level = 2
12-12 17:09:06.724 D/HuaweiWifiWatchdogStateMachine( 1110): updateQoeLevel current level equal to mLastDetectLevel, return
12-12 17:09:06.724 D/HuaweiWifiWatchdogStateMachine( 1110): did not have any network action
12-12 17:09:06.726 I/MQoS    ( 1110): QOS_level:5(5),wifi-link;use signalLvl:5;RAT:4G
12-12 17:09:06.910 D/HwArpVerifier( 1110): performPollAndLog:
12-12 17:09:06.917 D/hw_netstat( 1110): total/40/40,android.uid.system:1000/40/40
12-12 17:09:06.935 D/HwArpVerifier( 1110): getIpRouteTable
12-12 17:09:06.987 D/HwArpVerifier( 1110): Notify wifi default route is ok
12-12 17:09:07.102 D/HwWifiStatStore( 1110): handleMessage : 200
12-12 17:09:07.465 D/SmartcareProc( 1110): onSignalStrengthsChanged: signalStrength is: SignalStrength: 0 -2104660144 0 255 -1 -1 -1 -1 -1 -1 -70 -6 17 -1 0 -1 false gw|lte , on sub: 0
12-12 17:09:07.465 D/SmartcareProc( 1110): SignalStrength update result, ss: SignalStrengthInfo:232139666 mGsmSignalStrength: -1 mWcdmaRscp: -1 mWcdmaEcio: 255 mLteRsrp: -70 mLteRsrq: -6 mCdmaDbm: -1 mCdmaEcio: -1 mEvdoDbm: -1mEvdoEcio: -1mLteRssnr: 17
12-12 17:09:07.468 I/MQoS    ( 1110): onSignal: mSubId=0,currDataSubID=0
12-12 17:09:07.468 I/MQoS    ( 1110): received cell-signal:5
12-12 17:09:07.477 I/HwMobileSignalController(0)( 1400): subId:0 phoneType:1 networktype:13 targetClass:3 masterLevel:5 slaveLevel:-1
12-12 17:09:08.126 V/BroadcastQueue( 1110): Finished with ordered broadcast BroadcastRecord{405f36f u10 com.tencent.mm.plugin.report.service.KVCommCrossProcessReceiver}
12-12 17:09:08.441 I/TrafficMonitor( 1110): update:rxPkts:6,txPkts:0,rxBytes:422,txBytes:0
12-12 17:09:08.441 I/TrafficMonitor( 1110): start expired. level:-1
12-12 17:09:08.441 I/TrafficMonitor( 1110): gettimer:interval=2000
12-12 17:09:08.695 I/NetworkSpeedManagerEx( 1400): mIsStop = false
12-12 17:09:08.695 I/NetworkSpeedManagerEx( 1400):  runInThread getTetherStats
12-12 17:09:08.696 I/NetworkSpeedManagerEx( 1400):  runInUI refreshSpeed
12-12 17:09:08.697 I/NetworkSpeedManagerEx( 1400): value=140.66667speed = 141
12-12 17:09:08.697 I/NetworkSpeedManagerEx( 1400): B/smIsShowLastSpeedValuefalse
12-12 17:09:08.697 I/NetworkSpeedView( 1400): /update(), speed=141
12-12 17:09:08.697 I/NetworkSpeedView( 1400): B/s parent class:class com.android.systemui.statusbar.HwSystemIcons
12-12 17:09:08.714 I/NetworkSpeedManagerEx( 1400): mIsStop = false
12-12 17:09:08.715 I/NetworkSpeedManagerEx( 1400):  runInThread getTetherStats
12-12 17:09:08.716 I/NetworkSpeedManagerEx( 1400):  runInUI refreshSpeed
12-12 17:09:08.717 I/NetworkSpeedManagerEx( 1400): value=140.66667speed = 141
12-12 17:09:08.717 I/NetworkSpeedManagerEx( 1400): B/smIsShowLastSpeedValuefalse
12-12 17:09:08.717 I/NetworkSpeedView( 1400): /update(), speed=141
12-12 17:09:08.717 I/NetworkSpeedView( 1400): B/s parent class:class com.android.systemui.statusbar.HwSystemIcons
12-12 17:09:09.270 E/Thermal-daemon(  737): [charger_ic] temp_new :35  temp_old :34
12-12 17:09:09.271 I/ThermalService( 1830): Receive temperature change, type: 2, temp: 35 from thermald
12-12 17:09:09.272 E/Thermal-daemon(  737): Report temperature: [charger_ic] temp :35  report_threshold:1
12-12 17:09:09.273 E/Thermal-daemon(  737): [ap] temp_new :38  temp_old :37
12-12 17:09:09.274 I/ThermalService( 1830): Receive temperature change, type: 0, temp: 38 from thermald
12-12 17:09:09.274 E/Thermal-daemon(  737): Report temperature: [ap] temp :38  report_threshold:1
12-12 17:09:09.274 D/HwThermalStateManager( 1830): Thermal type: 0 cur_temperature:38
12-12 17:09:09.438 I/TrafficMonitor( 1110): expired arrive. level:-1
12-12 17:09:09.438 I/TrafficMonitor( 1110): during_ms:2003,period_ms:2000
12-12 17:09:09.438 I/TrafficMonitor( 1110): count:511,rx_sum:6,tx_sum:0,rxBytes:422,during_ms:2003,rx_speed:210.68397403894159,tx_speed:0.0,rto:0.0
12-12 17:09:09.438 D/HuaweiWifiWatchdogStateMachine( 1110): speed: rxpkt:6, rxSpd:210B/s, txpkt:0, txSpd:0
12-12 17:09:09.509 E/WifiHAL (  521): enter wifi_get_link_stats
12-12 17:09:09.522 E/wificond(  738): Failed to get NL80211_STA_INFO_CNAHLOAD
12-12 17:09:09.522 E/WificondControl( 1110): Noise: -94, Snr: 0, Chload: -1
12-12 17:09:09.523 D/HwWifiCHRStateManager( 1110): handleMessage : 1001
12-12 17:09:09.523 D/HwWifiCHRStateManager( 1110): handleUpdateChannel:2412
12-12 17:09:09.523 V/HwWifiServiceFactory( 1110): get AllImpl object = com.android.server.wifi.HwWifiServiceFactoryImpl@eb658ba
12-12 17:09:09.524 D/HwCustWifiStateMachineReferenceImpl( 1110): checkRssiOverThreshold newRssi = -44
12-12 17:09:09.525 D/WifiScoreReport( 1110): Score = 100, wifiConnectivityManagerEnabled = false, lowScoreCount = 0
12-12 17:09:10.108 D/HwWifiStatStore( 1110): handleMessage : 200
12-12 17:09:10.443 I/TrafficMonitor( 1110): update:rxPkts:9,txPkts:7,rxBytes:588,txBytes:390
12-12 17:09:10.443 I/TrafficMonitor( 1110): start expired. level:-1
12-12 17:09:10.444 I/TrafficMonitor( 1110): gettimer:interval=2000
12-12 17:09:11.705 I/NetworkSpeedManagerEx( 1400): mIsStop = false
12-12 17:09:11.706 I/NetworkSpeedManagerEx( 1400):  runInThread getTetherStats
12-12 17:09:11.708 I/NetworkSpeedManagerEx( 1400):  runInUI refreshSpeed
12-12 17:09:11.709 I/NetworkSpeedManagerEx( 1400): value=352.0speed = 352
12-12 17:09:11.709 I/NetworkSpeedManagerEx( 1400): B/smIsShowLastSpeedValuefalse
12-12 17:09:11.710 I/NetworkSpeedView( 1400): /update(), speed=352
12-12 17:09:11.710 I/NetworkSpeedView( 1400): B/s parent class:class com.android.systemui.statusbar.HwSystemIcons
12-12 17:09:11.724 I/NetworkSpeedManagerEx( 1400): mIsStop = false
12-12 17:09:11.725 I/NetworkSpeedManagerEx( 1400):  runInThread getTetherStats
12-12 17:09:11.727 I/NetworkSpeedManagerEx( 1400):  runInUI refreshSpeed
12-12 17:09:11.728 I/NetworkSpeedManagerEx( 1400): value=352.0speed = 352
12-12 17:09:11.728 I/NetworkSpeedManagerEx( 1400): B/smIsShowLastSpeedValuefalse
12-12 17:09:11.728 I/NetworkSpeedView( 1400): /update(), speed=352
12-12 17:09:11.728 I/NetworkSpeedView( 1400): B/s parent class:class com.android.systemui.statusbar.HwSystemIcons
12-12 17:09:11.923 D/HwArpVerifier( 1110): performPollAndLog:
12-12 17:09:11.930 D/hw_netstat( 1110): total/883/390,com.zhihu.android/430/390,unknown:0/453/0
12-12 17:09:12.446 I/TrafficMonitor( 1110): update:rxPkts:1,txPkts:0,rxBytes:78,txBytes:0
12-12 17:09:12.446 I/TrafficMonitor( 1110): start expired. level:-1
12-12 17:09:12.447 I/TrafficMonitor( 1110): gettimer:interval=2000
12-12 17:09:12.528 E/WifiHAL (  521): enter wifi_get_link_stats
12-12 17:09:12.541 E/WificondControl( 1110): Noise: -94, Snr: 0, Chload: -1
12-12 17:09:12.542 D/HwWifiCHRStateManager( 1110): handleMessage : 1001
12-12 17:09:12.542 D/HwWifiCHRStateManager( 1110): handleUpdateChannel:2412
12-12 17:09:12.542 V/HwWifiServiceFactory( 1110): get AllImpl object = com.android.server.wifi.HwWifiServiceFactoryImpl@eb658ba
12-12 17:09:12.543 D/HwCustWifiStateMachineReferenceImpl( 1110): checkRssiOverThreshold newRssi = -43
12-12 17:09:12.543 D/WifiScoreReport( 1110): Score = 100, wifiConnectivityManagerEnabled = false, lowScoreCount = 0
12-12 17:09:12.689 W/ResourceType( 1400): No package identifier when getting value for resource number 0x00000000
12-12 17:09:12.689 E/HwNotchUtils( 1400): setIconForView iconId is not found
12-12 17:09:12.690 W/ResourceType( 1400): No package identifier when getting value for resource number 0x00000000
12-12 17:09:12.691 E/HwNotchUtils( 1400): setIconForView iconId is not found
12-12 17:09:12.694 D/HwBatteryService( 1110): onUEvent fcpStatus = 0,scpStatus =0,ovpStatus=0
12-12 17:09:12.695 I/UsbDeviceManager( 1110): water_intrused state= 0
12-12 17:09:12.701 D/HwInnerWifiManagerImpl( 1110): SupplicantState = COMPLETED
12-12 17:09:12.701 D/HwInnerWifiManagerImpl( 1110): isPhoneAP = false
12-12 17:09:12.701 D/HwInnerWifiManagerImpl( 1110): SupplicantState = COMPLETED
12-12 17:09:12.701 D/HwInnerWifiManagerImpl( 1110): isPhoneAP = false
12-12 17:09:12.702 D/WifiStateMachine( 1110): mBcastReceiver: PluggedType = 2 mIsScanCtrlPluggedin = true
12-12 17:09:12.702 D/HwWifiService( 1110): mPluggedType =2
12-12 17:09:12.702 I/DataSrv-10.3.0.301-O-1115-17:51-VSimDynamicBroadcastReceiver( 2934): reveive broadcast:android.intent.action.BATTERY_CHANGED
12-12 17:09:12.702 D/WifiService( 1110): onReceive, action:android.intent.action.BATTERY_CHANGED
12-12 17:09:12.702 D/WifiService( 1110): ACTION_BATTERY_CHANGED pluggedType: 2
12-12 17:09:12.702 I/DataSrv-10.3.0.301-O-1115-17:51-BusinessAsyncExecutor( 2934): processBroadcast
12-12 17:09:12.702 I/DataSrv-10.3.0.301-O-1115-17:51-BusinessAsyncExecutor( 2934): processBroadcast do
12-12 17:09:12.704 D/KeyguardUpdateMonitor( 1400): received broadcast android.intent.action.BATTERY_CHANGED
12-12 17:09:12.705 W/KeyguardUpdateMonitor( 1400): ACTION_BATTERY_CHANGED AMP: 512000; Volt: 4700000
12-12 17:09:12.705 I/MsgReceiver( 1830): intent action: android.intent.action.BATTERY_CHANGED
12-12 17:09:12.705 V/KeyguardUpdateMonitor( 1400): RefreshBatteryInfo isBatteryLow: 100
12-12 17:09:12.705 W/KeyguardUpdateMonitor( 1400): ChargingSpeed  Wattage: 2406400 ST: 5000000 --> 7500000
12-12 17:09:12.705 I/KgBattery( 1400): BatteryInfo updated:  5lPC0
12-12 17:09:12.705 W/AppHandler( 1400): sendMessage with obj100
12-12 17:09:12.705 D/KeyguardUpdateMonitor( 1400): handleBatteryUpdate
12-12 17:09:12.705 W/HwLockScreenPanel( 1400): refreshBatteryInfo: null
12-12 17:09:12.705 W/HwLockScreenPanel( 1400): Handle message: 100
12-12 17:09:12.712 I/DataSrv-10.3.0.301-O-1115-17:51-VSimService( 2934): onStartCommand
12-12 17:09:12.712 I/DataSrv-10.3.0.301-O-1115-17:51-VSimService( 2934): type: 2, android.intent.action.BATTERY_CHANGED
12-12 17:09:12.712 I/DataSrv-10.3.0.301-O-1115-17:51-VSimServiceImpl( 2934): Battery changed! Current status; 5
12-12 17:09:12.712 W/DataSrv-10.3.0.301-O-1115-17:51-VSimService( 2934): no matched type
12-12 17:09:12.714 W/HwKeyguardBottomArea( 1400): updateBatteryInfo : false  true
12-12 17:09:12.720 I/DataSrv-10.3.0.301-O-1115-17:51-FenceData( 2934): getListFromDBCursor size: 74
12-12 17:09:12.720 I/DataSrv-10.3.0.301-O-1115-17:51-FenceDataFlow( 2934): All fence data has updated. No need to update.
12-12 17:09:13.113 D/HwWifiStatStore( 1110): handleMessage : 200
12-12 17:09:13.474 D/SmartcareProc( 1110): onSignalStrengthsChanged: signalStrength is: SignalStrength: 0 -2104660144 0 255 -1 -1 -1 -1 -1 -1 -72 -6 17 -1 0 -1 false gw|lte , on sub: 0
12-12 17:09:13.474 D/SmartcareProc( 1110): SignalStrength update result, ss: SignalStrengthInfo:232139666 mGsmSignalStrength: -1 mWcdmaRscp: -1 mWcdmaEcio: 255 mLteRsrp: -72 mLteRsrq: -6 mCdmaDbm: -1 mCdmaEcio: -1 mEvdoDbm: -1mEvdoEcio: -1mLteRssnr: 17
12-12 17:09:13.478 I/MQoS    ( 1110): onSignal: mSubId=0,currDataSubID=0
12-12 17:09:13.479 I/MQoS    ( 1110): received cell-signal:5
12-12 17:09:13.485 I/HwMobileSignalController(0)( 1400): subId:0 phoneType:1 networktype:13 targetClass:3 masterLevel:5 slaveLevel:-1
12-12 17:09:14.449 I/TrafficMonitor( 1110): update:rxPkts:1,txPkts:0,rxBytes:78,txBytes:0
12-12 17:09:14.449 I/TrafficMonitor( 1110): start expired. level:-1
12-12 17:09:14.449 I/TrafficMonitor( 1110): gettimer:interval=2000
12-12 17:09:14.719 E/wificond(  738): Failed to get NL80211_STA_INFO_CNAHLOAD
12-12 17:09:14.720 E/WificondControl( 1110): Noise: -94, Snr: 0, Chload: -1
12-12 17:09:14.720 D/HwWifiCHRStateManager( 1110): handleMessage : 1001
12-12 17:09:14.720 D/HwWifiCHRStateManager( 1110): handleUpdateChannel:2412
12-12 17:09:14.720 V/HwWifiServiceFactory( 1110): get AllImpl object = com.android.server.wifi.HwWifiServiceFactoryImpl@eb658ba
12-12 17:09:14.723 I/NetworkSpeedManagerEx( 1400): mIsStop = false
12-12 17:09:14.723 I/NetworkSpeedManagerEx( 1400):  runInThread getTetherStats
12-12 17:09:14.724 I/NetworkSpeedManagerEx( 1400):  runInUI refreshSpeed
12-12 17:09:14.725 I/NetworkSpeedManagerEx( 1400): value=26.0speed = 26
12-12 17:09:14.725 I/NetworkSpeedManagerEx( 1400): B/smIsShowLastSpeedValuefalse
12-12 17:09:14.726 I/NetworkSpeedView( 1400): /update(), speed=26
12-12 17:09:14.726 I/NetworkSpeedView( 1400): B/s parent class:class com.android.systemui.statusbar.HwSystemIcons
12-12 17:09:14.727 D/HuaweiWifiWatchdogStateMachine( 1110): LM mrssi=-43
12-12 17:09:14.729 D/WiFi_PRO( 1110): MSG_RETURN_AP_CURRY_RSSI rssi = -43
12-12 17:09:14.729 I/QosMonitor( 1110): queryRtt: rtt_type = 3
12-12 17:09:14.729 I/HwQoEJNI( 1110): send_cmd_kernel. begin
12-12 17:09:14.729 I/HwQoEJNI( 1110): send_cmd_kernel. end
12-12 17:09:14.729 I/QosMonitor( 1110): postEventFromNative: msg=100,arg1=4,arg2=10
12-12 17:09:14.730 D/HuaweiWifiWatchdogStateMachine( 1110): setSampleRtt: unvalid rtt
12-12 17:09:14.730 E/HwDualBandManager( 1110): MonitorState m24GRssi = -43
12-12 17:09:14.730 D/HuaweiWifiWatchdogStateMachine( 1110): 90:94:**:**:68:dc current loss[-45]=0%, volume=21
12-12 17:09:14.730 D/HuaweiWifiWatchdogStateMachine( 1110): 90:94:**:**:68:dc history loss[-45]=0.47%, volume=2434003
12-12 17:09:14.730 I/HuaweiWifiWatchdogStateMachine( 1110): spd good count:0, add sc:0.0, rate:1.0
12-12 17:09:14.731 I/HuaweiWifiWatchdogStateMachine( 1110): current mHighDataFlowRate = 1.0
12-12 17:09:14.731 I/HuaweiWifiWatchdogStateMachine( 1110): POta txb txg rxg:0, 55, 0. Lr =0% Totpkt=55
12-12 17:09:14.732 I/HwQoEJNI( 1110): send_cmd_kernel. begin
12-12 17:09:14.732 I/HwQoEJNI( 1110): send_cmd_kernel. end
12-12 17:09:14.732 I/QosMonitor( 1110): postEventFromNative: msg=100,arg1=0,arg2=10
12-12 17:09:14.732 I/MQoS    ( 1110): rtt=560,tcp_tx_pkts=164648,tcp_rx_pkts=161701
12-12 17:09:14.733 D/HwUidTcpMonitor( 1110): parseWlanUidTcpStatistics lastUidTcpStatInfo = [ mUid = 10086 mPacketName = com.zhihu.android mSendSegs = 4343 mResendSegs = 22 mRcvSegs = 5260 ]
12-12 17:09:14.733 D/HuaweiWifiWatchdogStateMachine( 1110): dumpTcpResult: len=10,rtt=560,rttPkt=1,rttWn=69,cgt=0,cgtWn=0
12-12 17:09:14.733 I/HuaweiWifiWatchdogStateMachine( 1110): PTcp RTT:0, rtt pkt=0, tcp_rx=8, tcp_tx=7, tcp_reTran=0, rtRate=0
12-12 17:09:14.733 D/HuaweiWifiWatchdogStateMachine( 1110): mRssiBadCount =0, RSSI not bad.
12-12 17:09:14.733 D/HuaweiWifiWatchdogStateMachine( 1110): detectNetworkAvailable:hw.wifipro.dns_fail_count = 80
12-12 17:09:14.733 D/HuaweiWifiWatchdogStateMachine( 1110): detectNetworkAvailable: tcpRxPkts != 0, reset
12-12 17:09:14.733 I/HuaweiWifiWatchdogStateMachine( 1110): rs ota tcp lr rttvb bad: false, false, false, false, false; rsth:-75
12-12 17:09:14.733 D/HuaweiWifiWatchdogStateMachine( 1110): GSC:0, GSR:1.0, RSR:1.0, RTH:-75
12-12 17:09:14.733 I/HuaweiWifiWatchdogStateMachine( 1110): judge good link######, goodLinkLevel=3
12-12 17:09:14.733 I/HuaweiWifiWatchdogStateMachine( 1110): sendResultMsgToQM bssid:90:94:**:**:68:dc, qoslevel=3
12-12 17:09:14.733 I/HuaweiWifiWatchdogStateMachine( 1110): link good reported, good base rssi:-60
12-12 17:09:14.733 D/HuaweiWifiWatchdogStateMachine( 1110): goodperiod count=0, rb rttg sg =true, false, false
12-12 17:09:14.733 D/WiFi_PRO_WifiProStateMachine( 1110): onNetworkQosChange, currentWifiLevel == 3, wifiNoInternet = false, updateUiOnly = true
12-12 17:09:14.733 D/HuaweiWifiWatchdogStateMachine( 1110): bqeLevel = 2 rtt=0,rtt_pkts=0 speed=303 rssi=-43
12-12 17:09:14.734 D/HuaweiWifiWatchdogStateMachine( 1110): Enter updateQoeLevel level = 2
12-12 17:09:14.734 D/HuaweiWifiWatchdogStateMachine( 1110): updateQoeLevel current level equal to mLastDetectLevel, return
12-12 17:09:14.734 I/HuaweiWifiWatchdogStateMachine( 1110):  pkt chk not bad, reset sc to 0.
12-12 17:09:14.734 D/HuaweiWifiWatchdogStateMachine( 1110): ### mPktChkBadCnt=0
12-12 17:09:14.736 I/MQoS    ( 1110): QOS_level:5(5),wifi-link;use signalLvl:5;RAT:4G
12-12 17:09:14.742 I/NetworkSpeedManagerEx( 1400): mIsStop = false
12-12 17:09:14.743 I/NetworkSpeedManagerEx( 1400):  runInThread getTetherStats
12-12 17:09:14.744 I/NetworkSpeedManagerEx( 1400):  runInUI refreshSpeed
12-12 17:09:14.745 I/NetworkSpeedManagerEx( 1400): value=26.0speed = 26
12-12 17:09:14.745 I/NetworkSpeedManagerEx( 1400): B/smIsShowLastSpeedValuefalse
12-12 17:09:14.745 I/NetworkSpeedView( 1400): /update(), speed=26
12-12 17:09:14.745 I/NetworkSpeedView( 1400): B/s parent class:class com.android.systemui.statusbar.HwSystemIcons
12-12 17:09:15.444 I/TrafficMonitor( 1110): expired arrive. level:-1
12-12 17:09:15.444 I/TrafficMonitor( 1110): during_ms:2003,period_ms:2000
12-12 17:09:15.445 I/TrafficMonitor( 1110): count:514,rx_sum:1,tx_sum:0,rxBytes:78,during_ms:2003,rx_speed:38.94158761857214,tx_speed:0.0,rto:0.0
12-12 17:09:15.445 D/HuaweiWifiWatchdogStateMachine( 1110): speed: rxpkt:1, rxSpd:38B/s, txpkt:0, txSpd:0
12-12 17:09:15.545 E/WifiHAL (  521): enter wifi_get_link_stats
12-12 17:09:15.560 E/WificondControl( 1110): Noise: -94, Snr: 0, Chload: -1
12-12 17:09:15.560 D/HwWifiCHRStateManager( 1110): handleMessage : 1001
12-12 17:09:15.560 D/HwWifiCHRStateManager( 1110): handleUpdateChannel:2412
12-12 17:09:15.560 V/HwWifiServiceFactory( 1110): get AllImpl object = com.android.server.wifi.HwWifiServiceFactoryImpl@eb658ba
12-12 17:09:15.562 D/HwCustWifiStateMachineReferenceImpl( 1110): checkRssiOverThreshold newRssi = -46
12-12 17:09:15.562 D/WifiScoreReport( 1110): Score = 100, wifiConnectivityManagerEnabled = false, lowScoreCount = 0
12-12 17:09:16.118 D/HwWifiStatStore( 1110): handleMessage : 200
12-12 17:09:16.451 I/TrafficMonitor( 1110): update:rxPkts:2,txPkts:0,rxBytes:64,txBytes:0
12-12 17:09:16.451 I/TrafficMonitor( 1110): start expired. level:-1
12-12 17:09:16.451 I/TrafficMonitor( 1110): gettimer:interval=2000
12-12 17:09:16.712 W/ResourceType( 1400): No package identifier when getting value for resource number 0x00000000
12-12 17:09:16.713 E/HwNotchUtils( 1400): setIconForView iconId is not found
12-12 17:09:16.715 W/ResourceType( 1400): No package identifier when getting value for resource number 0x00000000
12-12 17:09:16.715 E/HwNotchUtils( 1400): setIconForView iconId is not found
12-12 17:09:16.867 D/HwArpVerifier( 1110): check_wifi_state_mode = 0 mCheckStateToken=68 token68
12-12 17:09:16.868 D/wifiserviceimpl( 1110): netmask =16777215
12-12 17:09:16.942 D/HWMultiGW( 1110): setGateWay 192.168.3.1
12-12 17:09:17.729 I/NetworkSpeedManagerEx( 1400): mIsStop = false
12-12 17:09:17.729 I/NetworkSpeedManagerEx( 1400):  runInThread getTetherStats
12-12 17:09:17.731 I/NetworkSpeedManagerEx( 1400):  runInUI refreshSpeed
12-12 17:09:17.733 I/NetworkSpeedManagerEx( 1400): value=21.333334speed = 21
12-12 17:09:17.733 I/NetworkSpeedManagerEx( 1400): B/smIsShowLastSpeedValuefalse
12-12 17:09:17.733 I/NetworkSpeedView( 1400): /update(), speed=21
12-12 17:09:17.733 I/NetworkSpeedView( 1400): B/s parent class:class com.android.systemui.statusbar.HwSystemIcons
12-12 17:09:17.757 I/NetworkSpeedManagerEx( 1400): mIsStop = false
12-12 17:09:17.757 I/NetworkSpeedManagerEx( 1400):  runInThread getTetherStats
12-12 17:09:17.760 I/NetworkSpeedManagerEx( 1400):  runInUI refreshSpeed
12-12 17:09:17.761 I/NetworkSpeedManagerEx( 1400): value=21.333334speed = 21
12-12 17:09:17.761 I/NetworkSpeedManagerEx( 1400): B/smIsShowLastSpeedValuefalse
12-12 17:09:17.762 I/NetworkSpeedView( 1400): /update(), speed=21
12-12 17:09:17.762 I/NetworkSpeedView( 1400): B/s parent class:class com.android.systemui.statusbar.HwSystemIcons
12-12 17:09:17.944 D/HwArpVerifier( 1110): getGateWayARPResponses: arp rtt = 9
12-12 17:09:17.945 E/HwCHRWifiRSSIGroupSummery( 1110): updatArpSummery mRSSI:-46  HwCHRWifiRSSIGroup [rssi_index=4, rtt_tcp_packets=0, rtt_tcp_duration=0, rtt_lan_duration=12493, rtt_lan_failures=1, rtt_lan_succ=470, rtt_lan_max=794, rtt_lan_min=1,same_area_frequency=0,adjacent_area_frequency=0]
12-12 17:09:18.031 D/HwArpVerifier( 1110): There are 1 mac address for gateway 
12-12 17:09:18.031 D/HwArpVerifier( 1110): from HEART_CHECK transmit to state:HEART_CHECK
12-12 17:09:18.031 D/HwArpVerifier( 1110): msg what=124 arg1(token)=68 arg2(mode)=0 delay=30000
12-12 17:09:18.031 D/HwArpVerifier( 1110): performPollAndLog:
12-12 17:09:18.039 D/hw_netstat( 1110): total/78/0,unknown:0/78/0
12-12 17:09:18.454 I/TrafficMonitor( 1110): update:rxPkts:0,txPkts:0,rxBytes:0,txBytes:0
12-12 17:09:18.454 I/TrafficMonitor( 1110): start expired. level:-1
12-12 17:09:18.454 I/TrafficMonitor( 1110): gettimer:interval=2000
12-12 17:09:18.566 E/WifiHAL (  521): enter wifi_get_link_stats
12-12 17:09:18.582 E/WificondControl( 1110): Noise: -94, Snr: 0, Chload: -1
12-12 17:09:18.582 D/HwWifiCHRStateManager( 1110): handleMessage : 1001
12-12 17:09:18.582 D/HwWifiCHRStateManager( 1110): handleUpdateChannel:2412
12-12 17:09:18.582 V/HwWifiServiceFactory( 1110): get AllImpl object = com.android.server.wifi.HwWifiServiceFactoryImpl@eb658ba
12-12 17:09:18.583 D/HwCustWifiStateMachineReferenceImpl( 1110): checkRssiOverThreshold newRssi = -52
12-12 17:09:18.584 D/WifiScoreReport( 1110): Score = 100, wifiConnectivityManagerEnabled = false, lowScoreCount = 0
12-12 17:09:19.122 D/HwWifiStatStore( 1110): handleMessage : 200
12-12 17:09:20.455 I/TrafficMonitor( 1110): update:rxPkts:0,txPkts:0,rxBytes:0,txBytes:0
12-12 17:09:20.456 I/TrafficMonitor( 1110): start expired. level:-1
12-12 17:09:20.456 I/TrafficMonitor( 1110): gettimer:interval=2000
12-12 17:09:20.737 I/NetworkSpeedManagerEx( 1400): mIsStop = false
12-12 17:09:20.737 I/NetworkSpeedManagerEx( 1400):  runInThread getTetherStats
12-12 17:09:20.739 I/NetworkSpeedManagerEx( 1400):  runInUI refreshSpeed
12-12 17:09:20.740 I/NetworkSpeedManagerEx( 1400): value=0.0speed = 0
12-12 17:09:20.740 I/NetworkSpeedManagerEx( 1400): K/smIsShowLastSpeedValuefalse
12-12 17:09:20.740 I/NetworkSpeedView( 1400): /update(), speed=0
12-12 17:09:20.740 I/NetworkSpeedView( 1400): K/s parent class:class com.android.systemui.statusbar.HwSystemIcons
12-12 17:09:20.762 I/NetworkSpeedManagerEx( 1400): mIsStop = false
12-12 17:09:20.762 I/NetworkSpeedManagerEx( 1400):  runInThread getTetherStats
12-12 17:09:20.764 I/NetworkSpeedManagerEx( 1400):  runInUI refreshSpeed
12-12 17:09:20.766 I/NetworkSpeedManagerEx( 1400): value=0.0speed = 0
12-12 17:09:20.766 I/NetworkSpeedManagerEx( 1400): K/smIsShowLastSpeedValuefalse
12-12 17:09:20.766 I/NetworkSpeedView( 1400): /update(), speed=0
12-12 17:09:20.766 I/NetworkSpeedView( 1400): K/s parent class:class com.android.systemui.statusbar.HwSystemIcons
12-12 17:09:21.451 I/TrafficMonitor( 1110): expired arrive. level:-1
12-12 17:09:21.451 I/TrafficMonitor( 1110): during_ms:2001,period_ms:2000
12-12 17:09:21.451 I/TrafficMonitor( 1110): count:517,rx_sum:0,tx_sum:0,rxBytes:0,during_ms:2001,rx_speed:0.0,tx_speed:0.0,rto:0.0
12-12 17:09:21.451 D/HuaweiWifiWatchdogStateMachine( 1110): speed: rxpkt:0, rxSpd:0B/s, txpkt:0, txSpd:0
12-12 17:09:21.588 E/WifiHAL (  521): enter wifi_get_link_stats
12-12 17:09:21.604 E/WificondControl( 1110): Noise: -94, Snr: 0, Chload: -1
12-12 17:09:21.605 D/HwWifiCHRStateManager( 1110): handleMessage : 1001
12-12 17:09:21.605 D/HwWifiCHRStateManager( 1110): handleUpdateChannel:2412
12-12 17:09:21.605 V/HwWifiServiceFactory( 1110): get AllImpl object = com.android.server.wifi.HwWifiServiceFactoryImpl@eb658ba
12-12 17:09:21.606 D/HwCustWifiStateMachineReferenceImpl( 1110): checkRssiOverThreshold newRssi = -47
12-12 17:09:21.607 D/WifiScoreReport( 1110): Score = 100, wifiConnectivityManagerEnabled = false, lowScoreCount = 0
12-12 17:09:22.126 D/HwWifiStatStore( 1110): handleMessage : 200
12-12 17:09:22.458 I/TrafficMonitor( 1110): update:rxPkts:1,txPkts:1,rxBytes:203,txBytes:44
12-12 17:09:22.458 I/TrafficMonitor( 1110): start expired. level:-1
12-12 17:09:22.458 I/TrafficMonitor( 1110): gettimer:interval=2000
12-12 17:09:22.734 E/WificondControl( 1110): Noise: -94, Snr: 0, Chload: -1
12-12 17:09:22.735 D/HwWifiCHRStateManager( 1110): handleMessage : 1001
12-12 17:09:22.735 D/HwWifiCHRStateManager( 1110): handleUpdateChannel:2412
12-12 17:09:22.735 V/HwWifiServiceFactory( 1110): get AllImpl object = com.android.server.wifi.HwWifiServiceFactoryImpl@eb658ba
12-12 17:09:22.742 D/HuaweiWifiWatchdogStateMachine( 1110): LM mrssi=-49
12-12 17:09:22.742 D/HuaweiWifiWatchdogStateMachine( 1110): 90:94:**:**:68:dc current loss[-49]=0%, volume=16
12-12 17:09:22.743 D/HuaweiWifiWatchdogStateMachine( 1110): 90:94:**:**:68:dc history loss[-49]=0.8%, volume=393185
12-12 17:09:22.743 I/HuaweiWifiWatchdogStateMachine( 1110): spd good count:0, add sc:0.0, rate:1.0
12-12 17:09:22.744 D/HuaweiWifiWatchdogStateMachine( 1110): high data flow: protection_counter = 0,  not_detect_counter = 343
12-12 17:09:22.744 D/HuaweiWifiWatchdogStateMachine( 1110): high data flow scenario: 0 --> 0 rx bytes =1KB
12-12 17:09:22.744 I/HuaweiWifiWatchdogStateMachine( 1110): current mHighDataFlowRate = 1.0
12-12 17:09:22.744 I/HuaweiWifiWatchdogStateMachine( 1110): POta txb txg rxg:0, 16, 0. Lr =0% Totpkt=16
12-12 17:09:22.747 D/WiFi_PRO( 1110): MSG_RETURN_AP_CURRY_RSSI rssi = -49
12-12 17:09:22.748 D/HwUidTcpMonitor( 1110): parseWlanUidTcpStatistics lastUidTcpStatInfo = [ mUid = 10075 mPacketName = com.sohu.inputmethod.sogou mSendSegs = 584 mResendSegs = 240 mRcvSegs = 264 ]
12-12 17:09:22.748 E/HwDualBandManager( 1110): MonitorState m24GRssi = -49
12-12 17:09:22.749 I/QosMonitor( 1110): queryRtt: rtt_type = 3
12-12 17:09:22.749 I/HwQoEJNI( 1110): send_cmd_kernel. begin
12-12 17:09:22.750 I/HwQoEJNI( 1110): send_cmd_kernel. end
12-12 17:09:22.751 I/QosMonitor( 1110): postEventFromNative: msg=100,arg1=4,arg2=10
12-12 17:09:22.752 I/HwQoEJNI( 1110): send_cmd_kernel. begin
12-12 17:09:22.752 I/HwQoEJNI( 1110): send_cmd_kernel. end
12-12 17:09:22.752 I/QosMonitor( 1110): postEventFromNative: msg=100,arg1=0,arg2=10
12-12 17:09:22.753 D/HuaweiWifiWatchdogStateMachine( 1110): setSampleRtt: unvalid rtt
12-12 17:09:22.753 I/MQoS    ( 1110): rtt=560,tcp_tx_pkts=164649,tcp_rx_pkts=161701
12-12 17:09:22.753 D/HuaweiWifiWatchdogStateMachine( 1110): dumpTcpResult: len=10,rtt=560,rttPkt=1,rttWn=77,cgt=16,cgtWn=5830688
12-12 17:09:22.754 I/HuaweiWifiWatchdogStateMachine( 1110): PTcp RTT:0, rtt pkt=0, tcp_rx=0, tcp_tx=1, tcp_reTran=1, rtRate=1
12-12 17:09:22.754 D/HuaweiWifiWatchdogStateMachine( 1110): mRssiBadCount =0, RSSI not bad.
12-12 17:09:22.754 D/HuaweiWifiWatchdogStateMachine( 1110): detectNetworkAvailable:hw.wifipro.dns_fail_count = 80
12-12 17:09:22.754 D/HuaweiWifiWatchdogStateMachine( 1110): bqeLevel = 2 rtt=0,rtt_pkts=0 speed=38 rssi=-49
