12-12 17:09:22.754 D/HuaweiWifiWatchdogStateMachine( 1110): Enter updateQoeLevel level = 2
12-12 17:09:22.754 D/HuaweiWifiWatchdogStateMachine( 1110): updateQoeLevel current level equal to mLastDetectLevel, return
12-12 17:09:22.754 D/HuaweiWifiWatchdogStateMachine( 1110): did not have any network action
12-12 17:09:22.757 I/MQoS    ( 1110): QOS_level:5(5),wifi-link;use signalLvl:5;RAT:4G
12-12 17:09:23.045 D/HwArpVerifier( 1110): performPollAndLog:
12-12 17:09:23.052 D/hw_netstat( 1110): total/0/44,com.sohu.inputmethod.sogou/0/44
12-12 17:09:23.729 W/ResourceType( 1400): No package identifier when getting value for resource number 0x00000000
12-12 17:09:23.730 E/HwNotchUtils( 1400): setIconForView iconId is not found
12-12 17:09:23.732 W/ResourceType( 1400): No package identifier when getting value for resource number 0x00000000
12-12 17:09:23.732 E/HwNotchUtils( 1400): setIconForView iconId is not found
12-12 17:09:23.741 I/NetworkSpeedManagerEx( 1400): mIsStop = false
12-12 17:09:23.741 I/NetworkSpeedManagerEx( 1400):  runInThread getTetherStats
12-12 17:09:23.745 I/NetworkSpeedManagerEx( 1400):  runInUI refreshSpeed
12-12 17:09:23.746 I/NetworkSpeedManagerEx( 1400): value=82.333336speed = 82
12-12 17:09:23.746 I/NetworkSpeedManagerEx( 1400): B/smIsShowLastSpeedValuefalse
12-12 17:09:23.747 I/NetworkSpeedView( 1400): /update(), speed=82
12-12 17:09:23.747 I/NetworkSpeedView( 1400): B/s parent class:class com.android.systemui.statusbar.HwSystemIcons
12-12 17:09:23.766 I/NetworkSpeedManagerEx( 1400): mIsStop = false
12-12 17:09:23.767 I/NetworkSpeedManagerEx( 1400):  runInThread getTetherStats
12-12 17:09:23.769 I/NetworkSpeedManagerEx( 1400):  runInUI refreshSpeed
12-12 17:09:23.771 I/NetworkSpeedManagerEx( 1400): value=82.333336speed = 82
12-12 17:09:23.771 I/NetworkSpeedManagerEx( 1400): B/smIsShowLastSpeedValuefalse
12-12 17:09:23.771 I/NetworkSpeedView( 1400): /update(), speed=82
12-12 17:09:23.771 I/NetworkSpeedView( 1400): B/s parent class:class com.android.systemui.statusbar.HwSystemIcons
12-12 17:09:24.286 E/Thermal-daemon(  737): [flash_led] temp_new :35  temp_old :34
12-12 17:09:24.286 I/ThermalService( 1830): Receive temperature change, type: 3, temp: 35 from thermald
12-12 17:09:24.287 E/Thermal-daemon(  737): Report temperature: [flash_led] temp :35  report_threshold:1
12-12 17:09:24.461 I/TrafficMonitor( 1110): update:rxPkts:2,txPkts:0,rxBytes:235,txBytes:0
12-12 17:09:24.461 I/TrafficMonitor( 1110): start expired. level:-1
12-12 17:09:24.461 I/TrafficMonitor( 1110): gettimer:interval=2000
12-12 17:09:24.610 E/WifiHAL (  521): enter wifi_get_link_stats
12-12 17:09:24.626 E/WificondControl( 1110): Noise: -94, Snr: 0, Chload: -1
12-12 17:09:24.626 D/HwWifiCHRStateManager( 1110): handleMessage : 1001
12-12 17:09:24.626 D/HwWifiCHRStateManager( 1110): handleUpdateChannel:2412
12-12 17:09:24.626 V/HwWifiServiceFactory( 1110): get AllImpl object = com.android.server.wifi.HwWifiServiceFactoryImpl@eb658ba
12-12 17:09:24.627 D/HwCustWifiStateMachineReferenceImpl( 1110): checkRssiOverThreshold newRssi = -51
12-12 17:09:24.628 D/WifiScoreReport( 1110): Score = 100, wifiConnectivityManagerEnabled = false, lowScoreCount = 0
12-12 17:09:25.132 D/HwWifiStatStore( 1110): handleMessage : 200
12-12 17:09:26.463 I/TrafficMonitor( 1110): update:rxPkts:2,txPkts:0,rxBytes:406,txBytes:0
12-12 17:09:26.463 I/TrafficMonitor( 1110): start expired. level:-1
12-12 17:09:26.463 I/TrafficMonitor( 1110): gettimer:interval=2000
12-12 17:09:26.737 W/ResourceType( 1400): No package identifier when getting value for resource number 0x00000000
12-12 17:09:26.738 E/HwNotchUtils( 1400): setIconForView iconId is not found
12-12 17:09:26.740 W/ResourceType( 1400): No package identifier when getting value for resource number 0x00000000
12-12 17:09:26.741 E/HwNotchUtils( 1400): setIconForView iconId is not found
12-12 17:09:26.752 I/NetworkSpeedManagerEx( 1400): mIsStop = false
12-12 17:09:26.752 I/NetworkSpeedManagerEx( 1400):  runInThread getTetherStats
12-12 17:09:26.754 I/NetworkSpeedManagerEx( 1400):  runInUI refreshSpeed
12-12 17:09:26.756 I/NetworkSpeedManagerEx( 1400): value=213.66667speed = 214
12-12 17:09:26.756 I/NetworkSpeedManagerEx( 1400): B/smIsShowLastSpeedValuefalse
12-12 17:09:26.756 I/NetworkSpeedView( 1400): /update(), speed=214
12-12 17:09:26.756 I/NetworkSpeedView( 1400): B/s parent class:class com.android.systemui.statusbar.HwSystemIcons
12-12 17:09:26.772 I/NetworkSpeedManagerEx( 1400): mIsStop = false
12-12 17:09:26.772 I/NetworkSpeedManagerEx( 1400):  runInThread getTetherStats
12-12 17:09:26.775 I/NetworkSpeedManagerEx( 1400):  runInUI refreshSpeed
12-12 17:09:26.777 I/NetworkSpeedManagerEx( 1400): value=213.66667speed = 214
12-12 17:09:26.777 I/NetworkSpeedManagerEx( 1400): B/smIsShowLastSpeedValuefalse
12-12 17:09:26.777 I/NetworkSpeedView( 1400): /update(), speed=214
12-12 17:09:26.777 I/NetworkSpeedView( 1400): B/s parent class:class com.android.systemui.statusbar.HwSystemIcons
12-12 17:09:27.458 I/TrafficMonitor( 1110): expired arrive. level:-1
12-12 17:09:27.458 I/TrafficMonitor( 1110): during_ms:2002,period_ms:2000
12-12 17:09:27.459 I/TrafficMonitor( 1110): count:520,rx_sum:2,tx_sum:0,rxBytes:406,during_ms:2002,rx_speed:202.79720279720283,tx_speed:0.0,rto:0.0
12-12 17:09:27.459 D/HuaweiWifiWatchdogStateMachine( 1110): speed: rxpkt:2, rxSpd:202B/s, txpkt:0, txSpd:0
12-12 17:09:27.633 E/WifiHAL (  521): enter wifi_get_link_stats
12-12 17:09:27.649 E/WificondControl( 1110): Noise: -92, Snr: 0, Chload: -1
12-12 17:09:27.649 D/HwWifiCHRStateManager( 1110): handleMessage : 1001
12-12 17:09:27.649 D/HwWifiCHRStateManager( 1110): handleUpdateChannel:2412
12-12 17:09:27.649 V/HwWifiServiceFactory( 1110): get AllImpl object = com.android.server.wifi.HwWifiServiceFactoryImpl@eb658ba
12-12 17:09:27.650 D/HwCustWifiStateMachineReferenceImpl( 1110): checkRssiOverThreshold newRssi = -48
12-12 17:09:27.651 D/WifiScoreReport( 1110): Score = 100, wifiConnectivityManagerEnabled = false, lowScoreCount = 0
12-12 17:09:28.058 D/HwArpVerifier( 1110): performPollAndLog:
12-12 17:09:28.065 D/hw_netstat( 1110): total/0/0
12-12 17:09:28.137 D/HwWifiStatStore( 1110): handleMessage : 200
12-12 17:09:28.465 I/TrafficMonitor( 1110): update:rxPkts:1,txPkts:0,rxBytes:202,txBytes:0
12-12 17:09:28.465 I/TrafficMonitor( 1110): start expired. level:-1
12-12 17:09:28.465 I/TrafficMonitor( 1110): gettimer:interval=2000
12-12 17:09:28.743 W/ResourceType( 1400): No package identifier when getting value for resource number 0x00000000
12-12 17:09:28.743 E/HwNotchUtils( 1400): setIconForView iconId is not found
12-12 17:09:28.745 W/ResourceType( 1400): No package identifier when getting value for resource number 0x00000000
12-12 17:09:28.746 E/HwNotchUtils( 1400): setIconForView iconId is not found
12-12 17:09:29.757 I/NetworkSpeedManagerEx( 1400): mIsStop = false
12-12 17:09:29.758 I/NetworkSpeedManagerEx( 1400):  runInThread getTetherStats
12-12 17:09:29.760 I/NetworkSpeedManagerEx( 1400):  runInUI refreshSpeed
12-12 17:09:29.762 I/NetworkSpeedManagerEx( 1400): value=223.33333speed = 223
12-12 17:09:29.762 I/NetworkSpeedManagerEx( 1400): B/smIsShowLastSpeedValuefalse
12-12 17:09:29.762 I/NetworkSpeedView( 1400): /update(), speed=223
12-12 17:09:29.762 I/NetworkSpeedView( 1400): B/s parent class:class com.android.systemui.statusbar.HwSystemIcons
12-12 17:09:29.778 I/NetworkSpeedManagerEx( 1400): mIsStop = false
12-12 17:09:29.778 I/NetworkSpeedManagerEx( 1400):  runInThread getTetherStats
12-12 17:09:29.781 I/NetworkSpeedManagerEx( 1400):  runInUI refreshSpeed
12-12 17:09:29.783 I/NetworkSpeedManagerEx( 1400): value=223.33333speed = 223
12-12 17:09:29.783 I/NetworkSpeedManagerEx( 1400): B/smIsShowLastSpeedValuefalse
12-12 17:09:29.783 I/NetworkSpeedView( 1400): /update(), speed=223
12-12 17:09:29.783 I/NetworkSpeedView( 1400): B/s parent class:class com.android.systemui.statusbar.HwSystemIcons
12-12 17:09:29.957 W/libc    (  824): Set property "ril.hw_modem1.rssi" to "-92"
12-12 17:09:29.962 W/libc    ( 1851): Set property "gsm.rssi.sim2" to "-92"
12-12 17:09:29.967 D/SmartcareProc( 1110): onSignalStrengthsChanged: signalStrength is: SignalStrength: -87 -2106777792 0 255 -1 -1 -1 -1 -1 -1 0 0 0 -1 0 -1 false gw|lte , on sub: 1
12-12 17:09:29.967 D/SmartcareProc( 1110): SignalStrength update result, ss: SignalStrengthInfo:174274915 mGsmSignalStrength: -87 mWcdmaRscp: -1 mWcdmaEcio: 255 mLteRsrp: -1 mLteRsrq: -1 mCdmaDbm: -1 mCdmaEcio: -1 mEvdoDbm: -1mEvdoEcio: -1mLteRssnr: -1
12-12 17:09:29.968 I/MQoS    ( 1110): onSignal: mSubId=1,currDataSubID=0
12-12 17:09:29.969 I/MQoS    ( 1110): received cell-signal:5
12-12 17:09:29.979 I/HwMobileSignalController(1)( 1400): subId:1 phoneType:1 networktype:2 targetClass:1 masterLevel:4 slaveLevel:-1
12-12 17:09:30.466 I/TrafficMonitor( 1110): update:rxPkts:4,txPkts:0,rxBytes:468,txBytes:0
12-12 17:09:30.466 I/TrafficMonitor( 1110): start expired. level:-1
12-12 17:09:30.466 I/TrafficMonitor( 1110): gettimer:interval=2000
12-12 17:09:30.492 W/Watchdog( 1110): hungtask: writing kick
12-12 17:09:30.494 I/EventHub( 1110): EventHub monitor: no key events in the past 429s, no motion events in the past 60s
12-12 17:09:30.652 E/WifiHAL (  521): enter wifi_get_link_stats
12-12 17:09:30.666 E/wificond(  738): Failed to get NL80211_STA_INFO_CNAHLOAD
12-12 17:09:30.667 E/WificondControl( 1110): Noise: -92, Snr: 0, Chload: -1
12-12 17:09:30.667 D/HwWifiCHRStateManager( 1110): handleMessage : 1001
12-12 17:09:30.668 D/HwWifiCHRStateManager( 1110): handleUpdateChannel:2412
12-12 17:09:30.668 V/HwWifiServiceFactory( 1110): get AllImpl object = com.android.server.wifi.HwWifiServiceFactoryImpl@eb658ba
12-12 17:09:30.669 D/HwCustWifiStateMachineReferenceImpl( 1110): checkRssiOverThreshold newRssi = -46
12-12 17:09:30.669 D/WifiScoreReport( 1110): Score = 100, wifiConnectivityManagerEnabled = false, lowScoreCount = 0
12-12 17:09:30.730 E/WificondControl( 1110): Noise: -92, Snr: 0, Chload: -1
12-12 17:09:30.731 D/HwWifiCHRStateManager( 1110): handleMessage : 1001
12-12 17:09:30.731 D/HwWifiCHRStateManager( 1110): handleUpdateChannel:2412
12-12 17:09:30.731 V/HwWifiServiceFactory( 1110): get AllImpl object = com.android.server.wifi.HwWifiServiceFactoryImpl@eb658ba
12-12 17:09:30.736 D/HuaweiWifiWatchdogStateMachine( 1110): LM mrssi=-46
12-12 17:09:30.736 D/HuaweiWifiWatchdogStateMachine( 1110): 90:94:**:**:68:dc current loss[-46]=0%, volume=18
12-12 17:09:30.738 D/WiFi_PRO( 1110): MSG_RETURN_AP_CURRY_RSSI rssi = -46
12-12 17:09:30.739 D/HuaweiWifiWatchdogStateMachine( 1110): 90:94:**:**:68:dc history loss[-46]=0.59%, volume=400290
12-12 17:09:30.739 I/QosMonitor( 1110): queryRtt: rtt_type = 3
12-12 17:09:30.739 E/HwDualBandManager( 1110): MonitorState m24GRssi = -46
12-12 17:09:30.739 I/HuaweiWifiWatchdogStateMachine( 1110): spd good count:0, add sc:0.0, rate:1.0
12-12 17:09:30.739 I/HwQoEJNI( 1110): send_cmd_kernel. begin
12-12 17:09:30.739 I/HuaweiWifiWatchdogStateMachine( 1110): current mHighDataFlowRate = 1.0
12-12 17:09:30.739 I/HwQoEJNI( 1110): send_cmd_kernel. end
12-12 17:09:30.739 I/HuaweiWifiWatchdogStateMachine( 1110): POta txb txg rxg:0, 34, 0. Lr =0% Totpkt=34
12-12 17:09:30.739 I/QosMonitor( 1110): postEventFromNative: msg=100,arg1=4,arg2=10
12-12 17:09:30.740 I/HwQoEJNI( 1110): send_cmd_kernel. begin
12-12 17:09:30.740 I/HwQoEJNI( 1110): send_cmd_kernel. end
12-12 17:09:30.740 I/QosMonitor( 1110): postEventFromNative: msg=100,arg1=0,arg2=10
12-12 17:09:30.740 D/HuaweiWifiWatchdogStateMachine( 1110): setSampleRtt: unvalid rtt
12-12 17:09:30.740 I/MQoS    ( 1110): rtt=560,tcp_tx_pkts=164649,tcp_rx_pkts=161701
12-12 17:09:30.743 D/HuaweiWifiWatchdogStateMachine( 1110): dumpTcpResult: len=10,rtt=560,rttPkt=1,rttWn=85,cgt=16,cgtWn=5830688
12-12 17:09:30.744 I/HuaweiWifiWatchdogStateMachine( 1110): PTcp RTT:0, rtt pkt=0, tcp_rx=0, tcp_tx=0, tcp_reTran=0, rtRate=0
12-12 17:09:30.744 D/HuaweiWifiWatchdogStateMachine( 1110): mRssiBadCount =0, RSSI not bad.
12-12 17:09:30.744 D/HuaweiWifiWatchdogStateMachine( 1110): detectNetworkAvailable:hw.wifipro.dns_fail_count = 80
12-12 17:09:30.744 D/HuaweiWifiWatchdogStateMachine( 1110): bqeLevel = 2 rtt=0,rtt_pkts=0 speed=202 rssi=-46
12-12 17:09:30.744 D/HuaweiWifiWatchdogStateMachine( 1110): Enter updateQoeLevel level = 2
12-12 17:09:30.744 D/HuaweiWifiWatchdogStateMachine( 1110): updateQoeLevel current level equal to mLastDetectLevel, return
12-12 17:09:30.744 D/HuaweiWifiWatchdogStateMachine( 1110): did not have any network action
12-12 17:09:30.747 I/MQoS    ( 1110): QOS_level:5(5),wifi-link;use signalLvl:5;RAT:4G
12-12 17:09:30.750 W/ResourceType( 1400): No package identifier when getting value for resource number 0x00000000
12-12 17:09:30.751 E/HwNotchUtils( 1400): setIconForView iconId is not found
12-12 17:09:30.754 W/ResourceType( 1400): No package identifier when getting value for resource number 0x00000000
12-12 17:09:30.754 E/HwNotchUtils( 1400): setIconForView iconId is not found
12-12 17:09:31.142 D/HwWifiStatStore( 1110): handleMessage : 200
12-12 17:09:32.470 I/TrafficMonitor( 1110): update:rxPkts:1,txPkts:0,rxBytes:202,txBytes:0
12-12 17:09:32.470 I/TrafficMonitor( 1110): start expired. level:-1
12-12 17:09:32.470 I/TrafficMonitor( 1110): gettimer:interval=2000
12-12 17:09:32.754 W/ResourceType( 1400): No package identifier when getting value for resource number 0x00000000
12-12 17:09:32.755 E/HwNotchUtils( 1400): setIconForView iconId is not found
12-12 17:09:32.757 W/ResourceType( 1400): No package identifier when getting value for resource number 0x00000000
12-12 17:09:32.757 E/HwNotchUtils( 1400): setIconForView iconId is not found
12-12 17:09:32.767 I/NetworkSpeedManagerEx( 1400): mIsStop = false
12-12 17:09:32.767 I/NetworkSpeedManagerEx( 1400):  runInThread getTetherStats
12-12 17:09:32.769 I/NetworkSpeedManagerEx( 1400):  runInUI refreshSpeed
12-12 17:09:32.771 I/NetworkSpeedManagerEx( 1400): value=67.333336speed = 67
12-12 17:09:32.771 I/NetworkSpeedManagerEx( 1400): B/smIsShowLastSpeedValuefalse
12-12 17:09:32.771 I/NetworkSpeedView( 1400): /update(), speed=67
12-12 17:09:32.771 I/NetworkSpeedView( 1400): B/s parent class:class com.android.systemui.statusbar.HwSystemIcons
12-12 17:09:32.787 I/NetworkSpeedManagerEx( 1400): mIsStop = false
12-12 17:09:32.788 I/NetworkSpeedManagerEx( 1400):  runInThread getTetherStats
12-12 17:09:32.790 I/NetworkSpeedManagerEx( 1400):  runInUI refreshSpeed
12-12 17:09:32.792 I/NetworkSpeedManagerEx( 1400): value=67.333336speed = 67
12-12 17:09:32.792 I/NetworkSpeedManagerEx( 1400): B/smIsShowLastSpeedValuefalse
12-12 17:09:32.792 I/NetworkSpeedView( 1400): /update(), speed=67
12-12 17:09:32.792 I/NetworkSpeedView( 1400): B/s parent class:class com.android.systemui.statusbar.HwSystemIcons
12-12 17:09:33.070 D/HwArpVerifier( 1110): performPollAndLog:
12-12 17:09:33.073 D/hw_netstat( 1110): total/0/0
12-12 17:09:33.465 I/TrafficMonitor( 1110): expired arrive. level:-1
12-12 17:09:33.466 I/TrafficMonitor( 1110): during_ms:2004,period_ms:2000
12-12 17:09:33.466 I/TrafficMonitor( 1110): count:523,rx_sum:1,tx_sum:0,rxBytes:202,during_ms:2004,rx_speed:100.79840319361277,tx_speed:0.0,rto:0.0
12-12 17:09:33.466 D/HuaweiWifiWatchdogStateMachine( 1110): speed: rxpkt:1, rxSpd:100B/s, txpkt:0, txSpd:0
12-12 17:09:33.673 E/WifiHAL (  521): enter wifi_get_link_stats
12-12 17:09:33.687 E/WificondControl( 1110): Noise: -92, Snr: 0, Chload: -1
12-12 17:09:33.688 D/HwWifiCHRStateManager( 1110): handleMessage : 1001
12-12 17:09:33.688 D/HwWifiCHRStateManager( 1110): handleUpdateChannel:2412
12-12 17:09:33.688 V/HwWifiServiceFactory( 1110): get AllImpl object = com.android.server.wifi.HwWifiServiceFactoryImpl@eb658ba
12-12 17:09:33.689 D/HwCustWifiStateMachineReferenceImpl( 1110): checkRssiOverThreshold newRssi = -47
12-12 17:09:33.690 D/WifiScoreReport( 1110): Score = 100, wifiConnectivityManagerEnabled = false, lowScoreCount = 0
12-12 17:09:34.147 D/HwWifiStatStore( 1110): handleMessage : 200
12-12 17:09:34.296 E/Thermal-daemon(  737): [ap] temp_new :39  temp_old :38
12-12 17:09:34.297 I/ThermalService( 1830): Receive temperature change, type: 0, temp: 39 from thermald
12-12 17:09:34.298 E/Thermal-daemon(  737): Report temperature: [ap] temp :39  report_threshold:1
12-12 17:09:34.298 D/HwThermalStateManager( 1830): Thermal type: 0 cur_temperature:39
12-12 17:09:34.472 I/TrafficMonitor( 1110): update:rxPkts:0,txPkts:0,rxBytes:0,txBytes:0
12-12 17:09:34.473 I/TrafficMonitor( 1110): start expired. level:-1
12-12 17:09:34.473 I/TrafficMonitor( 1110): gettimer:interval=2000
12-12 17:09:35.775 I/NetworkSpeedManagerEx( 1400): mIsStop = false
12-12 17:09:35.776 I/NetworkSpeedManagerEx( 1400):  runInThread getTetherStats
12-12 17:09:35.777 I/NetworkSpeedManagerEx( 1400):  runInUI refreshSpeed
12-12 17:09:35.779 I/NetworkSpeedManagerEx( 1400): value=0.0speed = 0
12-12 17:09:35.779 I/NetworkSpeedManagerEx( 1400): K/smIsShowLastSpeedValuefalse
12-12 17:09:35.779 I/NetworkSpeedView( 1400): /update(), speed=0
12-12 17:09:35.779 I/NetworkSpeedView( 1400): K/s parent class:class com.android.systemui.statusbar.HwSystemIcons
12-12 17:09:35.792 I/NetworkSpeedManagerEx( 1400): mIsStop = false
12-12 17:09:35.792 I/NetworkSpeedManagerEx( 1400):  runInThread getTetherStats
12-12 17:09:35.794 I/NetworkSpeedManagerEx( 1400):  runInUI refreshSpeed
12-12 17:09:35.796 I/NetworkSpeedManagerEx( 1400): value=0.0speed = 0
12-12 17:09:35.796 I/NetworkSpeedManagerEx( 1400): K/smIsShowLastSpeedValuefalse
12-12 17:09:35.796 I/NetworkSpeedView( 1400): /update(), speed=0
12-12 17:09:35.796 I/NetworkSpeedView( 1400): K/s parent class:class com.android.systemui.statusbar.HwSystemIcons
12-12 17:09:35.800 I/aptouch_daemon(  529): filter_touch_detect, down, in: 1, out: 1
12-12 17:09:35.801 D/libfingersense_wrapper( 1110): Calling fingersense_classify_touch()
12-12 17:09:35.805 D/libfingersense_wrapper( 1110): fingersense_classify_touch() finished
12-12 17:09:35.867 I/aptouch_daemon(  529): filter_touch_detect, all_touch_up
12-12 17:09:35.867 D/libfingersense_wrapper( 1110): Calling fingersense_touch_up()
12-12 17:09:35.867 D/libfingersense_wrapper( 1110): fingersense_touch_up() finished
12-12 17:09:35.975 D/SmartcareProc( 1110): onSignalStrengthsChanged: signalStrength is: SignalStrength: -89 -2106777792 0 255 -1 -1 -1 -1 -1 -1 0 0 0 -1 0 -1 false gw|lte , on sub: 1
12-12 17:09:35.975 D/SmartcareProc( 1110): SignalStrength update result, ss: SignalStrengthInfo:174274915 mGsmSignalStrength: -89 mWcdmaRscp: -1 mWcdmaEcio: 255 mLteRsrp: -1 mLteRsrq: -1 mCdmaDbm: -1 mCdmaEcio: -1 mEvdoDbm: -1mEvdoEcio: -1mLteRssnr: -1
12-12 17:09:35.976 I/MQoS    ( 1110): onSignal: mSubId=1,currDataSubID=0
12-12 17:09:35.977 I/MQoS    ( 1110): received cell-signal:5
12-12 17:09:35.985 I/HwMobileSignalController(1)( 1400): subId:1 phoneType:1 networktype:2 targetClass:1 masterLevel:4 slaveLevel:-1
12-12 17:09:36.475 I/TrafficMonitor( 1110): update:rxPkts:0,txPkts:0,rxBytes:0,txBytes:0
12-12 17:09:36.475 I/TrafficMonitor( 1110): start expired. level:-1
12-12 17:09:36.475 I/TrafficMonitor( 1110): gettimer:interval=2000
12-12 17:09:36.693 E/WifiHAL (  521): enter wifi_get_link_stats
12-12 17:09:36.705 E/WificondControl( 1110): Noise: -92, Snr: 0, Chload: -1
12-12 17:09:36.705 D/HwWifiCHRStateManager( 1110): handleMessage : 1001
12-12 17:09:36.705 D/HwWifiCHRStateManager( 1110): handleUpdateChannel:2412
12-12 17:09:36.705 V/HwWifiServiceFactory( 1110): get AllImpl object = com.android.server.wifi.HwWifiServiceFactoryImpl@eb658ba
12-12 17:09:36.706 D/HwCustWifiStateMachineReferenceImpl( 1110): checkRssiOverThreshold newRssi = -49
12-12 17:09:36.706 D/WifiScoreReport( 1110): Score = 100, wifiConnectivityManagerEnabled = false, lowScoreCount = 0
12-12 17:09:36.976 I/aptouch_daemon(  529): filter_touch_detect, down, in: 1, out: 1
12-12 17:09:36.977 D/libfingersense_wrapper( 1110): Calling fingersense_classify_touch()
12-12 17:09:36.982 D/libfingersense_wrapper( 1110): fingersense_classify_touch() finished
12-12 17:09:36.983 I/InputDispatcher( 1110): touch process [6478], send to pg
12-12 17:09:37.036 I/aptouch_daemon(  529): filter_touch_detect, all_touch_up
12-12 17:09:37.037 D/libfingersense_wrapper( 1110): Calling fingersense_touch_up()
12-12 17:09:37.037 D/libfingersense_wrapper( 1110): fingersense_touch_up() finished
12-12 17:09:37.152 D/HwWifiStatStore( 1110): handleMessage : 200
12-12 17:09:37.219 I/aptouch_daemon(  529): filter_touch_detect, down, in: 1, out: 1
12-12 17:09:37.219 D/libfingersense_wrapper( 1110): Calling fingersense_classify_touch()
12-12 17:09:37.223 D/libfingersense_wrapper( 1110): fingersense_classify_touch() finished
12-12 17:09:37.267 I/aptouch_daemon(  529): filter_touch_detect, all_touch_up
12-12 17:09:37.268 D/libfingersense_wrapper( 1110): Calling fingersense_touch_up()
12-12 17:09:37.268 D/libfingersense_wrapper( 1110): fingersense_touch_up() finished
12-12 17:09:37.433 I/aptouch_daemon(  529): filter_touch_detect, down, in: 1, out: 1
12-12 17:09:37.434 D/libfingersense_wrapper( 1110): Calling fingersense_classify_touch()
12-12 17:09:37.438 D/libfingersense_wrapper( 1110): fingersense_classify_touch() finished
12-12 17:09:37.481 I/aptouch_daemon(  529): filter_touch_detect, all_touch_up
12-12 17:09:37.482 D/libfingersense_wrapper( 1110): Calling fingersense_touch_up()
12-12 17:09:37.482 D/libfingersense_wrapper( 1110): fingersense_touch_up() finished
12-12 17:09:37.670 I/aptouch_daemon(  529): filter_touch_detect, down, in: 1, out: 1
12-12 17:09:37.671 D/libfingersense_wrapper( 1110): Calling fingersense_classify_touch()
12-12 17:09:37.674 D/libfingersense_wrapper( 1110): fingersense_classify_touch() finished
12-12 17:09:37.762 I/aptouch_daemon(  529): filter_touch_detect, all_touch_up
12-12 17:09:37.762 D/libfingersense_wrapper( 1110): Calling fingersense_touch_up()
12-12 17:09:37.762 D/libfingersense_wrapper( 1110): fingersense_touch_up() finished
12-12 17:09:37.902 I/aptouch_daemon(  529): filter_touch_detect, down, in: 1, out: 1
12-12 17:09:37.902 D/libfingersense_wrapper( 1110): Calling fingersense_classify_touch()
12-12 17:09:37.906 D/libfingersense_wrapper( 1110): fingersense_classify_touch() finished
12-12 17:09:37.992 I/aptouch_daemon(  529): filter_touch_detect, all_touch_up
12-12 17:09:37.993 D/libfingersense_wrapper( 1110): Calling fingersense_touch_up()
12-12 17:09:37.993 D/libfingersense_wrapper( 1110): fingersense_touch_up() finished
12-12 17:09:38.079 D/HwArpVerifier( 1110): performPollAndLog:
12-12 17:09:38.086 D/hw_netstat( 1110): total/0/0
12-12 17:09:38.165 I/aptouch_daemon(  529): filter_touch_detect, down, in: 1, out: 1
12-12 17:09:38.166 D/libfingersense_wrapper( 1110): Calling fingersense_classify_touch()
12-12 17:09:38.170 D/libfingersense_wrapper( 1110): fingersense_classify_touch() finished
12-12 17:09:38.247 I/aptouch_daemon(  529): filter_touch_detect, all_touch_up
12-12 17:09:38.247 D/libfingersense_wrapper( 1110): Calling fingersense_touch_up()
12-12 17:09:38.247 D/libfingersense_wrapper( 1110): fingersense_touch_up() finished
12-12 17:09:38.429 I/aptouch_daemon(  529): filter_touch_detect, down, in: 1, out: 1
12-12 17:09:38.429 D/libfingersense_wrapper( 1110): Calling fingersense_classify_touch()
12-12 17:09:38.433 D/libfingersense_wrapper( 1110): fingersense_classify_touch() finished
12-12 17:09:38.477 I/TrafficMonitor( 1110): update:rxPkts:4,txPkts:0,rxBytes:762,txBytes:0
12-12 17:09:38.477 I/TrafficMonitor( 1110): start expired. level:-1
12-12 17:09:38.477 I/TrafficMonitor( 1110): gettimer:interval=2000
12-12 17:09:38.510 I/aptouch_daemon(  529): filter_touch_detect, all_touch_up
12-12 17:09:38.510 D/libfingersense_wrapper( 1110): Calling fingersense_touch_up()
12-12 17:09:38.511 D/libfingersense_wrapper( 1110): fingersense_touch_up() finished
12-12 17:09:38.701 I/aptouch_daemon(  529): filter_touch_detect, down, in: 1, out: 1
12-12 17:09:38.701 D/libfingersense_wrapper( 1110): Calling fingersense_classify_touch()
12-12 17:09:38.705 D/libfingersense_wrapper( 1110): fingersense_classify_touch() finished
12-12 17:09:38.737 E/WificondControl( 1110): Noise: -92, Snr: 0, Chload: -1
12-12 17:09:38.737 D/HwWifiCHRStateManager( 1110): handleMessage : 1001
12-12 17:09:38.737 D/HwWifiCHRStateManager( 1110): handleUpdateChannel:2412
12-12 17:09:38.737 V/HwWifiServiceFactory( 1110): get AllImpl object = com.android.server.wifi.HwWifiServiceFactoryImpl@eb658ba
12-12 17:09:38.741 D/HuaweiWifiWatchdogStateMachine( 1110): LM mrssi=-50
12-12 17:09:38.741 D/HuaweiWifiWatchdogStateMachine( 1110): 90:94:**:**:68:dc current loss[-50]=0%, volume=10
12-12 17:09:38.741 D/HuaweiWifiWatchdogStateMachine( 1110): 90:94:**:**:68:dc history loss[-50]=0.79%, volume=390495
12-12 17:09:38.741 I/HuaweiWifiWatchdogStateMachine( 1110): spd good count:0, add sc:0.0, rate:1.0
12-12 17:09:38.742 I/HuaweiWifiWatchdogStateMachine( 1110): current mHighDataFlowRate = 1.0
12-12 17:09:38.742 I/HuaweiWifiWatchdogStateMachine( 1110): POta txb txg rxg:0, 44, 0. Lr =0% Totpkt=44
12-12 17:09:38.742 D/WiFi_PRO( 1110): MSG_RETURN_AP_CURRY_RSSI rssi = -50
12-12 17:09:38.742 I/QosMonitor( 1110): queryRtt: rtt_type = 3
12-12 17:09:38.742 E/HwDualBandManager( 1110): MonitorState m24GRssi = -50
12-12 17:09:38.742 I/HwQoEJNI( 1110): send_cmd_kernel. begin
12-12 17:09:38.743 I/HwQoEJNI( 1110): send_cmd_kernel. end
12-12 17:09:38.743 I/QosMonitor( 1110): postEventFromNative: msg=100,arg1=4,arg2=10
12-12 17:09:38.743 I/HwQoEJNI( 1110): send_cmd_kernel. begin
12-12 17:09:38.743 I/HwQoEJNI( 1110): send_cmd_kernel. end
12-12 17:09:38.743 I/QosMonitor( 1110): postEventFromNative: msg=100,arg1=0,arg2=10
12-12 17:09:38.743 D/HuaweiWifiWatchdogStateMachine( 1110): setSampleRtt: unvalid rtt
12-12 17:09:38.743 I/MQoS    ( 1110): rtt=560,tcp_tx_pkts=164649,tcp_rx_pkts=161701
12-12 17:09:38.744 D/HuaweiWifiWatchdogStateMachine( 1110): dumpTcpResult: len=10,rtt=560,rttPkt=1,rttWn=93,cgt=0,cgtWn=0
12-12 17:09:38.744 I/HuaweiWifiWatchdogStateMachine( 1110): PTcp RTT:0, rtt pkt=0, tcp_rx=0, tcp_tx=0, tcp_reTran=0, rtRate=0
12-12 17:09:38.744 D/HuaweiWifiWatchdogStateMachine( 1110): mRssiBadCount =0, RSSI not bad.
12-12 17:09:38.744 D/HuaweiWifiWatchdogStateMachine( 1110): detectNetworkAvailable:hw.wifipro.dns_fail_count = 80
12-12 17:09:38.744 D/HuaweiWifiWatchdogStateMachine( 1110): bqeLevel = 2 rtt=0,rtt_pkts=0 speed=202 rssi=-50
12-12 17:09:38.744 D/HuaweiWifiWatchdogStateMachine( 1110): Enter updateQoeLevel level = 2
12-12 17:09:38.744 D/HuaweiWifiWatchdogStateMachine( 1110): updateQoeLevel current level equal to mLastDetectLevel, return
12-12 17:09:38.744 D/HuaweiWifiWatchdogStateMachine( 1110): did not have any network action
12-12 17:09:38.746 I/MQoS    ( 1110): QOS_level:5(5),wifi-link;use signalLvl:5;RAT:4G
12-12 17:09:38.780 I/NetworkSpeedManagerEx( 1400): mIsStop = false
12-12 17:09:38.780 I/NetworkSpeedManagerEx( 1400):  runInThread getTetherStats
12-12 17:09:38.781 I/NetworkSpeedManagerEx( 1400):  runInUI refreshSpeed
12-12 17:09:38.782 I/aptouch_daemon(  529): filter_touch_detect, all_touch_up
12-12 17:09:38.783 D/libfingersense_wrapper( 1110): Calling fingersense_touch_up()
12-12 17:09:38.783 D/libfingersense_wrapper( 1110): fingersense_touch_up() finished
12-12 17:09:38.783 I/NetworkSpeedManagerEx( 1400): value=254.0speed = 254
12-12 17:09:38.783 I/NetworkSpeedManagerEx( 1400): B/smIsShowLastSpeedValuefalse
12-12 17:09:38.783 I/NetworkSpeedView( 1400): /update(), speed=254
12-12 17:09:38.783 I/NetworkSpeedView( 1400): B/s parent class:class com.android.systemui.statusbar.HwSystemIcons
12-12 17:09:38.799 I/NetworkSpeedManagerEx( 1400): mIsStop = false
12-12 17:09:38.800 I/NetworkSpeedManagerEx( 1400):  runInThread getTetherStats
12-12 17:09:38.801 I/NetworkSpeedManagerEx( 1400):  runInUI refreshSpeed
12-12 17:09:38.802 I/NetworkSpeedManagerEx( 1400): value=254.0speed = 254
12-12 17:09:38.802 I/NetworkSpeedManagerEx( 1400): B/smIsShowLastSpeedValuefalse
12-12 17:09:38.802 I/NetworkSpeedView( 1400): /update(), speed=254
12-12 17:09:38.802 I/NetworkSpeedView( 1400): B/s parent class:class com.android.systemui.statusbar.HwSystemIcons
12-12 17:09:38.956 I/aptouch_daemon(  529): filter_touch_detect, down, in: 1, out: 1
12-12 17:09:38.956 D/libfingersense_wrapper( 1110): Calling fingersense_classify_touch()
12-12 17:09:38.960 D/libfingersense_wrapper( 1110): fingersense_classify_touch() finished
12-12 17:09:39.030 I/aptouch_daemon(  529): filter_touch_detect, all_touch_up
12-12 17:09:39.030 D/libfingersense_wrapper( 1110): Calling fingersense_touch_up()
12-12 17:09:39.030 D/libfingersense_wrapper( 1110): fingersense_touch_up() finished
12-12 17:09:39.213 I/aptouch_daemon(  529): filter_touch_detect, down, in: 1, out: 1
12-12 17:09:39.214 D/libfingersense_wrapper( 1110): Calling fingersense_classify_touch()
12-12 17:09:39.219 D/libfingersense_wrapper( 1110): fingersense_classify_touch() finished
12-12 17:09:39.277 I/aptouch_daemon(  529): filter_touch_detect, all_touch_up
12-12 17:09:39.278 D/libfingersense_wrapper( 1110): Calling fingersense_touch_up()
12-12 17:09:39.278 D/libfingersense_wrapper( 1110): fingersense_touch_up() finished
12-12 17:09:39.298 E/Thermal-daemon(  737): [battery] temp_new :32  temp_old :31
12-12 17:09:39.299 I/ThermalService( 1830): Receive temperature change, type: 9, temp: 32 from thermald
12-12 17:09:39.299 I/ThermalTrace_ThermalRaise( 1830): Battery:-100,31,32
12-12 17:09:39.300 E/Thermal-daemon(  737): Report temperature: [battery] temp :32  report_threshold:1
12-12 17:09:39.304 E/Thermal-daemon(  737): [ap] temp_new :38  temp_old :39
12-12 17:09:39.305 I/ThermalService( 1830): Receive temperature change, type: 0, temp: 38 from thermald
12-12 17:09:39.305 D/HwThermalStateManager( 1830): Thermal type: 0 cur_temperature:38
12-12 17:09:39.306 E/Thermal-daemon(  737): Report temperature: [ap] temp :38  report_threshold:1
12-12 17:09:39.474 I/TrafficMonitor( 1110): expired arrive. level:-1
12-12 17:09:39.474 I/TrafficMonitor( 1110): during_ms:2002,period_ms:2000
12-12 17:09:39.474 I/TrafficMonitor( 1110): count:526,rx_sum:4,tx_sum:0,rxBytes:762,during_ms:2002,rx_speed:380.61938061938065,tx_speed:0.0,rto:0.0
12-12 17:09:39.474 D/HuaweiWifiWatchdogStateMachine( 1110): speed: rxpkt:4, rxSpd:380B/s, txpkt:0, txSpd:0
12-12 17:09:39.514 W/AwareLog( 1110): AwareMem_Reclaim: generateCompressList procsGroups error!
12-12 17:09:39.708 E/WifiHAL (  521): enter wifi_get_link_stats
12-12 17:09:39.718 E/WificondControl( 1110): Noise: -92, Snr: 0, Chload: -1
12-12 17:09:39.719 D/HwWifiCHRStateManager( 1110): handleMessage : 1001
12-12 17:09:39.719 D/HwWifiCHRStateManager( 1110): handleUpdateChannel:2412
12-12 17:09:39.719 V/HwWifiServiceFactory( 1110): get AllImpl object = com.android.server.wifi.HwWifiServiceFactoryImpl@eb658ba
12-12 17:09:39.719 D/HwCustWifiStateMachineReferenceImpl( 1110): checkRssiOverThreshold newRssi = -49
12-12 17:09:39.720 D/WifiScoreReport( 1110): Score = 100, wifiConnectivityManagerEnabled = false, lowScoreCount = 0
12-12 17:09:39.920 I/aptouch_daemon(  529): filter_touch_detect, down, in: 1, out: 1
12-12 17:09:39.921 D/libfingersense_wrapper( 1110): Calling fingersense_classify_touch()
12-12 17:09:39.925 D/libfingersense_wrapper( 1110): fingersense_classify_touch() finished
12-12 17:09:39.926 I/InputDispatcher( 1110): Dropped event because the current application is not responding and the user has started interacting with a different application.
12-12 17:09:39.940 I/chatty  ( 1110): uid=1000(system) InputDispatcher identical 96 lines
12-12 17:09:39.940 I/InputDispatcher( 1110): Dropped event because the current application is not responding and the user has started interacting with a different application.
12-12 17:09:39.945 D/KeyEvent( 1110): obtain, mHwFlags=0
12-12 17:09:39.945 D/HwCustPhoneWindowManager( 1110): answer call by keyCode = 4, down = true, isSupVolumnkeyAnswerCall = false
12-12 17:09:39.945 D/HwPhoneWindowManager( 1110): if the event is injected :true
12-12 17:09:39.946 D/WindowManager( 1110): interceptKeyBeforeQueueing: key 4 , result : 1
12-12 17:09:39.947 D/KeyEvent( 1110): obtain, mHwFlags=844598864
12-12 17:09:39.949 D/HwGameAssistantController( 1110): Keycontrol mode is 0 for user 0
12-12 17:09:39.949 D/HwPhoneWindowManager( 1110): deviceId:-1 mFingerPrintId:0 isGameKeyControlOn:false,EnableKey=false,mLastKeyDownDropped=false
12-12 17:09:39.976 I/aptouch_daemon(  529): filter_touch_detect, all_touch_up
12-12 17:09:39.977 D/libfingersense_wrapper( 1110): Calling fingersense_touch_up()
12-12 17:09:39.977 D/libfingersense_wrapper( 1110): fingersense_touch_up() finished
12-12 17:09:40.158 D/HwWifiStatStore( 1110): handleMessage : 200
12-12 17:09:40.313 I/DataSrv-10.3.0.301-O-1115-17:51-VSimDynamicBroadcastReceiver( 2934): reveive broadcast:android.intent.action.BATTERY_CHANGED
12-12 17:09:40.313 I/DataSrv-10.3.0.301-O-1115-17:51-BusinessAsyncExecutor( 2934): processBroadcast
12-12 17:09:40.313 I/DataSrv-10.3.0.301-O-1115-17:51-BusinessAsyncExecutor( 2934): processBroadcast do
12-12 17:09:40.315 D/KeyguardUpdateMonitor( 1400): received broadcast android.intent.action.BATTERY_CHANGED
12-12 17:09:40.316 W/KeyguardUpdateMonitor( 1400): ACTION_BATTERY_CHANGED AMP: 512000; Volt: 4700000
12-12 17:09:40.316 V/KeyguardUpdateMonitor( 1400): RefreshBatteryInfo isBatteryLow: 100
12-12 17:09:40.316 W/KeyguardUpdateMonitor( 1400): ChargingSpeed  Wattage: 2406400 ST: 5000000 --> 7500000
12-12 17:09:40.316 I/KgBattery( 1400): BatteryInfo updated:  5lPC0
12-12 17:09:40.316 W/AppHandler( 1400): sendMessage with obj100
12-12 17:09:40.316 D/KeyguardUpdateMonitor( 1400): handleBatteryUpdate
12-12 17:09:40.316 W/HwLockScreenPanel( 1400): refreshBatteryInfo: null
12-12 17:09:40.316 W/HwLockScreenPanel( 1400): Handle message: 100
12-12 17:09:40.318 D/HwInnerWifiManagerImpl( 1110): SupplicantState = COMPLETED
12-12 17:09:40.319 D/HwInnerWifiManagerImpl( 1110): isPhoneAP = false
12-12 17:09:40.319 D/HwInnerWifiManagerImpl( 1110): SupplicantState = COMPLETED
12-12 17:09:40.319 W/HwKeyguardBottomArea( 1400): updateBatteryInfo : false  true
12-12 17:09:40.320 D/HwInnerWifiManagerImpl( 1110): isPhoneAP = false
12-12 17:09:40.320 D/WifiStateMachine( 1110): mBcastReceiver: PluggedType = 2 mIsScanCtrlPluggedin = true
12-12 17:09:40.320 D/HwWifiService( 1110): mPluggedType =2
12-12 17:09:40.321 D/WifiService( 1110): onReceive, action:android.intent.action.BATTERY_CHANGED
12-12 17:09:40.321 D/WifiService( 1110): ACTION_BATTERY_CHANGED pluggedType: 2
12-12 17:09:40.322 I/MsgReceiver( 1830): intent action: android.intent.action.BATTERY_CHANGED
12-12 17:09:40.334 I/DataSrv-10.3.0.301-O-1115-17:51-VSimService( 2934): onStartCommand
12-12 17:09:40.335 I/DataSrv-10.3.0.301-O-1115-17:51-VSimService( 2934): type: 2, android.intent.action.BATTERY_CHANGED
12-12 17:09:40.335 I/DataSrv-10.3.0.301-O-1115-17:51-VSimServiceImpl( 2934): Battery changed! Current status; 5
12-12 17:09:40.336 W/DataSrv-10.3.0.301-O-1115-17:51-VSimService( 2934): no matched type
12-12 17:09:40.342 I/DataSrv-10.3.0.301-O-1115-17:51-FenceData( 2934): getListFromDBCursor size: 74
12-12 17:09:40.342 I/DataSrv-10.3.0.301-O-1115-17:51-FenceDataFlow( 2934): All fence data has updated. No need to update.
12-12 17:09:40.356 I/PhoneStatusBar( 1400): handleLongPressBack runInThread
12-12 17:09:40.356 I/PhoneStatusBar( 1400): handleLongPressBack runInThread isInLockTaskMode false
12-12 17:09:40.479 I/TrafficMonitor( 1110): update:rxPkts:2,txPkts:0,rxBytes:406,txBytes:0
12-12 17:09:40.479 I/TrafficMonitor( 1110): start expired. level:-1
12-12 17:09:40.479 I/TrafficMonitor( 1110): gettimer:interval=2000
12-12 17:09:41.774 W/ResourceType( 1400): No package identifier when getting value for resource number 0x00000000
12-12 17:09:41.774 E/HwNotchUtils( 1400): setIconForView iconId is not found
12-12 17:09:41.776 W/ResourceType( 1400): No package identifier when getting value for resource number 0x00000000
12-12 17:09:41.776 E/HwNotchUtils( 1400): setIconForView iconId is not found
12-12 17:09:41.786 I/NetworkSpeedManagerEx( 1400): mIsStop = false
12-12 17:09:41.787 I/NetworkSpeedManagerEx( 1400):  runInThread getTetherStats
12-12 17:09:41.788 I/NetworkSpeedManagerEx( 1400):  runInUI refreshSpeed
12-12 17:09:41.789 I/NetworkSpeedManagerEx( 1400): value=135.33333speed = 135
12-12 17:09:41.789 I/NetworkSpeedManagerEx( 1400): B/smIsShowLastSpeedValuefalse
12-12 17:09:41.790 I/NetworkSpeedView( 1400): /update(), speed=135
12-12 17:09:41.790 I/NetworkSpeedView( 1400): B/s parent class:class com.android.systemui.statusbar.HwSystemIcons
12-12 17:09:41.813 I/NetworkSpeedManagerEx( 1400): mIsStop = false
12-12 17:09:41.814 I/NetworkSpeedManagerEx( 1400):  runInThread getTetherStats
12-12 17:09:41.815 I/NetworkSpeedManagerEx( 1400):  runInUI refreshSpeed
12-12 17:09:41.816 I/NetworkSpeedManagerEx( 1400): value=203.0speed = 203
12-12 17:09:41.816 I/NetworkSpeedManagerEx( 1400): B/smIsShowLastSpeedValuefalse
12-12 17:09:41.816 I/NetworkSpeedView( 1400): /update(), speed=203
12-12 17:09:41.816 I/NetworkSpeedView( 1400): B/s parent class:class com.android.systemui.statusbar.HwSystemIcons
12-12 17:09:41.983 D/SmartcareProc( 1110): onSignalStrengthsChanged: signalStrength is: SignalStrength: -90 -2106777792 0 255 -1 -1 -1 -1 -1 -1 0 0 0 -1 0 -1 false gw|lte , on sub: 1
12-12 17:09:41.983 D/SmartcareProc( 1110): SignalStrength update result, ss: SignalStrengthInfo:174274915 mGsmSignalStrength: -90 mWcdmaRscp: -1 mWcdmaEcio: 255 mLteRsrp: -1 mLteRsrq: -1 mCdmaDbm: -1 mCdmaEcio: -1 mEvdoDbm: -1mEvdoEcio: -1mLteRssnr: -1
12-12 17:09:41.986 I/MQoS    ( 1110): onSignal: mSubId=1,currDataSubID=0
12-12 17:09:41.987 I/MQoS    ( 1110): received cell-signal:5
12-12 17:09:41.993 I/HwMobileSignalController(1)( 1400): subId:1 phoneType:1 networktype:2 targetClass:1 masterLevel:4 slaveLevel:-1
12-12 17:09:42.480 I/TrafficMonitor( 1110): update:rxPkts:1,txPkts:0,rxBytes:203,txBytes:0
12-12 17:09:42.481 I/TrafficMonitor( 1110): start expired. level:-1
12-12 17:09:42.481 I/TrafficMonitor( 1110): gettimer:interval=5000
12-12 17:09:42.584 W/trace_@_31_12_@( 2396): 384.0#2.7979507#0.795578
12-12 17:09:42.722 E/WifiHAL (  521): enter wifi_get_link_stats
12-12 17:09:42.737 E/wificond(  738): Failed to get NL80211_STA_INFO_CNAHLOAD
12-12 17:09:42.737 E/WificondControl( 1110): Noise: -92, Snr: 0, Chload: -1
12-12 17:09:42.738 D/HwWifiCHRStateManager( 1110): handleMessage : 1001
12-12 17:09:42.738 D/HwWifiCHRStateManager( 1110): handleUpdateChannel:2412
12-12 17:09:42.738 V/HwWifiServiceFactory( 1110): get AllImpl object = com.android.server.wifi.HwWifiServiceFactoryImpl@eb658ba
12-12 17:09:42.739 D/HwCustWifiStateMachineReferenceImpl( 1110): checkRssiOverThreshold newRssi = -54
12-12 17:09:42.740 D/WifiScoreReport( 1110): Score = 100, wifiConnectivityManagerEnabled = false, lowScoreCount = 0
12-12 17:09:42.848 D/HwBatteryService( 1110): onUEvent fcpStatus = 0,scpStatus =0,ovpStatus=0
12-12 17:09:42.848 I/UsbDeviceManager( 1110): water_intrused state= 0
12-12 17:09:42.853 D/KeyguardUpdateMonitor( 1400): received broadcast android.intent.action.BATTERY_CHANGED
12-12 17:09:42.853 W/KeyguardUpdateMonitor( 1400): ACTION_BATTERY_CHANGED AMP: 512000; Volt: 4700000
12-12 17:09:42.854 V/KeyguardUpdateMonitor( 1400): RefreshBatteryInfo isBatteryLow: 100
12-12 17:09:42.854 W/KeyguardUpdateMonitor( 1400): ChargingSpeed  Wattage: 2406400 ST: 5000000 --> 7500000
12-12 17:09:42.854 I/KgBattery( 1400): BatteryInfo updated:  5lPC0
12-12 17:09:42.854 I/DataSrv-10.3.0.301-O-1115-17:51-VSimDynamicBroadcastReceiver( 2934): reveive broadcast:android.intent.action.BATTERY_CHANGED
12-12 17:09:42.854 W/AppHandler( 1400): sendMessage with obj100
12-12 17:09:42.854 D/KeyguardUpdateMonitor( 1400): handleBatteryUpdate
12-12 17:09:42.854 I/DataSrv-10.3.0.301-O-1115-17:51-BusinessAsyncExecutor( 2934): processBroadcast
12-12 17:09:42.854 I/DataSrv-10.3.0.301-O-1115-17:51-BusinessAsyncExecutor( 2934): processBroadcast do
12-12 17:09:42.854 W/HwLockScreenPanel( 1400): refreshBatteryInfo: null
12-12 17:09:42.854 W/HwLockScreenPanel( 1400): Handle message: 100
12-12 17:09:42.855 W/HwKeyguardBottomArea( 1400): updateBatteryInfo : false  true
12-12 17:09:42.857 D/HwInnerWifiManagerImpl( 1110): SupplicantState = COMPLETED
12-12 17:09:42.857 D/HwInnerWifiManagerImpl( 1110): isPhoneAP = false
12-12 17:09:42.857 D/HwInnerWifiManagerImpl( 1110): SupplicantState = COMPLETED
12-12 17:09:42.857 D/HwInnerWifiManagerImpl( 1110): isPhoneAP = false
12-12 17:09:42.857 D/WifiStateMachine( 1110): mBcastReceiver: PluggedType = 2 mIsScanCtrlPluggedin = true
12-12 17:09:42.857 D/HwWifiService( 1110): mPluggedType =2
12-12 17:09:42.858 D/WifiService( 1110): onReceive, action:android.intent.action.BATTERY_CHANGED
12-12 17:09:42.858 D/WifiService( 1110): ACTION_BATTERY_CHANGED pluggedType: 2
12-12 17:09:42.859 I/MsgReceiver( 1830): intent action: android.intent.action.BATTERY_CHANGED
12-12 17:09:42.860 I/DataSrv-10.3.0.301-O-1115-17:51-VSimService( 2934): onStartCommand
12-12 17:09:42.861 I/DataSrv-10.3.0.301-O-1115-17:51-VSimService( 2934): type: 2, android.intent.action.BATTERY_CHANGED
12-12 17:09:42.861 I/DataSrv-10.3.0.301-O-1115-17:51-VSimServiceImpl( 2934): Battery changed! Current status; 5
12-12 17:09:42.861 W/DataSrv-10.3.0.301-O-1115-17:51-VSimService( 2934): no matched type
12-12 17:09:42.867 I/DataSrv-10.3.0.301-O-1115-17:51-FenceData( 2934): getListFromDBCursor size: 74
12-12 17:09:42.867 I/DataSrv-10.3.0.301-O-1115-17:51-FenceDataFlow( 2934): All fence data has updated. No need to update.
12-12 17:09:43.087 D/HwArpVerifier( 1110): performPollAndLog:
12-12 17:09:43.094 D/hw_netstat( 1110): total/559/0,unknown:0/559/0
12-12 17:09:43.163 D/HwWifiStatStore( 1110): handleMessage : 200
12-12 17:09:43.781 W/ResourceType( 1400): No package identifier when getting value for resource number 0x00000000
12-12 17:09:43.781 E/HwNotchUtils( 1400): setIconForView iconId is not found
12-12 17:09:43.783 W/ResourceType( 1400): No package identifier when getting value for resource number 0x00000000
12-12 17:09:43.784 E/HwNotchUtils( 1400): setIconForView iconId is not found
12-12 17:09:44.792 I/NetworkSpeedManagerEx( 1400): mIsStop = false
12-12 17:09:44.793 I/NetworkSpeedManagerEx( 1400):  runInThread getTetherStats
12-12 17:09:44.794 I/NetworkSpeedManagerEx( 1400):  runInUI refreshSpeed
12-12 17:09:44.795 I/NetworkSpeedManagerEx( 1400): value=67.666664speed = 68
12-12 17:09:44.795 I/NetworkSpeedManagerEx( 1400): B/smIsShowLastSpeedValuefalse
12-12 17:09:44.796 I/NetworkSpeedView( 1400): /update(), speed=68
12-12 17:09:44.796 I/NetworkSpeedView( 1400): B/s parent class:class com.android.systemui.statusbar.HwSystemIcons
12-12 17:09:44.816 I/NetworkSpeedManagerEx( 1400): mIsStop = false
12-12 17:09:44.817 I/NetworkSpeedManagerEx( 1400):  runInThread getTetherStats
12-12 17:09:44.820 I/NetworkSpeedManagerEx( 1400):  runInUI refreshSpeed
12-12 17:09:44.822 I/NetworkSpeedManagerEx( 1400): value=0.0speed = 0
12-12 17:09:44.822 I/NetworkSpeedManagerEx( 1400): K/smIsShowLastSpeedValuefalse
12-12 17:09:44.822 I/NetworkSpeedView( 1400): /update(), speed=0
12-12 17:09:44.822 I/NetworkSpeedView( 1400): K/s parent class:class com.android.systemui.statusbar.HwSystemIcons
12-12 17:09:45.479 I/TrafficMonitor( 1110): expired arrive. level:-1
12-12 17:09:45.480 I/TrafficMonitor( 1110): during_ms:2002,period_ms:2000
12-12 17:09:45.480 I/TrafficMonitor( 1110): count:528,rx_sum:1,tx_sum:0,rxBytes:203,during_ms:2002,rx_speed:101.39860139860141,tx_speed:0.0,rto:0.0
12-12 17:09:45.480 D/HuaweiWifiWatchdogStateMachine( 1110): speed: rxpkt:1, rxSpd:101B/s, txpkt:0, txSpd:0
12-12 17:09:45.744 E/WifiHAL (  521): enter wifi_get_link_stats
12-12 17:09:45.758 E/wificond(  738): Failed to get NL80211_STA_INFO_CNAHLOAD
12-12 17:09:45.758 E/WificondControl( 1110): Noise: -92, Snr: 0, Chload: -1
12-12 17:09:45.759 D/HwWifiCHRStateManager( 1110): handleMessage : 1001
12-12 17:09:45.759 D/HwWifiCHRStateManager( 1110): handleUpdateChannel:2412
12-12 17:09:45.759 V/HwWifiServiceFactory( 1110): get AllImpl object = com.android.server.wifi.HwWifiServiceFactoryImpl@eb658ba
12-12 17:09:45.760 D/HwCustWifiStateMachineReferenceImpl( 1110): checkRssiOverThreshold newRssi = -56
12-12 17:09:45.761 D/WifiScoreReport( 1110): Score = 100, wifiConnectivityManagerEnabled = false, lowScoreCount = 0
12-12 17:09:46.167 D/HwWifiStatStore( 1110): handleMessage : 200
12-12 17:09:46.747 E/WificondControl( 1110): Noise: -92, Snr: 0, Chload: -1
12-12 17:09:46.747 D/HwWifiCHRStateManager( 1110): handleMessage : 1001
12-12 17:09:46.748 D/HwWifiCHRStateManager( 1110): handleUpdateChannel:2412
12-12 17:09:46.748 V/HwWifiServiceFactory( 1110): get AllImpl object = com.android.server.wifi.HwWifiServiceFactoryImpl@eb658ba
12-12 17:09:46.754 D/HuaweiWifiWatchdogStateMachine( 1110): LM mrssi=-50
12-12 17:09:46.754 D/HuaweiWifiWatchdogStateMachine( 1110): 90:94:**:**:68:dc current loss[-50]=0%, volume=12
12-12 17:09:46.754 D/HuaweiWifiWatchdogStateMachine( 1110): 90:94:**:**:68:dc history loss[-50]=0.79%, volume=390507
12-12 17:09:46.754 I/HuaweiWifiWatchdogStateMachine( 1110): spd good count:0, add sc:0.0, rate:1.0
12-12 17:09:46.754 I/HuaweiWifiWatchdogStateMachine( 1110): current mHighDataFlowRate = 1.0
12-12 17:09:46.754 I/HuaweiWifiWatchdogStateMachine( 1110): POta txb txg rxg:0, 56, 0. Lr =0% Totpkt=56
12-12 17:09:46.756 D/WiFi_PRO( 1110): MSG_RETURN_AP_CURRY_RSSI rssi = -50
12-12 17:09:46.756 I/QosMonitor( 1110): queryRtt: rtt_type = 3
12-12 17:09:46.757 E/HwDualBandManager( 1110): MonitorState m24GRssi = -50
12-12 17:09:46.758 I/HwQoEJNI( 1110): send_cmd_kernel. begin
12-12 17:09:46.758 I/HwQoEJNI( 1110): send_cmd_kernel. end
12-12 17:09:46.758 I/QosMonitor( 1110): postEventFromNative: msg=100,arg1=4,arg2=10
12-12 17:09:46.759 I/HwQoEJNI( 1110): send_cmd_kernel. begin
12-12 17:09:46.759 I/HwQoEJNI( 1110): send_cmd_kernel. end
12-12 17:09:46.759 I/QosMonitor( 1110): postEventFromNative: msg=100,arg1=0,arg2=10
12-12 17:09:46.759 D/HuaweiWifiWatchdogStateMachine( 1110): setSampleRtt: unvalid rtt
12-12 17:09:46.759 I/MQoS    ( 1110): rtt=560,tcp_tx_pkts=164649,tcp_rx_pkts=161701
12-12 17:09:46.761 D/HuaweiWifiWatchdogStateMachine( 1110): dumpTcpResult: len=10,rtt=560,rttPkt=1,rttWn=101,cgt=0,cgtWn=0
12-12 17:09:46.762 I/HuaweiWifiWatchdogStateMachine( 1110): PTcp RTT:0, rtt pkt=0, tcp_rx=0, tcp_tx=0, tcp_reTran=0, rtRate=0
12-12 17:09:46.762 D/HuaweiWifiWatchdogStateMachine( 1110): mRssiBadCount =0, RSSI not bad.
12-12 17:09:46.762 D/HuaweiWifiWatchdogStateMachine( 1110): detectNetworkAvailable:hw.wifipro.dns_fail_count = 80
12-12 17:09:46.762 D/HuaweiWifiWatchdogStateMachine( 1110): bqeLevel = 2 rtt=0,rtt_pkts=0 speed=380 rssi=-50
12-12 17:09:46.762 D/HuaweiWifiWatchdogStateMachine( 1110): Enter updateQoeLevel level = 2
12-12 17:09:46.762 D/HuaweiWifiWatchdogStateMachine( 1110): updateQoeLevel current level equal to mLastDetectLevel, return
12-12 17:09:46.762 D/HuaweiWifiWatchdogStateMachine( 1110): did not have any network action
12-12 17:09:46.763 I/MQoS    ( 1110): QOS_level:5(5),wifi-link;use signalLvl:5;RAT:4G
12-12 17:09:46.789 W/ResourceType( 1400): No package identifier when getting value for resource number 0x00000000
12-12 17:09:46.789 E/HwNotchUtils( 1400): setIconForView iconId is not found
12-12 17:09:46.791 W/ResourceType( 1400): No package identifier when getting value for resource number 0x00000000
12-12 17:09:46.792 E/HwNotchUtils( 1400): setIconForView iconId is not found
12-12 17:09:47.483 I/TrafficMonitor( 1110): update:rxPkts:6,txPkts:0,rxBytes:280,txBytes:0
12-12 17:09:47.483 I/TrafficMonitor( 1110): start expired. level:-1
12-12 17:09:47.483 I/TrafficMonitor( 1110): gettimer:interval=5000
12-12 17:09:47.805 I/NetworkSpeedManagerEx( 1400): mIsStop = false
12-12 17:09:47.805 I/NetworkSpeedManagerEx( 1400):  runInThread getTetherStats
12-12 17:09:47.808 I/NetworkSpeedManagerEx( 1400):  runInUI refreshSpeed
12-12 17:09:47.809 I/NetworkSpeedManagerEx( 1400): value=118.666664speed = 119
12-12 17:09:47.809 I/NetworkSpeedManagerEx( 1400): B/smIsShowLastSpeedValuefalse
12-12 17:09:47.810 I/NetworkSpeedView( 1400): /update(), speed=119
12-12 17:09:47.810 I/NetworkSpeedView( 1400): B/s parent class:class com.android.systemui.statusbar.HwSystemIcons
12-12 17:09:47.832 I/NetworkSpeedManagerEx( 1400): mIsStop = false
12-12 17:09:47.832 I/NetworkSpeedManagerEx( 1400):  runInThread getTetherStats
12-12 17:09:47.834 I/NetworkSpeedManagerEx( 1400):  runInUI refreshSpeed
12-12 17:09:47.836 I/NetworkSpeedManagerEx( 1400): value=118.666664speed = 119
12-12 17:09:47.836 I/NetworkSpeedManagerEx( 1400): B/smIsShowLastSpeedValuefalse
12-12 17:09:47.836 I/NetworkSpeedView( 1400): /update(), speed=119
12-12 17:09:47.836 I/NetworkSpeedView( 1400): B/s parent class:class com.android.systemui.statusbar.HwSystemIcons
12-12 17:09:47.960 I/InputDispatcher( 1110): Application is not responding: AppWindowToken{110b9a1 token=Token{5d0ae08 ActivityRecord{b55a7ab u0 com.fy.customview/.MainActivity t8052}}} - Window{9b3ec77 u0 com.fy.customview/com.fy.customview.activity.MainActivity}.  It has been 8016.8ms since event, 8009.1ms since wait started.  Reason: Waiting to send key event because the focused window has not finished processing all of the input events that were previously delivered to it.  Outbound queue length: 0.  Wait queue length: 9.
12-12 17:09:47.960 W/InputDispatcher( 1110): onANRLocked, waitQueue = 315527  315530  315533  315536  315539  315542  315545  315548  315551  
12-12 17:09:47.963 I/WindowManager( 1110): Input event dispatching timed out sending to com.fy.customview/com.fy.customview.activity.MainActivity.  Reason: Waiting to send key event because the focused window has not finished processing all of the input events that were previously delivered to it.  Outbound queue length: 0.  Wait queue length: 9.
12-12 17:09:47.975 W/InputDispatcher( 1110): Asynchronous input event injection timed out.
12-12 17:09:47.979 D/KeyEvent( 1110): obtain, mHwFlags=0
