12-12 17:08:30.616 I/zygote64( 6478):   at void com.android.internal.os.ZygoteInit.main(java.lang.String[]) (ZygoteInit.java:921)
12-12 17:08:30.616 I/zygote64( 6478): 
12-12 17:08:30.640 D/HwGalleryCacheManagerImpl( 6478): mIsEffect:false
12-12 17:08:30.645 V/WindowManager( 1110): Exit animation finished in Window{6ac06b8 u0 com.huawei.android.launcher/com.huawei.android.launcher.unihome.UniHomeLauncher EXITING}: remove=false
12-12 17:08:30.647 D/HwRTBlurUtils( 6478): check blur style for HwPhoneWindow, themeResId : 0x7f0d0005, context : com.fy.customview.activity.MainActivity@968a6f9, Nhwext : 0, get Blur : disable with , null
12-12 17:08:30.648 D/ImageWallpaper( 1400): onVisibilityChanged: mVisible, visible=true, false
12-12 17:08:30.648 D/ImageWallpaper( 1400): Visibility changed to visible=false
12-12 17:08:30.648 D/HwRTBlurUtils( 6478): check blur style for HwPhoneWindow, themeResId : 0x7f0d0005, context : com.fy.customview.activity.MainActivity@968a6f9, Nhwext : 0, get Blur : disable with , null
12-12 17:08:30.708 D/HwArpVerifier( 1110): performPollAndLog:
12-12 17:08:30.709 D/hw_netstat( 1110): total/217/0,unknown:0/217/0
12-12 17:08:30.730 D/ActivityThread( 6478): add activity client record, r= ActivityRecord{2b115d9 token=android.os.BinderProxy@8a58c54 {com.fy.customview/com.fy.customview.activity.MainActivity}} token= android.os.BinderProxy@8a58c54
12-12 17:08:30.738 W/VRSystemServiceManager( 6478): vr service is not alive
12-12 17:08:30.745 D/OpenGLRenderer( 6478):   HWUI Binary is  enabled
12-12 17:08:30.746 D/SurfaceFlinger(  525): SurfaceFlinger: getDisplayConfigs--3.000000, 1080, 1920
12-12 17:08:30.746 I/chatty  (  525): uid=1000(system) Binder:525_2 identical 1 line
12-12 17:08:30.746 D/SurfaceFlinger(  525): SurfaceFlinger: getDisplayConfigs--3.000000, 1080, 1920
12-12 17:08:30.746 D/OpenGLRenderer( 6478): HWUI GL Pipeline
12-12 17:08:30.750 V/WindowManager( 1110): Adding Window{9b3ec77 u0 com.fy.customview/com.fy.customview.activity.MainActivity} to AppWindowToken{110b9a1 token=Token{5d0ae08 ActivityRecord{b55a7ab u0 com.fy.customview/.MainActivity t8052}}}
12-12 17:08:30.750 V/WindowManager( 1110): addWindow: New client android.os.BinderProxy@e842e76: window=Window{9b3ec77 u0 com.fy.customview/com.fy.customview.activity.MainActivity} Callers=com.android.server.wm.HwWindowManagerService.addWindow:585 com.android.server.wm.Session.addToDisplay:199 android.view.IWindowSession$Stub.onTransact:124 com.android.server.wm.Session.onTransact:161 android.os.Binder.execTransact:675
12-12 17:08:30.760 I/PressGestureDetector( 6478): onAttached begin
12-12 17:08:30.761 I/PressGestureDetector( 6478): onAttached end
12-12 17:08:30.762 I/PressGestureDetector( 6478): enabledInPad = false,isPcCastMode = false
12-12 17:08:30.768 D/AbilityView( 6478): initSize->radius:285.0
12-12 17:08:30.779 E/SELinux (  434): avc:  denied  { find } for interface=vendor.huawei.hardware.hwsched::ISched pid=525 scontext=u:r:surfaceflinger:s0 tcontext=u:object_r:default_android_hwservice:s0 tclass=hwservice_manager
12-12 17:08:30.780 E/BufferQueueProducer(  525): [] Can not get hwsched service
12-12 17:08:30.781 W/WindowManager( 1110): EGLdebug Created surface WindowStateAnimator{eb220e4 com.fy.customview/com.fy.customview.activity.MainActivity}
12-12 17:08:30.782 V/HwPhoneWindowManager( 1110): updateSystemUiColorLw window=Window{9b3ec77 u0 com.fy.customview/com.fy.customview.activity.MainActivity},EmuiStyle=0,StatusBarColor=0xff00574b,NavigationBarColor=0xff000000, mLastIsEmuiLightStyle=-1, mForceNotchStatusBar=false
12-12 17:08:30.782 D/HwPhoneWindowManager( 1110): Transact:setSystemUIColor to status bar service
12-12 17:08:30.782 I/CommandQueue( 1400): updateBarBgColor
12-12 17:08:30.782 D/CommandQueue( 1400): CommandQueue, setBarBackgroundColor
12-12 17:08:30.783 D/TintManager( 1400): statusBarIconTint=#99FFFFFF,navigationBarIconTint=#FF000000
12-12 17:08:30.787 I/GRALLOC (  493): 	 shrFd=10,fmt=0x1,intFmt=0x200000001,btStrd=4352,size=8486912,pid=493 
12-12 17:08:30.787 I/GRALLOC (  493): 	 yuv=2,w=1080,h=1920,Stride u=0 v=0,offset u=0 v=0 
12-12 17:08:30.787 I/GRALLOC (  493): 	 iova_size=8486912,conUsg=0x900,proUsg=0x900,	 strd=1088,[afbc]HdrStrd=1088 PyldStrd=69632 Scrmbl=0,ionhnd = 1 
12-12 17:08:30.787 D/AbilityView( 6478): initSize->radius:285.0
12-12 17:08:30.790 I/GRALLOC (  493): 	 shrFd=10,fmt=0x1,intFmt=0x200000001,btStrd=4352,size=8486912,pid=493 
12-12 17:08:30.790 I/GRALLOC (  493): 	 yuv=2,w=1080,h=1920,Stride u=0 v=0,offset u=0 v=0 
12-12 17:08:30.790 I/GRALLOC (  493): 	 iova_size=8486912,conUsg=0x900,proUsg=0x900,	 strd=1088,[afbc]HdrStrd=1088 PyldStrd=69632 Scrmbl=0,ionhnd = 1 
12-12 17:08:30.792 I/OpenGLRenderer( 6478): Initialized EGL, version 1.4
12-12 17:08:30.792 D/OpenGLRenderer( 6478): Swap behavior 2
12-12 17:08:30.793 D/AbilityView( 6478): initSize->radius:285.0
12-12 17:08:30.793 D/Line1   ( 6478): onSizeChanged->w:600,h:3
12-12 17:08:30.793 I/chatty  ( 6478): uid=10103(u0_a103) com.fy.customview identical 1 line
12-12 17:08:30.793 D/Line1   ( 6478): onSizeChanged->w:600,h:3
12-12 17:08:30.794 I/GRALLOC (  493): 	 shrFd=10,fmt=0x1,intFmt=0x200000001,btStrd=4352,size=8486912,pid=493 
12-12 17:08:30.794 I/GRALLOC (  493): 	 yuv=2,w=1080,h=1920,Stride u=0 v=0,offset u=0 v=0 
12-12 17:08:30.794 I/GRALLOC (  493): 	 iova_size=8486912,conUsg=0x900,proUsg=0x900,	 strd=1088,[afbc]HdrStrd=1088 PyldStrd=69632 Scrmbl=0,ionhnd = 1 
12-12 17:08:30.800 D/mali_winsys( 6478): EGLint new_window_surface(egl_winsys_display *, void *, EGLSurface, EGLConfig, egl_winsys_surface **, egl_color_buffer_format *, EGLBoolean) returns 0x3000
12-12 17:08:30.803 D/StatusBarIconController( 1400): setIconVisibility icon is null or visibility not change visibility=false
12-12 17:08:30.817 W/InputMethodManager( 6478): startInputReason = 1
12-12 17:08:30.828 D/AbilityView( 6478): onDraw->radius:285.0
12-12 17:08:30.829 D/Line1   ( 6478): onDraw->width:3.0
12-12 17:08:30.829 D/Line1   ( 6478): onDraw->width:2.7272727
12-12 17:08:30.829 D/Line1   ( 6478): onDraw->width:2.4545455
12-12 17:08:30.830 D/Line1   ( 6478): onDraw->width:2.1818182
12-12 17:08:30.830 D/Line1   ( 6478): onDraw->width:1.9090909
12-12 17:08:30.830 D/Line1   ( 6478): onDraw->width:1.6363636
12-12 17:08:30.830 D/Line1   ( 6478): onDraw->width:1.3636364
12-12 17:08:30.830 D/Line1   ( 6478): onDraw->width:1.0909091
12-12 17:08:30.830 D/Line1   ( 6478): onDraw->width:0.8181818
12-12 17:08:30.830 D/Line1   ( 6478): onDraw->width:0.54545456
12-12 17:08:30.830 D/Line1   ( 6478): onDraw->width:0.27272728
12-12 17:08:30.830 D/Line1   ( 6478): onDraw->width:3.0
12-12 17:08:30.830 D/Line1   ( 6478): onDraw->width:2.857143
12-12 17:08:30.830 D/Line1   ( 6478): onDraw->width:2.7142856
12-12 17:08:30.830 D/Line1   ( 6478): onDraw->width:2.5714285
12-12 17:08:30.830 D/Line1   ( 6478): onDraw->width:2.4285715
12-12 17:08:30.830 D/Line1   ( 6478): onDraw->width:2.2857144
12-12 17:08:30.830 D/Line1   ( 6478): onDraw->width:2.142857
12-12 17:08:30.830 D/Line1   ( 6478): onDraw->width:2.0
12-12 17:08:30.831 D/Line1   ( 6478): onDraw->width:1.8571428
12-12 17:08:30.831 D/Line1   ( 6478): onDraw->width:1.7142857
12-12 17:08:30.831 D/Line1   ( 6478): onDraw->width:1.5714285
12-12 17:08:30.831 D/Line1   ( 6478): onDraw->width:1.4285715
12-12 17:08:30.831 D/Line1   ( 6478): onDraw->width:1.2857143
12-12 17:08:30.831 D/Line1   ( 6478): onDraw->width:1.1428572
12-12 17:08:30.831 D/Line1   ( 6478): onDraw->width:1.0
12-12 17:08:30.831 D/Line1   ( 6478): onDraw->width:0.85714287
12-12 17:08:30.831 D/Line1   ( 6478): onDraw->width:0.71428573
12-12 17:08:30.831 D/Line1   ( 6478): onDraw->width:0.5714286
12-12 17:08:30.831 D/Line1   ( 6478): onDraw->width:0.42857143
12-12 17:08:30.831 D/Line1   ( 6478): onDraw->width:0.2857143
12-12 17:08:30.831 D/Line1   ( 6478): onDraw->width:0.14285715
12-12 17:08:30.832 D/Line1   ( 6478): onDraw->width:3.0
12-12 17:08:30.832 D/Line1   ( 6478): onDraw->width:2.903226
12-12 17:08:30.832 D/Line1   ( 6478): onDraw->width:2.8064516
12-12 17:08:30.832 D/Line1   ( 6478): onDraw->width:2.7096775
12-12 17:08:30.832 D/Line1   ( 6478): onDraw->width:2.612903
12-12 17:08:30.832 D/Line1   ( 6478): onDraw->width:2.516129
12-12 17:08:30.832 D/Line1   ( 6478): onDraw->width:2.419355
12-12 17:08:30.832 D/Line1   ( 6478): onDraw->width:2.3225806
12-12 17:08:30.832 D/Line1   ( 6478): onDraw->width:2.2258065
12-12 17:08:30.832 D/Line1   ( 6478): onDraw->width:2.1290324
12-12 17:08:30.832 D/Line1   ( 6478): onDraw->width:2.032258
12-12 17:08:30.832 D/Line1   ( 6478): onDraw->width:1.9354838
12-12 17:08:30.832 D/Line1   ( 6478): onDraw->width:1.8387097
12-12 17:08:30.832 D/Line1   ( 6478): onDraw->width:1.7419355
12-12 17:08:30.832 D/Line1   ( 6478): onDraw->width:1.6451613
12-12 17:08:30.832 D/Line1   ( 6478): onDraw->width:1.548387
12-12 17:08:30.832 D/Line1   ( 6478): onDraw->width:1.451613
12-12 17:08:30.832 D/Line1   ( 6478): onDraw->width:1.3548387
12-12 17:08:30.832 D/Line1   ( 6478): onDraw->width:1.2580645
12-12 17:08:30.833 D/Line1   ( 6478): onDraw->width:1.1612903
12-12 17:08:30.833 D/Line1   ( 6478): onDraw->width:1.0645162
12-12 17:08:30.833 D/Line1   ( 6478): onDraw->width:0.9677419
12-12 17:08:30.833 D/Line1   ( 6478): onDraw->width:0.87096775
12-12 17:08:30.833 D/Line1   ( 6478): onDraw->width:0.7741935
12-12 17:08:30.833 D/Line1   ( 6478): onDraw->width:0.67741936
12-12 17:08:30.833 D/Line1   ( 6478): onDraw->width:0.58064514
12-12 17:08:30.833 D/Line1   ( 6478): onDraw->width:0.48387095
12-12 17:08:30.833 D/Line1   ( 6478): onDraw->width:0.38709676
12-12 17:08:30.833 D/Line1   ( 6478): onDraw->width:0.29032257
12-12 17:08:30.833 D/Line1   ( 6478): onDraw->width:0.19354838
12-12 17:08:30.833 D/Line1   ( 6478): onDraw->width:0.09677419
12-12 17:08:30.833 D/LoveView( 6478): onDraw->px:300,py:300
12-12 17:08:30.835 V/Cursor  ( 8838): Filling cursor window with start position:0 required position:0
12-12 17:08:30.840 I/zygote64( 6478): Do partial code cache collection, code=55KB, data=38KB
12-12 17:08:30.840 I/zygote64( 6478): After code cache collection, code=55KB, data=38KB
12-12 17:08:30.840 I/zygote64( 6478): Increasing code cache capacity to 256KB
12-12 17:08:31.045 D/HwWifiStatStore( 1110): handleMessage : 200
12-12 17:08:31.090 I/ScalingFreqAdapterUniPerf( 1830): ===success setFreq:  gpumax:8->900000000
12-12 17:08:31.091 I/uniperf server(  512): setConfig clientId=1, tagLen=1, tags[0]=8, configs[0]=900000000
12-12 17:08:31.807 I/Pged-IPgedBinderService(  742): ****action is 2, pid num is 5***
12-12 17:08:31.808 I/Pged-Freezer(  742): thawPids
12-12 17:08:31.818 D/PgedBinderAdapter( 1830): unfrz ok, pid: [6068, 25784, 25727, 26157]
12-12 17:08:32.407 I/TrafficMonitor( 1110): update:rxPkts:0,txPkts:0,rxBytes:0,txBytes:0
12-12 17:08:32.407 I/TrafficMonitor( 1110): start expired. level:-1
12-12 17:08:32.407 I/TrafficMonitor( 1110): gettimer:interval=2000
12-12 17:08:32.614 I/NetworkSpeedManagerEx( 1400): mIsStop = false
12-12 17:08:32.614 I/NetworkSpeedManagerEx( 1400):  runInThread getTetherStats
12-12 17:08:32.618 I/NetworkSpeedManagerEx( 1400):  runInUI refreshSpeed
12-12 17:08:32.620 I/NetworkSpeedManagerEx( 1400): value=17.333334speed = 17
12-12 17:08:32.620 I/NetworkSpeedManagerEx( 1400): B/smIsShowLastSpeedValuefalse
12-12 17:08:32.620 I/NetworkSpeedView( 1400): /update(), speed=17
12-12 17:08:32.620 I/NetworkSpeedView( 1400): B/s parent class:class com.android.systemui.statusbar.HwSystemIcons
12-12 17:08:32.653 I/NetworkSpeedManagerEx( 1400): mIsStop = false
12-12 17:08:32.654 I/NetworkSpeedManagerEx( 1400):  runInThread getTetherStats
12-12 17:08:32.656 I/NetworkSpeedManagerEx( 1400):  runInUI refreshSpeed
12-12 17:08:32.659 I/NetworkSpeedManagerEx( 1400): value=17.333334speed = 17
12-12 17:08:32.659 I/NetworkSpeedManagerEx( 1400): B/smIsShowLastSpeedValuefalse
12-12 17:08:32.660 I/NetworkSpeedView( 1400): /update(), speed=17
12-12 17:08:32.660 I/NetworkSpeedView( 1400): B/s parent class:class com.android.systemui.statusbar.HwSystemIcons
12-12 17:08:33.272 E/WifiHAL (  521): enter wifi_get_link_stats
12-12 17:08:33.288 E/wificond(  738): Failed to get NL80211_STA_INFO_CNAHLOAD
12-12 17:08:33.289 E/WificondControl( 1110): Noise: -94, Snr: 0, Chload: -1
12-12 17:08:33.290 D/HwWifiCHRStateManager( 1110): handleMessage : 1001
12-12 17:08:33.290 D/HwWifiCHRStateManager( 1110): handleUpdateChannel:2412
12-12 17:08:33.290 V/HwWifiServiceFactory( 1110): get AllImpl object = com.android.server.wifi.HwWifiServiceFactoryImpl@eb658ba
12-12 17:08:33.291 D/HwCustWifiStateMachineReferenceImpl( 1110): checkRssiOverThreshold newRssi = -43
12-12 17:08:33.291 D/WifiScoreReport( 1110): Score = 100, wifiConnectivityManagerEnabled = false, lowScoreCount = 0
12-12 17:08:33.391 D/HwQoEUtils( 1110): onForegroundAppWifiSleepChange: config:false, sleeptime:-1,type: -1, appname:com.fy.customview
12-12 17:08:33.392 D/HwQoEUtils( 1110): APP type: -1 appName= com.fy.customview
12-12 17:08:33.393 D/HwQoEUtils( 1110): no game, APP_TYPE_GAME, appName =com.fy.customview
12-12 17:08:33.405 I/TrafficMonitor( 1110): expired arrive. level:-1
12-12 17:08:33.405 I/TrafficMonitor( 1110): during_ms:2003,period_ms:2000
12-12 17:08:33.405 I/TrafficMonitor( 1110): count:493,rx_sum:0,tx_sum:0,rxBytes:0,during_ms:2003,rx_speed:0.0,tx_speed:0.0,rto:0.0
12-12 17:08:33.405 D/HuaweiWifiWatchdogStateMachine( 1110): speed: rxpkt:0, rxSpd:0B/s, txpkt:0, txSpd:0
12-12 17:08:33.590 W/ResourceType( 1400): No package identifier when getting value for resource number 0x00000000
12-12 17:08:33.591 E/HwNotchUtils( 1400): setIconForView iconId is not found
12-12 17:08:33.593 W/ResourceType( 1400): No package identifier when getting value for resource number 0x00000000
12-12 17:08:33.593 E/HwNotchUtils( 1400): setIconForView iconId is not found
12-12 17:08:34.049 D/HwWifiStatStore( 1110): handleMessage : 200
12-12 17:08:34.232 E/Thermal-daemon(  737): [ap] temp_new :35  temp_old :34
12-12 17:08:34.233 I/ThermalService( 1830): Receive temperature change, type: 0, temp: 35 from thermald
12-12 17:08:34.233 E/Thermal-daemon(  737): Report temperature: [ap] temp :35  report_threshold:1
12-12 17:08:34.409 I/TrafficMonitor( 1110): update:rxPkts:0,txPkts:1,rxBytes:0,txBytes:52
12-12 17:08:34.409 I/TrafficMonitor( 1110): start expired. level:-1
12-12 17:08:34.409 I/TrafficMonitor( 1110): gettimer:interval=2000
12-12 17:08:34.453 W/libc    (  824): Set property "ril.hw_modem0.rssi" to "-65"
12-12 17:08:34.462 W/libc    ( 1851): Set property "gsm.rssi.sim1" to "-65"
12-12 17:08:34.469 D/SmartcareProc( 1110): onSignalStrengthsChanged: signalStrength is: SignalStrength: 0 -2104660144 0 255 -1 -1 -1 -1 -1 -1 -65 -4 19 -1 0 -1 false gw|lte , on sub: 0
12-12 17:08:34.470 D/SmartcareProc( 1110): SignalStrength update result, ss: SignalStrengthInfo:232139666 mGsmSignalStrength: -1 mWcdmaRscp: -1 mWcdmaEcio: 255 mLteRsrp: -65 mLteRsrq: -4 mCdmaDbm: -1 mCdmaEcio: -1 mEvdoDbm: -1mEvdoEcio: -1mLteRssnr: 19
12-12 17:08:34.472 I/MQoS    ( 1110): onSignal: mSubId=0,currDataSubID=0
12-12 17:08:34.472 I/MQoS    ( 1110): received cell-signal:5
12-12 17:08:34.478 I/HwMobileSignalController(0)( 1400): subId:0 phoneType:1 networktype:13 targetClass:3 masterLevel:5 slaveLevel:-1
12-12 17:08:34.689 E/WificondControl( 1110): Noise: -94, Snr: 0, Chload: -1
12-12 17:08:34.689 D/HwWifiCHRStateManager( 1110): handleMessage : 1001
12-12 17:08:34.689 D/HwWifiCHRStateManager( 1110): handleUpdateChannel:2412
12-12 17:08:34.689 V/HwWifiServiceFactory( 1110): get AllImpl object = com.android.server.wifi.HwWifiServiceFactoryImpl@eb658ba
12-12 17:08:34.696 D/HuaweiWifiWatchdogStateMachine( 1110): LM mrssi=-40
12-12 17:08:34.696 D/HuaweiWifiWatchdogStateMachine( 1110): 90:94:**:**:68:dc current loss[-45]=0%, volume=7
12-12 17:08:34.696 D/HuaweiWifiWatchdogStateMachine( 1110): 90:94:**:**:68:dc history loss[-45]=0.47%, volume=2433934
12-12 17:08:34.696 I/HuaweiWifiWatchdogStateMachine( 1110): spd good count:0, add sc:0.0, rate:1.0
12-12 17:08:34.696 I/HuaweiWifiWatchdogStateMachine( 1110): current mHighDataFlowRate = 1.0
12-12 17:08:34.696 I/HuaweiWifiWatchdogStateMachine( 1110): POta txb txg rxg:0, 7, 0. Lr =0% Totpkt=7
12-12 17:08:34.698 D/WiFi_PRO( 1110): MSG_RETURN_AP_CURRY_RSSI rssi = -40
12-12 17:08:34.699 I/QosMonitor( 1110): queryRtt: rtt_type = 3
12-12 17:08:34.699 E/HwDualBandManager( 1110): MonitorState m24GRssi = -40
12-12 17:08:34.700 I/HwQoEJNI( 1110): send_cmd_kernel. begin
12-12 17:08:34.700 I/HwQoEJNI( 1110): send_cmd_kernel. end
12-12 17:08:34.700 I/QosMonitor( 1110): postEventFromNative: msg=100,arg1=4,arg2=10
12-12 17:08:34.701 I/HwQoEJNI( 1110): send_cmd_kernel. begin
12-12 17:08:34.701 I/HwQoEJNI( 1110): send_cmd_kernel. end
12-12 17:08:34.701 I/QosMonitor( 1110): postEventFromNative: msg=100,arg1=0,arg2=10
12-12 17:08:34.701 D/HuaweiWifiWatchdogStateMachine( 1110): setSampleRtt: unvalid rtt
12-12 17:08:34.701 I/MQoS    ( 1110): rtt=560,tcp_tx_pkts=164635,tcp_rx_pkts=161691
12-12 17:08:34.703 D/HuaweiWifiWatchdogStateMachine( 1110): dumpTcpResult: len=10,rtt=560,rttPkt=1,rttWn=29,cgt=16,cgtWn=5825696
12-12 17:08:34.704 I/HuaweiWifiWatchdogStateMachine( 1110): PTcp RTT:0, rtt pkt=0, tcp_rx=0, tcp_tx=1, tcp_reTran=0, rtRate=0
12-12 17:08:34.704 D/HuaweiWifiWatchdogStateMachine( 1110): mRssiBadCount =0, RSSI not bad.
12-12 17:08:34.704 D/HuaweiWifiWatchdogStateMachine( 1110): detectNetworkAvailable:hw.wifipro.dns_fail_count = 80
12-12 17:08:34.704 D/HuaweiWifiWatchdogStateMachine( 1110): bqeLevel = 2 rtt=0,rtt_pkts=0 speed=53 rssi=-40
12-12 17:08:34.704 D/HuaweiWifiWatchdogStateMachine( 1110): Enter updateQoeLevel level = 2
12-12 17:08:34.704 D/HuaweiWifiWatchdogStateMachine( 1110): updateQoeLevel current level equal to mLastDetectLevel, return
12-12 17:08:34.704 D/HuaweiWifiWatchdogStateMachine( 1110): did not have any network action
12-12 17:08:34.706 I/MQoS    ( 1110): QOS_level:5(5),wifi-link;use signalLvl:5;RAT:4G
12-12 17:08:35.622 I/NetworkSpeedManagerEx( 1400): mIsStop = false
12-12 17:08:35.623 I/NetworkSpeedManagerEx( 1400):  runInThread getTetherStats
12-12 17:08:35.624 I/NetworkSpeedManagerEx( 1400):  runInUI refreshSpeed
12-12 17:08:35.626 I/NetworkSpeedManagerEx( 1400): value=0.0speed = 0
12-12 17:08:35.626 I/NetworkSpeedManagerEx( 1400): K/smIsShowLastSpeedValuefalse
12-12 17:08:35.626 I/NetworkSpeedView( 1400): /update(), speed=0
12-12 17:08:35.626 I/NetworkSpeedView( 1400): K/s parent class:class com.android.systemui.statusbar.HwSystemIcons
12-12 17:08:35.660 I/NetworkSpeedManagerEx( 1400): mIsStop = false
12-12 17:08:35.660 I/NetworkSpeedManagerEx( 1400):  runInThread getTetherStats
12-12 17:08:35.662 I/NetworkSpeedManagerEx( 1400):  runInUI refreshSpeed
12-12 17:08:35.664 I/NetworkSpeedManagerEx( 1400): value=0.0speed = 0
12-12 17:08:35.664 I/NetworkSpeedManagerEx( 1400): K/smIsShowLastSpeedValuefalse
12-12 17:08:35.664 I/NetworkSpeedView( 1400): /update(), speed=0
12-12 17:08:35.664 I/NetworkSpeedView( 1400): K/s parent class:class com.android.systemui.statusbar.HwSystemIcons
12-12 17:08:35.714 D/HwArpVerifier( 1110): performPollAndLog:
12-12 17:08:35.721 D/hw_netstat( 1110): total/0/52,unknown:0/0/52
12-12 17:08:35.733 W/libc    (  824): Set property "ril.hw_modem0.rssi" to "-66"
12-12 17:08:35.739 W/libc    ( 1851): Set property "gsm.rssi.sim1" to "-66"
12-12 17:08:35.745 D/SmartcareProc( 1110): onSignalStrengthsChanged: signalStrength is: SignalStrength: 0 -2104660144 0 255 -1 -1 -1 -1 -1 -1 -65 -5 29 -1 0 -1 false gw|lte , on sub: 0
12-12 17:08:35.745 D/SmartcareProc( 1110): SignalStrength update result, ss: SignalStrengthInfo:232139666 mGsmSignalStrength: -1 mWcdmaRscp: -1 mWcdmaEcio: 255 mLteRsrp: -65 mLteRsrq: -5 mCdmaDbm: -1 mCdmaEcio: -1 mEvdoDbm: -1mEvdoEcio: -1mLteRssnr: 29
12-12 17:08:35.748 I/MQoS    ( 1110): onSignal: mSubId=0,currDataSubID=0
12-12 17:08:35.748 I/MQoS    ( 1110): received cell-signal:5
12-12 17:08:35.758 I/HwMobileSignalController(0)( 1400): subId:0 phoneType:1 networktype:13 targetClass:3 masterLevel:5 slaveLevel:-1
12-12 17:08:36.294 E/WifiHAL (  521): enter wifi_get_link_stats
12-12 17:08:36.310 E/WificondControl( 1110): Noise: -94, Snr: 0, Chload: -1
12-12 17:08:36.310 D/HwWifiCHRStateManager( 1110): handleMessage : 1001
12-12 17:08:36.311 D/HwWifiCHRStateManager( 1110): handleUpdateChannel:2412
12-12 17:08:36.311 V/HwWifiServiceFactory( 1110): get AllImpl object = com.android.server.wifi.HwWifiServiceFactoryImpl@eb658ba
12-12 17:08:36.312 D/HwCustWifiStateMachineReferenceImpl( 1110): checkRssiOverThreshold newRssi = -40
12-12 17:08:36.312 D/WifiScoreReport( 1110): Score = 100, wifiConnectivityManagerEnabled = false, lowScoreCount = 0
12-12 17:08:36.411 I/TrafficMonitor( 1110): update:rxPkts:0,txPkts:0,rxBytes:0,txBytes:0
12-12 17:08:36.411 I/TrafficMonitor( 1110): start expired. level:-1
12-12 17:08:36.411 I/TrafficMonitor( 1110): gettimer:interval=2000
12-12 17:08:37.055 D/HwWifiStatStore( 1110): handleMessage : 200
12-12 17:08:38.413 I/TrafficMonitor( 1110): update:rxPkts:0,txPkts:2,rxBytes:0,txBytes:80
12-12 17:08:38.413 I/TrafficMonitor( 1110): start expired. level:-1
12-12 17:08:38.413 I/TrafficMonitor( 1110): gettimer:interval=2000
12-12 17:08:38.628 I/NetworkSpeedManagerEx( 1400): mIsStop = false
12-12 17:08:38.628 I/NetworkSpeedManagerEx( 1400):  runInThread getTetherStats
12-12 17:08:38.631 I/NetworkSpeedManagerEx( 1400):  runInUI refreshSpeed
12-12 17:08:38.633 I/NetworkSpeedManagerEx( 1400): value=26.666666speed = 27
12-12 17:08:38.633 I/NetworkSpeedManagerEx( 1400): B/smIsShowLastSpeedValuefalse
12-12 17:08:38.633 I/NetworkSpeedView( 1400): /update(), speed=27
12-12 17:08:38.633 I/NetworkSpeedView( 1400): B/s parent class:class com.android.systemui.statusbar.HwSystemIcons
12-12 17:08:38.664 I/NetworkSpeedManagerEx( 1400): mIsStop = false
12-12 17:08:38.664 I/NetworkSpeedManagerEx( 1400):  runInThread getTetherStats
12-12 17:08:38.666 I/NetworkSpeedManagerEx( 1400):  runInUI refreshSpeed
12-12 17:08:38.668 I/NetworkSpeedManagerEx( 1400): value=26.666666speed = 27
12-12 17:08:38.668 I/NetworkSpeedManagerEx( 1400): B/smIsShowLastSpeedValuefalse
12-12 17:08:38.668 I/NetworkSpeedView( 1400): /update(), speed=27
12-12 17:08:38.668 I/NetworkSpeedView( 1400): B/s parent class:class com.android.systemui.statusbar.HwSystemIcons
12-12 17:08:39.238 E/Thermal-daemon(  737): [ap] temp_new :36  temp_old :35
12-12 17:08:39.239 I/ThermalService( 1830): Receive temperature change, type: 0, temp: 36 from thermald
12-12 17:08:39.239 E/Thermal-daemon(  737): Report temperature: [ap] temp :36  report_threshold:1
12-12 17:08:39.317 E/WifiHAL (  521): enter wifi_get_link_stats
12-12 17:08:39.329 E/WificondControl( 1110): Noise: -94, Snr: 0, Chload: -1
12-12 17:08:39.330 D/HwWifiCHRStateManager( 1110): handleMessage : 1001
12-12 17:08:39.330 D/HwWifiCHRStateManager( 1110): handleUpdateChannel:2412
12-12 17:08:39.330 V/HwWifiServiceFactory( 1110): get AllImpl object = com.android.server.wifi.HwWifiServiceFactoryImpl@eb658ba
12-12 17:08:39.332 D/HwCustWifiStateMachineReferenceImpl( 1110): checkRssiOverThreshold newRssi = -41
12-12 17:08:39.332 D/WifiScoreReport( 1110): Score = 100, wifiConnectivityManagerEnabled = false, lowScoreCount = 0
12-12 17:08:39.409 I/TrafficMonitor( 1110): expired arrive. level:-1
12-12 17:08:39.409 I/TrafficMonitor( 1110): during_ms:2002,period_ms:2000
12-12 17:08:39.409 I/TrafficMonitor( 1110): count:496,rx_sum:0,tx_sum:2,rxBytes:0,during_ms:2002,rx_speed:0.0,tx_speed:39.960039960039964,rto:0.0
12-12 17:08:39.409 D/HuaweiWifiWatchdogStateMachine( 1110): speed: rxpkt:0, rxSpd:0B/s, txpkt:2, txSpd:39
12-12 17:08:39.608 W/ResourceType( 1400): No package identifier when getting value for resource number 0x00000000
12-12 17:08:39.608 E/HwNotchUtils( 1400): setIconForView iconId is not found
12-12 17:08:39.610 W/ResourceType( 1400): No package identifier when getting value for resource number 0x00000000
12-12 17:08:39.610 E/HwNotchUtils( 1400): setIconForView iconId is not found
12-12 17:08:40.059 D/HwWifiStatStore( 1110): handleMessage : 200
12-12 17:08:40.304 W/ActivityManager( 1110): Launch timeout has expired, giving up wake lock!
12-12 17:08:40.310 I/DataSrv-10.3.0.301-O-1115-17:51-VSimDynamicBroadcastReceiver( 2934): reveive broadcast:android.intent.action.BATTERY_CHANGED
12-12 17:08:40.311 I/DataSrv-10.3.0.301-O-1115-17:51-BusinessAsyncExecutor( 2934): processBroadcast
12-12 17:08:40.311 I/DataSrv-10.3.0.301-O-1115-17:51-BusinessAsyncExecutor( 2934): processBroadcast do
12-12 17:08:40.317 I/MsgReceiver( 1830): intent action: android.intent.action.BATTERY_CHANGED
12-12 17:08:40.318 D/HwInnerWifiManagerImpl( 1110): SupplicantState = COMPLETED
12-12 17:08:40.318 D/HwInnerWifiManagerImpl( 1110): isPhoneAP = false
12-12 17:08:40.318 D/KeyguardUpdateMonitor( 1400): received broadcast android.intent.action.BATTERY_CHANGED
12-12 17:08:40.318 W/KeyguardUpdateMonitor( 1400): ACTION_BATTERY_CHANGED AMP: 512000; Volt: 4700000
12-12 17:08:40.319 D/HwInnerWifiManagerImpl( 1110): SupplicantState = COMPLETED
12-12 17:08:40.319 D/HwInnerWifiManagerImpl( 1110): isPhoneAP = false
12-12 17:08:40.319 D/WifiStateMachine( 1110): mBcastReceiver: PluggedType = 2 mIsScanCtrlPluggedin = true
12-12 17:08:40.319 D/HwWifiService( 1110): mPluggedType =2
12-12 17:08:40.320 D/WifiService( 1110): onReceive, action:android.intent.action.BATTERY_CHANGED
12-12 17:08:40.320 D/WifiService( 1110): ACTION_BATTERY_CHANGED pluggedType: 2
12-12 17:08:40.321 V/KeyguardUpdateMonitor( 1400): RefreshBatteryInfo isBatteryLow: 100
12-12 17:08:40.321 I/DataSrv-10.3.0.301-O-1115-17:51-VSimService( 2934): onStartCommand
12-12 17:08:40.321 W/KeyguardUpdateMonitor( 1400): ChargingSpeed  Wattage: 2406400 ST: 5000000 --> 7500000
12-12 17:08:40.321 I/KgBattery( 1400): BatteryInfo updated:  5lPC0
12-12 17:08:40.321 W/AppHandler( 1400): sendMessage with obj100
12-12 17:08:40.321 D/KeyguardUpdateMonitor( 1400): handleBatteryUpdate
12-12 17:08:40.321 W/HwLockScreenPanel( 1400): refreshBatteryInfo: null
12-12 17:08:40.321 I/DataSrv-10.3.0.301-O-1115-17:51-VSimService( 2934): type: 2, android.intent.action.BATTERY_CHANGED
12-12 17:08:40.321 W/HwLockScreenPanel( 1400): Handle message: 100
12-12 17:08:40.321 I/DataSrv-10.3.0.301-O-1115-17:51-VSimServiceImpl( 2934): Battery changed! Current status; 5
12-12 17:08:40.322 W/DataSrv-10.3.0.301-O-1115-17:51-VSimService( 2934): no matched type
12-12 17:08:40.323 W/HwKeyguardBottomArea( 1400): updateBatteryInfo : false  true
12-12 17:08:40.333 I/DataSrv-10.3.0.301-O-1115-17:51-FenceData( 2934): getListFromDBCursor size: 74
12-12 17:08:40.333 I/DataSrv-10.3.0.301-O-1115-17:51-FenceDataFlow( 2934): All fence data has updated. No need to update.
12-12 17:08:40.414 I/TrafficMonitor( 1110): update:rxPkts:0,txPkts:1,rxBytes:0,txBytes:71
12-12 17:08:40.414 I/TrafficMonitor( 1110): start expired. level:-1
12-12 17:08:40.414 I/TrafficMonitor( 1110): gettimer:interval=2000
12-12 17:08:40.727 D/HwArpVerifier( 1110): performPollAndLog:
12-12 17:08:40.734 D/hw_netstat( 1110): total/0/151,unknown:0/0/151
12-12 17:08:41.614 W/ResourceType( 1400): No package identifier when getting value for resource number 0x00000000
12-12 17:08:41.614 E/HwNotchUtils( 1400): setIconForView iconId is not found
12-12 17:08:41.616 W/ResourceType( 1400): No package identifier when getting value for resource number 0x00000000
12-12 17:08:41.617 E/HwNotchUtils( 1400): setIconForView iconId is not found
12-12 17:08:41.634 I/NetworkSpeedManagerEx( 1400): mIsStop = false
12-12 17:08:41.635 I/NetworkSpeedManagerEx( 1400):  runInThread getTetherStats
12-12 17:08:41.637 I/NetworkSpeedManagerEx( 1400):  runInUI refreshSpeed
12-12 17:08:41.639 I/NetworkSpeedManagerEx( 1400): value=23.666666speed = 24
12-12 17:08:41.639 I/NetworkSpeedManagerEx( 1400): B/smIsShowLastSpeedValuefalse
12-12 17:08:41.639 I/NetworkSpeedView( 1400): /update(), speed=24
12-12 17:08:41.639 I/NetworkSpeedView( 1400): B/s parent class:class com.android.systemui.statusbar.HwSystemIcons
12-12 17:08:41.668 I/NetworkSpeedManagerEx( 1400): mIsStop = false
12-12 17:08:41.669 I/NetworkSpeedManagerEx( 1400):  runInThread getTetherStats
12-12 17:08:41.673 I/NetworkSpeedManagerEx( 1400):  runInUI refreshSpeed
12-12 17:08:41.674 I/NetworkSpeedManagerEx( 1400): value=23.666666speed = 24
12-12 17:08:41.674 I/NetworkSpeedManagerEx( 1400): B/smIsShowLastSpeedValuefalse
12-12 17:08:41.675 I/NetworkSpeedView( 1400): /update(), speed=24
12-12 17:08:41.675 I/NetworkSpeedView( 1400): B/s parent class:class com.android.systemui.statusbar.HwSystemIcons
12-12 17:08:41.754 D/SmartcareProc( 1110): onSignalStrengthsChanged: signalStrength is: SignalStrength: 0 -2104660144 0 255 -1 -1 -1 -1 -1 -1 -66 -5 29 -1 0 -1 false gw|lte , on sub: 0
12-12 17:08:41.754 D/SmartcareProc( 1110): SignalStrength update result, ss: SignalStrengthInfo:232139666 mGsmSignalStrength: -1 mWcdmaRscp: -1 mWcdmaEcio: 255 mLteRsrp: -66 mLteRsrq: -5 mCdmaDbm: -1 mCdmaEcio: -1 mEvdoDbm: -1mEvdoEcio: -1mLteRssnr: 29
12-12 17:08:41.755 I/MQoS    ( 1110): onSignal: mSubId=0,currDataSubID=0
12-12 17:08:41.755 I/MQoS    ( 1110): received cell-signal:5
12-12 17:08:41.763 I/HwMobileSignalController(0)( 1400): subId:0 phoneType:1 networktype:13 targetClass:3 masterLevel:5 slaveLevel:-1
12-12 17:08:42.335 E/WifiHAL (  521): enter wifi_get_link_stats
12-12 17:08:42.346 E/wificond(  738): Failed to get NL80211_STA_INFO_CNAHLOAD
12-12 17:08:42.347 E/WificondControl( 1110): Noise: -94, Snr: 0, Chload: -1
12-12 17:08:42.347 D/HwWifiCHRStateManager( 1110): handleMessage : 1001
12-12 17:08:42.347 D/HwWifiCHRStateManager( 1110): handleUpdateChannel:2412
12-12 17:08:42.347 V/HwWifiServiceFactory( 1110): get AllImpl object = com.android.server.wifi.HwWifiServiceFactoryImpl@eb658ba
12-12 17:08:42.348 D/HwCustWifiStateMachineReferenceImpl( 1110): checkRssiOverThreshold newRssi = -40
12-12 17:08:42.348 D/WifiScoreReport( 1110): Score = 100, wifiConnectivityManagerEnabled = false, lowScoreCount = 0
12-12 17:08:42.416 I/TrafficMonitor( 1110): update:rxPkts:2,txPkts:0,rxBytes:406,txBytes:0
12-12 17:08:42.416 I/TrafficMonitor( 1110): start expired. level:-1
12-12 17:08:42.416 I/TrafficMonitor( 1110): gettimer:interval=2000
12-12 17:08:42.534 W/trace_@_31_12_@( 2396): 384.0#2.7979507#0.7956085
12-12 17:08:42.537 D/HwBatteryService( 1110): onUEvent fcpStatus = 0,scpStatus =0,ovpStatus=0
12-12 17:08:42.538 I/UsbDeviceManager( 1110): water_intrused state= 0
12-12 17:08:42.549 D/HwInnerWifiManagerImpl( 1110): SupplicantState = COMPLETED
12-12 17:08:42.549 D/HwInnerWifiManagerImpl( 1110): isPhoneAP = false
12-12 17:08:42.550 D/HwInnerWifiManagerImpl( 1110): SupplicantState = COMPLETED
12-12 17:08:42.550 D/HwInnerWifiManagerImpl( 1110): isPhoneAP = false
12-12 17:08:42.550 D/WifiStateMachine( 1110): mBcastReceiver: PluggedType = 2 mIsScanCtrlPluggedin = true
12-12 17:08:42.550 D/HwWifiService( 1110): mPluggedType =2
12-12 17:08:42.551 D/WifiService( 1110): onReceive, action:android.intent.action.BATTERY_CHANGED
12-12 17:08:42.551 D/WifiService( 1110): ACTION_BATTERY_CHANGED pluggedType: 2
12-12 17:08:42.554 I/DataSrv-10.3.0.301-O-1115-17:51-VSimDynamicBroadcastReceiver( 2934): reveive broadcast:android.intent.action.BATTERY_CHANGED
12-12 17:08:42.554 I/DataSrv-10.3.0.301-O-1115-17:51-BusinessAsyncExecutor( 2934): processBroadcast
12-12 17:08:42.554 I/DataSrv-10.3.0.301-O-1115-17:51-BusinessAsyncExecutor( 2934): processBroadcast do
12-12 17:08:42.555 D/KeyguardUpdateMonitor( 1400): received broadcast android.intent.action.BATTERY_CHANGED
12-12 17:08:42.555 W/KeyguardUpdateMonitor( 1400): ACTION_BATTERY_CHANGED AMP: 512000; Volt: 4700000
12-12 17:08:42.559 V/KeyguardUpdateMonitor( 1400): RefreshBatteryInfo isBatteryLow: 100
12-12 17:08:42.559 W/KeyguardUpdateMonitor( 1400): ChargingSpeed  Wattage: 2406400 ST: 5000000 --> 7500000
12-12 17:08:42.559 I/KgBattery( 1400): BatteryInfo updated:  5lPC0
12-12 17:08:42.559 W/AppHandler( 1400): sendMessage with obj100
12-12 17:08:42.559 D/KeyguardUpdateMonitor( 1400): handleBatteryUpdate
12-12 17:08:42.559 W/HwLockScreenPanel( 1400): refreshBatteryInfo: null
12-12 17:08:42.559 W/HwLockScreenPanel( 1400): Handle message: 100
12-12 17:08:42.560 I/MsgReceiver( 1830): intent action: android.intent.action.BATTERY_CHANGED
12-12 17:08:42.566 W/HwKeyguardBottomArea( 1400): updateBatteryInfo : false  true
12-12 17:08:42.571 I/DataSrv-10.3.0.301-O-1115-17:51-VSimService( 2934): onStartCommand
12-12 17:08:42.572 I/DataSrv-10.3.0.301-O-1115-17:51-VSimService( 2934): type: 2, android.intent.action.BATTERY_CHANGED
12-12 17:08:42.572 I/DataSrv-10.3.0.301-O-1115-17:51-VSimServiceImpl( 2934): Battery changed! Current status; 5
12-12 17:08:42.572 W/DataSrv-10.3.0.301-O-1115-17:51-VSimService( 2934): no matched type
12-12 17:08:42.592 I/DataSrv-10.3.0.301-O-1115-17:51-FenceData( 2934): getListFromDBCursor size: 74
12-12 17:08:42.595 I/DataSrv-10.3.0.301-O-1115-17:51-FenceDataFlow( 2934): All fence data has updated. No need to update.
12-12 17:08:42.693 E/wificond(  738): Failed to get NL80211_STA_INFO_CNAHLOAD
12-12 17:08:42.694 E/WificondControl( 1110): Noise: -94, Snr: 0, Chload: -1
12-12 17:08:42.694 D/HwWifiCHRStateManager( 1110): handleMessage : 1001
12-12 17:08:42.694 D/HwWifiCHRStateManager( 1110): handleUpdateChannel:2412
12-12 17:08:42.694 V/HwWifiServiceFactory( 1110): get AllImpl object = com.android.server.wifi.HwWifiServiceFactoryImpl@eb658ba
12-12 17:08:42.698 D/HuaweiWifiWatchdogStateMachine( 1110): LM mrssi=-40
12-12 17:08:42.698 D/HuaweiWifiWatchdogStateMachine( 1110): 90:94:**:**:68:dc current loss[-45]=0%, volume=14
12-12 17:08:42.698 D/HuaweiWifiWatchdogStateMachine( 1110): 90:94:**:**:68:dc history loss[-45]=0.47%, volume=2433948
12-12 17:08:42.698 I/HuaweiWifiWatchdogStateMachine( 1110): spd good count:0, add sc:0.0, rate:1.0
12-12 17:08:42.698 I/HuaweiWifiWatchdogStateMachine( 1110): current mHighDataFlowRate = 1.0
12-12 17:08:42.698 I/HuaweiWifiWatchdogStateMachine( 1110): POta txb txg rxg:0, 21, 0. Lr =0% Totpkt=21
12-12 17:08:42.699 D/WiFi_PRO( 1110): MSG_RETURN_AP_CURRY_RSSI rssi = -40
12-12 17:08:42.699 I/QosMonitor( 1110): queryRtt: rtt_type = 3
12-12 17:08:42.700 I/HwQoEJNI( 1110): send_cmd_kernel. begin
12-12 17:08:42.700 I/HwQoEJNI( 1110): send_cmd_kernel. end
12-12 17:08:42.700 I/QosMonitor( 1110): postEventFromNative: msg=100,arg1=4,arg2=10
12-12 17:08:42.700 I/HwQoEJNI( 1110): send_cmd_kernel. begin
12-12 17:08:42.700 I/HwQoEJNI( 1110): send_cmd_kernel. end
12-12 17:08:42.700 I/QosMonitor( 1110): postEventFromNative: msg=100,arg1=0,arg2=10
12-12 17:08:42.700 D/HuaweiWifiWatchdogStateMachine( 1110): setSampleRtt: unvalid rtt
12-12 17:08:42.700 I/MQoS    ( 1110): rtt=560,tcp_tx_pkts=164638,tcp_rx_pkts=161691
12-12 17:08:42.700 E/HwDualBandManager( 1110): MonitorState m24GRssi = -40
12-12 17:08:42.703 D/HuaweiWifiWatchdogStateMachine( 1110): dumpTcpResult: len=10,rtt=560,rttPkt=1,rttWn=37,cgt=16,cgtWn=5826448
12-12 17:08:42.703 I/HuaweiWifiWatchdogStateMachine( 1110): PTcp RTT:0, rtt pkt=0, tcp_rx=0, tcp_tx=3, tcp_reTran=0, rtRate=0
12-12 17:08:42.703 D/HuaweiWifiWatchdogStateMachine( 1110): mRssiBadCount =0, RSSI not bad.
12-12 17:08:42.703 D/HuaweiWifiWatchdogStateMachine( 1110): detectNetworkAvailable:hw.wifipro.dns_fail_count = 80
12-12 17:08:42.703 D/HuaweiWifiWatchdogStateMachine( 1110): detectNetworkAvailable: tcpTxPkts > 2
12-12 17:08:42.703 I/HuaweiWifiWatchdogStateMachine( 1110): rs ota tcp lr rttvb bad: false, false, false, false, false; rsth:-75
12-12 17:08:42.703 D/HuaweiWifiWatchdogStateMachine( 1110): GSC:0, GSR:1.0, RSR:1.0, RTH:-75
12-12 17:08:42.703 D/HuaweiWifiWatchdogStateMachine( 1110): goodperiod count=1, rb rttg sg =true, false, false
12-12 17:08:42.703 D/HuaweiWifiWatchdogStateMachine( 1110): bqeLevel = 2 rtt=0,rtt_pkts=0 speed=53 rssi=-40
12-12 17:08:42.703 D/HuaweiWifiWatchdogStateMachine( 1110): Enter updateQoeLevel level = 2
12-12 17:08:42.703 D/HuaweiWifiWatchdogStateMachine( 1110): updateQoeLevel current level equal to mLastDetectLevel, return
12-12 17:08:42.703 I/HuaweiWifiWatchdogStateMachine( 1110):  pkt chk not bad, reset sc to 0.
12-12 17:08:42.703 D/HuaweiWifiWatchdogStateMachine( 1110): ### mPktChkBadCnt=0
12-12 17:08:42.703 I/MQoS    ( 1110): QOS_level:5(5),wifi-link;use signalLvl:5;RAT:4G
12-12 17:08:43.065 D/HwWifiStatStore( 1110): handleMessage : 200
12-12 17:08:43.426 W/libc    (  824): Set property "ril.hw_modem0.rssi" to "-70"
12-12 17:08:43.431 W/libc    ( 1851): Set property "gsm.rssi.sim1" to "-70"
12-12 17:08:43.437 D/SmartcareProc( 1110): onSignalStrengthsChanged: signalStrength is: SignalStrength: 0 -2104660144 0 255 -1 -1 -1 -1 -1 -1 -66 -6 17 -1 0 -1 false gw|lte , on sub: 0
12-12 17:08:43.437 D/SmartcareProc( 1110): SignalStrength update result, ss: SignalStrengthInfo:232139666 mGsmSignalStrength: -1 mWcdmaRscp: -1 mWcdmaEcio: 255 mLteRsrp: -66 mLteRsrq: -6 mCdmaDbm: -1 mCdmaEcio: -1 mEvdoDbm: -1mEvdoEcio: -1mLteRssnr: 17
12-12 17:08:43.443 I/MQoS    ( 1110): onSignal: mSubId=0,currDataSubID=0
12-12 17:08:43.444 I/MQoS    ( 1110): received cell-signal:5
12-12 17:08:43.446 I/HwMobileSignalController(0)( 1400): subId:0 phoneType:1 networktype:13 targetClass:3 masterLevel:5 slaveLevel:-1
12-12 17:08:44.241 E/Thermal-daemon(  737): [charger_ic] temp_new :34  temp_old :33
12-12 17:08:44.242 I/ThermalService( 1830): Receive temperature change, type: 2, temp: 34 from thermald
12-12 17:08:44.243 E/Thermal-daemon(  737): Report temperature: [charger_ic] temp :34  report_threshold:1
12-12 17:08:44.419 I/TrafficMonitor( 1110): update:rxPkts:3,txPkts:0,rxBytes:608,txBytes:0
12-12 17:08:44.419 I/TrafficMonitor( 1110): start expired. level:-1
12-12 17:08:44.419 I/TrafficMonitor( 1110): gettimer:interval=2000
12-12 17:08:44.642 I/NetworkSpeedManagerEx( 1400): mIsStop = false
12-12 17:08:44.642 I/NetworkSpeedManagerEx( 1400):  runInThread getTetherStats
12-12 17:08:44.643 I/NetworkSpeedManagerEx( 1400):  runInUI refreshSpeed
12-12 17:08:44.645 I/NetworkSpeedManagerEx( 1400): value=338.0speed = 338
12-12 17:08:44.645 I/NetworkSpeedManagerEx( 1400): B/smIsShowLastSpeedValuefalse
12-12 17:08:44.645 I/NetworkSpeedView( 1400): /update(), speed=338
12-12 17:08:44.645 I/NetworkSpeedView( 1400): B/s parent class:class com.android.systemui.statusbar.HwSystemIcons
12-12 17:08:44.675 I/NetworkSpeedManagerEx( 1400): mIsStop = false
12-12 17:08:44.676 I/NetworkSpeedManagerEx( 1400):  runInThread getTetherStats
12-12 17:08:44.678 I/NetworkSpeedManagerEx( 1400):  runInUI refreshSpeed
12-12 17:08:44.680 I/NetworkSpeedManagerEx( 1400): value=338.0speed = 338
12-12 17:08:44.680 I/NetworkSpeedManagerEx( 1400): B/smIsShowLastSpeedValuefalse
12-12 17:08:44.680 I/NetworkSpeedView( 1400): /update(), speed=338
12-12 17:08:44.680 I/NetworkSpeedView( 1400): B/s parent class:class com.android.systemui.statusbar.HwSystemIcons
12-12 17:08:44.705 W/libc    (  824): Set property "ril.hw_modem0.rssi" to "-70"
12-12 17:08:45.351 E/WifiHAL (  521): enter wifi_get_link_stats
12-12 17:08:45.365 E/WificondControl( 1110): Noise: -94, Snr: 0, Chload: -1
12-12 17:08:45.365 D/HwWifiCHRStateManager( 1110): handleMessage : 1001
12-12 17:08:45.366 D/HwWifiCHRStateManager( 1110): handleUpdateChannel:2412
12-12 17:08:45.366 V/HwWifiServiceFactory( 1110): get AllImpl object = com.android.server.wifi.HwWifiServiceFactoryImpl@eb658ba
12-12 17:08:45.367 D/HwCustWifiStateMachineReferenceImpl( 1110): checkRssiOverThreshold newRssi = -39
12-12 17:08:45.367 D/WifiScoreReport( 1110): Score = 100, wifiConnectivityManagerEnabled = false, lowScoreCount = 0
12-12 17:08:45.414 I/TrafficMonitor( 1110): expired arrive. level:-1
12-12 17:08:45.414 I/TrafficMonitor( 1110): during_ms:2003,period_ms:2000
12-12 17:08:45.414 I/TrafficMonitor( 1110): count:499,rx_sum:3,tx_sum:0,rxBytes:608,during_ms:2003,rx_speed:303.54468297553666,tx_speed:0.0,rto:0.0
12-12 17:08:45.414 D/HuaweiWifiWatchdogStateMachine( 1110): speed: rxpkt:3, rxSpd:303B/s, txpkt:0, txSpd:0
12-12 17:08:45.687 D/HwArpVerifier( 1110): check_wifi_state_mode = 0 mCheckStateToken=68 token68
12-12 17:08:45.688 D/wifiserviceimpl( 1110): netmask =16777215
12-12 17:08:45.762 D/HWMultiGW( 1110): setGateWay 192.168.3.1
12-12 17:08:45.985 W/libc    (  824): Set property "ril.hw_modem0.rssi" to "-66"
12-12 17:08:45.997 W/libc    ( 1851): Set property "gsm.rssi.sim1" to "-66"
12-12 17:08:46.070 D/HwWifiStatStore( 1110): handleMessage : 200
12-12 17:08:46.421 I/TrafficMonitor( 1110): update:rxPkts:2,txPkts:0,rxBytes:404,txBytes:0
12-12 17:08:46.421 I/TrafficMonitor( 1110): start expired. level:-1
12-12 17:08:46.421 I/TrafficMonitor( 1110): gettimer:interval=2000
12-12 17:08:46.764 D/HwArpVerifier( 1110): getGateWayARPResponses: arp rtt = 12
12-12 17:08:46.765 E/HwCHRWifiRSSIGroupSummery( 1110): updatArpSummery mRSSI:-39  HwCHRWifiRSSIGroup [rssi_index=4, rtt_tcp_packets=0, rtt_tcp_duration=0, rtt_lan_duration=12484, rtt_lan_failures=1, rtt_lan_succ=469, rtt_lan_max=794, rtt_lan_min=1,same_area_frequency=0,adjacent_area_frequency=0]
12-12 17:08:46.862 D/HwArpVerifier( 1110): There are 1 mac address for gateway 
12-12 17:08:46.862 D/HwArpVerifier( 1110): from HEART_CHECK transmit to state:HEART_CHECK
12-12 17:08:46.862 D/HwArpVerifier( 1110): msg what=124 arg1(token)=68 arg2(mode)=0 delay=30000
12-12 17:08:46.862 D/HwArpVerifier( 1110): performPollAndLog:
12-12 17:08:46.869 D/hw_netstat( 1110): total/0/0
12-12 17:08:47.263 W/libc    (  824): Set property "ril.hw_modem0.rssi" to "-70"
12-12 17:08:47.269 W/libc    ( 1851): Set property "gsm.rssi.sim1" to "-70"
12-12 17:08:47.649 I/NetworkSpeedManagerEx( 1400): mIsStop = false
12-12 17:08:47.649 I/NetworkSpeedManagerEx( 1400):  runInThread getTetherStats
12-12 17:08:47.651 I/NetworkSpeedManagerEx( 1400):  runInUI refreshSpeed
12-12 17:08:47.653 I/NetworkSpeedManagerEx( 1400): value=202.0speed = 202
12-12 17:08:47.653 I/NetworkSpeedManagerEx( 1400): B/smIsShowLastSpeedValuefalse
12-12 17:08:47.653 I/NetworkSpeedView( 1400): /update(), speed=202
12-12 17:08:47.653 I/NetworkSpeedView( 1400): B/s parent class:class com.android.systemui.statusbar.HwSystemIcons
12-12 17:08:47.681 I/NetworkSpeedManagerEx( 1400): mIsStop = false
12-12 17:08:47.682 I/NetworkSpeedManagerEx( 1400):  runInThread getTetherStats
12-12 17:08:47.684 I/NetworkSpeedManagerEx( 1400):  runInUI refreshSpeed
12-12 17:08:47.685 I/NetworkSpeedManagerEx( 1400): value=202.0speed = 202
12-12 17:08:47.685 I/NetworkSpeedManagerEx( 1400): B/smIsShowLastSpeedValuefalse
12-12 17:08:47.685 I/NetworkSpeedView( 1400): /update(), speed=202
12-12 17:08:47.685 I/NetworkSpeedView( 1400): B/s parent class:class com.android.systemui.statusbar.HwSystemIcons
12-12 17:08:48.371 E/WifiHAL (  521): enter wifi_get_link_stats
12-12 17:08:48.382 E/WificondControl( 1110): Noise: -94, Snr: 0, Chload: -1
12-12 17:08:48.382 D/HwWifiCHRStateManager( 1110): handleMessage : 1001
12-12 17:08:48.382 D/HwWifiCHRStateManager( 1110): handleUpdateChannel:2412
12-12 17:08:48.382 V/HwWifiServiceFactory( 1110): get AllImpl object = com.android.server.wifi.HwWifiServiceFactoryImpl@eb658ba
12-12 17:08:48.383 D/HwCustWifiStateMachineReferenceImpl( 1110): checkRssiOverThreshold newRssi = -39
12-12 17:08:48.383 D/WifiScoreReport( 1110): Score = 100, wifiConnectivityManagerEnabled = false, lowScoreCount = 0
12-12 17:08:48.422 I/TrafficMonitor( 1110): update:rxPkts:1,txPkts:0,rxBytes:202,txBytes:0
12-12 17:08:48.422 I/TrafficMonitor( 1110): start expired. level:-1
12-12 17:08:48.422 I/TrafficMonitor( 1110): gettimer:interval=2000
12-12 17:08:48.552 W/libc    (  824): Set property "ril.hw_modem0.rssi" to "-68"
12-12 17:08:48.558 W/libc    ( 1851): Set property "gsm.rssi.sim1" to "-68"
12-12 17:08:48.631 W/ResourceType( 1400): No package identifier when getting value for resource number 0x00000000
12-12 17:08:48.631 E/HwNotchUtils( 1400): setIconForView iconId is not found
12-12 17:08:48.633 W/ResourceType( 1400): No package identifier when getting value for resource number 0x00000000
12-12 17:08:48.634 E/HwNotchUtils( 1400): setIconForView iconId is not found
12-12 17:08:49.072 D/HwWifiStatStore( 1110): handleMessage : 200
12-12 17:08:49.249 E/Thermal-daemon(  737): [flash_led] temp_new :34  temp_old :33
12-12 17:08:49.249 I/ThermalService( 1830): Receive temperature change, type: 3, temp: 34 from thermald
12-12 17:08:49.250 E/Thermal-daemon(  737): Report temperature: [flash_led] temp :34  report_threshold:1
12-12 17:08:49.251 E/Thermal-daemon(  737): [ap] temp_new :37  temp_old :36
12-12 17:08:49.251 I/ThermalService( 1830): Receive temperature change, type: 0, temp: 37 from thermald
12-12 17:08:49.252 D/HwThermalStateManager( 1830): Thermal type: 0 cur_temperature:37
12-12 17:08:49.252 E/Thermal-daemon(  737): Report temperature: [ap] temp :37  report_threshold:1
12-12 17:08:49.439 D/SmartcareProc( 1110): onSignalStrengthsChanged: signalStrength is: SignalStrength: 0 -2104660144 0 255 -1 -1 -1 -1 -1 -1 -66 -6 17 -1 0 -1 false gw|lte , on sub: 0
12-12 17:08:49.439 D/SmartcareProc( 1110): SignalStrength update result, ss: SignalStrengthInfo:232139666 mGsmSignalStrength: -1 mWcdmaRscp: -1 mWcdmaEcio: 255 mLteRsrp: -66 mLteRsrq: -6 mCdmaDbm: -1 mCdmaEcio: -1 mEvdoDbm: -1mEvdoEcio: -1mLteRssnr: 17
12-12 17:08:49.443 I/MQoS    ( 1110): onSignal: mSubId=0,currDataSubID=0
12-12 17:08:49.444 I/MQoS    ( 1110): received cell-signal:5
12-12 17:08:49.449 I/HwMobileSignalController(0)( 1400): subId:0 phoneType:1 networktype:13 targetClass:3 masterLevel:5 slaveLevel:-1
12-12 17:08:49.820 W/libc    (  824): Set property "ril.hw_modem0.rssi" to "-72"
12-12 17:08:49.827 W/libc    ( 1851): Set property "gsm.rssi.sim1" to "-72"
12-12 17:08:50.424 I/TrafficMonitor( 1110): update:rxPkts:0,txPkts:0,rxBytes:0,txBytes:0
12-12 17:08:50.424 I/TrafficMonitor( 1110): start expired. level:-1
12-12 17:08:50.424 I/TrafficMonitor( 1110): gettimer:interval=2000
12-12 17:08:50.655 I/NetworkSpeedManagerEx( 1400): mIsStop = false
12-12 17:08:50.656 I/NetworkSpeedManagerEx( 1400):  runInThread getTetherStats
12-12 17:08:50.658 I/NetworkSpeedManagerEx( 1400):  runInUI refreshSpeed
12-12 17:08:50.659 I/NetworkSpeedManagerEx( 1400): value=0.0speed = 0
12-12 17:08:50.659 I/NetworkSpeedManagerEx( 1400): K/smIsShowLastSpeedValuefalse
12-12 17:08:50.659 I/NetworkSpeedView( 1400): /update(), speed=0
12-12 17:08:50.659 I/NetworkSpeedView( 1400): K/s parent class:class com.android.systemui.statusbar.HwSystemIcons
12-12 17:08:50.686 I/NetworkSpeedManagerEx( 1400): mIsStop = false
12-12 17:08:50.686 I/NetworkSpeedManagerEx( 1400):  runInThread getTetherStats
12-12 17:08:50.688 I/NetworkSpeedManagerEx( 1400):  runInUI refreshSpeed
12-12 17:08:50.690 I/NetworkSpeedManagerEx( 1400): value=0.0speed = 0
12-12 17:08:50.690 I/NetworkSpeedManagerEx( 1400): K/smIsShowLastSpeedValuefalse
12-12 17:08:50.690 I/NetworkSpeedView( 1400): /update(), speed=0
12-12 17:08:50.690 I/NetworkSpeedView( 1400): K/s parent class:class com.android.systemui.statusbar.HwSystemIcons
12-12 17:08:50.700 E/WificondControl( 1110): Noise: -94, Snr: 0, Chload: -1
12-12 17:08:50.702 D/HwWifiCHRStateManager( 1110): handleMessage : 1001
12-12 17:08:50.702 D/HwWifiCHRStateManager( 1110): handleUpdateChannel:2412
12-12 17:08:50.702 V/HwWifiServiceFactory( 1110): get AllImpl object = com.android.server.wifi.HwWifiServiceFactoryImpl@eb658ba
12-12 17:08:50.707 D/HuaweiWifiWatchdogStateMachine( 1110): LM mrssi=-39
12-12 17:08:50.707 D/WiFi_PRO( 1110): MSG_RETURN_AP_CURRY_RSSI rssi = -39
12-12 17:08:50.707 D/HuaweiWifiWatchdogStateMachine( 1110): 90:94:**:**:68:dc current loss[-45]=0%, volume=12
12-12 17:08:50.707 I/QosMonitor( 1110): queryRtt: rtt_type = 3
12-12 17:08:50.707 D/HuaweiWifiWatchdogStateMachine( 1110): 90:94:**:**:68:dc history loss[-45]=0.47%, volume=2433960
12-12 17:08:50.707 I/HwQoEJNI( 1110): send_cmd_kernel. begin
12-12 17:08:50.707 I/HuaweiWifiWatchdogStateMachine( 1110): spd good count:0, add sc:0.0, rate:1.0
12-12 17:08:50.707 I/HwQoEJNI( 1110): send_cmd_kernel. end
12-12 17:08:50.708 I/QosMonitor( 1110): postEventFromNative: msg=100,arg1=4,arg2=10
12-12 17:08:50.708 D/HuaweiWifiWatchdogStateMachine( 1110): setSampleRtt: unvalid rtt
12-12 17:08:50.708 D/HuaweiWifiWatchdogStateMachine( 1110): high data flow: protection_counter = 0,  not_detect_counter = 342
12-12 17:08:50.708 E/HwDualBandManager( 1110): MonitorState m24GRssi = -39
12-12 17:08:50.708 D/HuaweiWifiWatchdogStateMachine( 1110): high data flow scenario: 0 --> 0 rx bytes =2KB
12-12 17:08:50.708 I/HuaweiWifiWatchdogStateMachine( 1110): current mHighDataFlowRate = 1.0
12-12 17:08:50.708 I/HuaweiWifiWatchdogStateMachine( 1110): POta txb txg rxg:0, 12, 0. Lr =0% Totpkt=12
12-12 17:08:50.709 I/HwQoEJNI( 1110): send_cmd_kernel. begin
12-12 17:08:50.709 I/HwQoEJNI( 1110): send_cmd_kernel. end
12-12 17:08:50.709 I/QosMonitor( 1110): postEventFromNative: msg=100,arg1=0,arg2=10
12-12 17:08:50.709 I/MQoS    ( 1110): rtt=560,tcp_tx_pkts=164638,tcp_rx_pkts=161691
12-12 17:08:50.711 D/HuaweiWifiWatchdogStateMachine( 1110): dumpTcpResult: len=10,rtt=560,rttPkt=1,rttWn=45,cgt=0,cgtWn=0
12-12 17:08:50.711 I/HuaweiWifiWatchdogStateMachine( 1110): PTcp RTT:0, rtt pkt=0, tcp_rx=0, tcp_tx=0, tcp_reTran=0, rtRate=0
12-12 17:08:50.711 D/HuaweiWifiWatchdogStateMachine( 1110): mRssiBadCount =0, RSSI not bad.
12-12 17:08:50.711 D/HuaweiWifiWatchdogStateMachine( 1110): detectNetworkAvailable:hw.wifipro.dns_fail_count = 80
12-12 17:08:50.711 D/HuaweiWifiWatchdogStateMachine( 1110): bqeLevel = 2 rtt=0,rtt_pkts=0 speed=303 rssi=-39
12-12 17:08:50.712 D/HuaweiWifiWatchdogStateMachine( 1110): Enter updateQoeLevel level = 2
12-12 17:08:50.712 D/HuaweiWifiWatchdogStateMachine( 1110): updateQoeLevel current level equal to mLastDetectLevel, return
12-12 17:08:50.712 D/HuaweiWifiWatchdogStateMachine( 1110): did not have any network action
12-12 17:08:50.714 I/MQoS    ( 1110): QOS_level:5(5),wifi-link;use signalLvl:5;RAT:4G
12-12 17:08:51.385 E/WifiHAL (  521): enter wifi_get_link_stats
12-12 17:08:51.400 E/WificondControl( 1110): Noise: -94, Snr: 0, Chload: -1
